Archive member included because of file (symbol)

d:/me/ee/courses/tools/imt_sdk_win_64/winavr/bin/../lib/gcc/avr/4.3.3/avr5\libgcc.a(_udivmodhi4.o)
                              ./Src/LCD4_Program.o (__udivmodhi4)
d:/me/ee/courses/tools/imt_sdk_win_64/winavr/bin/../lib/gcc/avr/4.3.3/avr5\libgcc.a(_exit.o)
                              d:/me/ee/courses/tools/imt_sdk_win_64/winavr/bin/../lib/gcc/avr/4.3.3/../../../../avr/lib/avr5/crtm32.o (exit)
d:/me/ee/courses/tools/imt_sdk_win_64/winavr/bin/../lib/gcc/avr/4.3.3/avr5\libgcc.a(_copy_data.o)
                              ./Src/KEYPAD_Program.o (__do_copy_data)
d:/me/ee/courses/tools/imt_sdk_win_64/winavr/bin/../lib/gcc/avr/4.3.3/avr5\libgcc.a(_clear_bss.o)
                              ./Src/ADC_Program.o (__do_clear_bss)
d:/me/ee/courses/tools/imt_sdk_win_64/winavr/bin/../lib/gcc/avr/4.3.3/avr5\libgcc.a(_fixunssfsi.o)
                              ./Src/DCMOTOR_Program.o (__fixunssfsi)
d:/me/ee/courses/tools/imt_sdk_win_64/winavr/bin/../lib/gcc/avr/4.3.3/avr5\libgcc.a(_addsub_sf.o)
                              d:/me/ee/courses/tools/imt_sdk_win_64/winavr/bin/../lib/gcc/avr/4.3.3/avr5\libgcc.a(_fixunssfsi.o) (__subsf3)
d:/me/ee/courses/tools/imt_sdk_win_64/winavr/bin/../lib/gcc/avr/4.3.3/avr5\libgcc.a(_mul_sf.o)
                              ./Src/DCMOTOR_Program.o (__mulsf3)
d:/me/ee/courses/tools/imt_sdk_win_64/winavr/bin/../lib/gcc/avr/4.3.3/avr5\libgcc.a(_div_sf.o)
                              ./Src/LCD4_Program.o (__divsf3)
d:/me/ee/courses/tools/imt_sdk_win_64/winavr/bin/../lib/gcc/avr/4.3.3/avr5\libgcc.a(_gt_sf.o)
                              ./Src/DCMOTOR_Program.o (__gtsf2)
d:/me/ee/courses/tools/imt_sdk_win_64/winavr/bin/../lib/gcc/avr/4.3.3/avr5\libgcc.a(_ge_sf.o)
                              d:/me/ee/courses/tools/imt_sdk_win_64/winavr/bin/../lib/gcc/avr/4.3.3/avr5\libgcc.a(_fixunssfsi.o) (__gesf2)
d:/me/ee/courses/tools/imt_sdk_win_64/winavr/bin/../lib/gcc/avr/4.3.3/avr5\libgcc.a(_lt_sf.o)
                              ./Src/DCMOTOR_Program.o (__ltsf2)
d:/me/ee/courses/tools/imt_sdk_win_64/winavr/bin/../lib/gcc/avr/4.3.3/avr5\libgcc.a(_sf_to_si.o)
                              d:/me/ee/courses/tools/imt_sdk_win_64/winavr/bin/../lib/gcc/avr/4.3.3/avr5\libgcc.a(_fixunssfsi.o) (__fixsfsi)
d:/me/ee/courses/tools/imt_sdk_win_64/winavr/bin/../lib/gcc/avr/4.3.3/avr5\libgcc.a(_thenan_sf.o)
                              d:/me/ee/courses/tools/imt_sdk_win_64/winavr/bin/../lib/gcc/avr/4.3.3/avr5\libgcc.a(_addsub_sf.o) (__thenan_sf)
d:/me/ee/courses/tools/imt_sdk_win_64/winavr/bin/../lib/gcc/avr/4.3.3/avr5\libgcc.a(_prologue.o)
                              d:/me/ee/courses/tools/imt_sdk_win_64/winavr/bin/../lib/gcc/avr/4.3.3/avr5\libgcc.a(_addsub_sf.o) (__prologue_saves__)
d:/me/ee/courses/tools/imt_sdk_win_64/winavr/bin/../lib/gcc/avr/4.3.3/avr5\libgcc.a(_epilogue.o)
                              d:/me/ee/courses/tools/imt_sdk_win_64/winavr/bin/../lib/gcc/avr/4.3.3/avr5\libgcc.a(_addsub_sf.o) (__epilogue_restores__)
d:/me/ee/courses/tools/imt_sdk_win_64/winavr/bin/../lib/gcc/avr/4.3.3/avr5\libgcc.a(_pack_sf.o)
                              d:/me/ee/courses/tools/imt_sdk_win_64/winavr/bin/../lib/gcc/avr/4.3.3/avr5\libgcc.a(_addsub_sf.o) (__pack_f)
d:/me/ee/courses/tools/imt_sdk_win_64/winavr/bin/../lib/gcc/avr/4.3.3/avr5\libgcc.a(_unpack_sf.o)
                              d:/me/ee/courses/tools/imt_sdk_win_64/winavr/bin/../lib/gcc/avr/4.3.3/avr5\libgcc.a(_addsub_sf.o) (__unpack_f)
d:/me/ee/courses/tools/imt_sdk_win_64/winavr/bin/../lib/gcc/avr/4.3.3/avr5\libgcc.a(_fpcmp_parts_sf.o)
                              d:/me/ee/courses/tools/imt_sdk_win_64/winavr/bin/../lib/gcc/avr/4.3.3/avr5\libgcc.a(_gt_sf.o) (__fpcmp_parts_f)
d:/me/ee/courses/tools/imt_sdk_win_64/winavr/bin/../lib/gcc/avr/4.3.3/../../../../avr/lib/avr5\libc.a(memcpy.o)
                              ./OS/queue.o (memcpy)
d:/me/ee/courses/tools/imt_sdk_win_64/winavr/bin/../lib/gcc/avr/4.3.3/../../../../avr/lib/avr5\libc.a(memset.o)
                              ./OS/tasks.o (memset)
d:/me/ee/courses/tools/imt_sdk_win_64/winavr/bin/../lib/gcc/avr/4.3.3/../../../../avr/lib/avr5\libc.a(strncpy.o)
                              ./OS/tasks.o (strncpy)

Allocating common symbols
Common symbol       size              file

RTOS_AOfTasks       0x12              ./Src/RTOS_Program.o

Memory Configuration

Name             Origin             Length             Attributes
text             0x00000000         0x00020000         xr
data             0x00800060         0x0000ffa0         rw !x
eeprom           0x00810000         0x00010000         rw !x
fuse             0x00820000         0x00000400         rw !x
lock             0x00830000         0x00000400         rw !x
signature        0x00840000         0x00000400         rw !x
*default*        0x00000000         0xffffffff

Linker script and memory map

LOAD d:/me/ee/courses/tools/imt_sdk_win_64/winavr/bin/../lib/gcc/avr/4.3.3/../../../../avr/lib/avr5/crtm32.o
LOAD ./Src/ADC_Program.o
LOAD ./Src/DCMOTOR_Program.o
LOAD ./Src/DIO_Program.o
LOAD ./Src/EXTI_Program.o
LOAD ./Src/GI_Program.o
LOAD ./Src/KEYPAD_Program.o
LOAD ./Src/LCD4_Program.o
LOAD ./Src/LCD8_Program.o
LOAD ./Src/RTOS_Program.o
LOAD ./Src/SSD_Program.o
LOAD ./Src/STEPPER_Program.o
LOAD ./Src/TIMER0_Program.o
LOAD ./Src/main.o
LOAD ./OS/croutine.o
LOAD ./OS/heap_1.o
LOAD ./OS/list.o
LOAD ./OS/port.o
LOAD ./OS/queue.o
LOAD ./OS/tasks.o
LOAD ./OS/timers.o
LOAD d:/me/ee/courses/tools/imt_sdk_win_64/winavr/bin/../lib/gcc/avr/4.3.3/avr5\libgcc.a
LOAD d:/me/ee/courses/tools/imt_sdk_win_64/winavr/bin/../lib/gcc/avr/4.3.3/../../../../avr/lib/avr5\libc.a
LOAD d:/me/ee/courses/tools/imt_sdk_win_64/winavr/bin/../lib/gcc/avr/4.3.3/avr5\libgcc.a

.hash
 *(.hash)

.dynsym
 *(.dynsym)

.dynstr
 *(.dynstr)

.gnu.version
 *(.gnu.version)

.gnu.version_d
 *(.gnu.version_d)

.gnu.version_r
 *(.gnu.version_r)

.rel.init
 *(.rel.init)

.rela.init
 *(.rela.init)

.rel.text
 *(.rel.text)
 *(.rel.text.*)
 *(.rel.gnu.linkonce.t*)

.rela.text
 *(.rela.text)
 *(.rela.text.*)
 *(.rela.gnu.linkonce.t*)

.rel.fini
 *(.rel.fini)

.rela.fini
 *(.rela.fini)

.rel.rodata
 *(.rel.rodata)
 *(.rel.rodata.*)
 *(.rel.gnu.linkonce.r*)

.rela.rodata
 *(.rela.rodata)
 *(.rela.rodata.*)
 *(.rela.gnu.linkonce.r*)

.rel.data
 *(.rel.data)
 *(.rel.data.*)
 *(.rel.gnu.linkonce.d*)

.rela.data
 *(.rela.data)
 *(.rela.data.*)
 *(.rela.gnu.linkonce.d*)

.rel.ctors
 *(.rel.ctors)

.rela.ctors
 *(.rela.ctors)

.rel.dtors
 *(.rel.dtors)

.rela.dtors
 *(.rela.dtors)

.rel.got
 *(.rel.got)

.rela.got
 *(.rela.got)

.rel.bss
 *(.rel.bss)

.rela.bss
 *(.rela.bss)

.rel.plt
 *(.rel.plt)

.rela.plt
 *(.rela.plt)

.text           0x00000000     0x7504
 *(.vectors)
 .vectors       0x00000000       0x54 d:/me/ee/courses/tools/imt_sdk_win_64/winavr/bin/../lib/gcc/avr/4.3.3/../../../../avr/lib/avr5/crtm32.o
                0x00000000                __vectors
                0x00000000                __vector_default
 *(.vectors)
 *(.progmem.gcc*)
 *(.progmem*)
                0x00000054                . = ALIGN (0x2)
                0x00000054                __trampolines_start = .
 *(.trampolines)
 .trampolines   0x00000054        0x0 linker stubs
 *(.trampolines*)
                0x00000054                __trampolines_end = .
 *(.jumptables)
 *(.jumptables*)
 *(.lowtext)
 *(.lowtext*)
                0x00000054                __ctors_start = .
 *(.ctors)
                0x00000054                __ctors_end = .
                0x00000054                __dtors_start = .
 *(.dtors)
                0x00000054                __dtors_end = .
 SORT(*)(.ctors)
 SORT(*)(.dtors)
 *(.init0)
 .init0         0x00000054        0x0 d:/me/ee/courses/tools/imt_sdk_win_64/winavr/bin/../lib/gcc/avr/4.3.3/../../../../avr/lib/avr5/crtm32.o
                0x00000054                __init
 *(.init0)
 *(.init1)
 *(.init1)
 *(.init2)
 .init2         0x00000054        0xc d:/me/ee/courses/tools/imt_sdk_win_64/winavr/bin/../lib/gcc/avr/4.3.3/../../../../avr/lib/avr5/crtm32.o
 *(.init2)
 *(.init3)
 *(.init3)
 *(.init4)
 .init4         0x00000060       0x16 d:/me/ee/courses/tools/imt_sdk_win_64/winavr/bin/../lib/gcc/avr/4.3.3/avr5\libgcc.a(_copy_data.o)
                0x00000060                __do_copy_data
 .init4         0x00000076       0x10 d:/me/ee/courses/tools/imt_sdk_win_64/winavr/bin/../lib/gcc/avr/4.3.3/avr5\libgcc.a(_clear_bss.o)
                0x00000076                __do_clear_bss
 *(.init4)
 *(.init5)
 *(.init5)
 *(.init6)
 *(.init6)
 *(.init7)
 *(.init7)
 *(.init8)
 *(.init8)
 *(.init9)
 .init9         0x00000086        0x8 d:/me/ee/courses/tools/imt_sdk_win_64/winavr/bin/../lib/gcc/avr/4.3.3/../../../../avr/lib/avr5/crtm32.o
 *(.init9)
 *(.text)
 .text          0x0000008e        0x4 d:/me/ee/courses/tools/imt_sdk_win_64/winavr/bin/../lib/gcc/avr/4.3.3/../../../../avr/lib/avr5/crtm32.o
                0x0000008e                __vector_12
                0x0000008e                __bad_interrupt
                0x0000008e                __vector_6
                0x0000008e                __vector_13
                0x0000008e                __vector_17
                0x0000008e                __vector_19
                0x0000008e                __vector_5
                0x0000008e                __vector_4
                0x0000008e                __vector_9
                0x0000008e                __vector_15
                0x0000008e                __vector_8
                0x0000008e                __vector_14
                0x0000008e                __vector_18
                0x0000008e                __vector_20
 .text          0x00000092        0x0 ./Src/ADC_Program.o
 .text          0x00000092        0x0 ./Src/DCMOTOR_Program.o
 .text          0x00000092        0x0 ./Src/DIO_Program.o
 .text          0x00000092        0x0 ./Src/EXTI_Program.o
 .text          0x00000092        0x0 ./Src/GI_Program.o
 .text          0x00000092        0x0 ./Src/KEYPAD_Program.o
 .text          0x00000092        0x0 ./Src/LCD4_Program.o
 .text          0x00000092        0x0 ./Src/LCD8_Program.o
 .text          0x00000092        0x0 ./Src/RTOS_Program.o
 .text          0x00000092        0x0 ./Src/SSD_Program.o
 .text          0x00000092        0x0 ./Src/STEPPER_Program.o
 .text          0x00000092        0x0 ./Src/TIMER0_Program.o
 .text          0x00000092        0x0 ./Src/main.o
 .text          0x00000092        0x0 ./OS/croutine.o
 .text          0x00000092        0x0 ./OS/heap_1.o
 .text          0x00000092        0x0 ./OS/list.o
 .text          0x00000092        0x0 ./OS/port.o
 .text          0x00000092        0x0 ./OS/queue.o
 .text          0x00000092        0x0 ./OS/tasks.o
 .text          0x00000092        0x0 ./OS/timers.o
 .text          0x00000092        0x0 d:/me/ee/courses/tools/imt_sdk_win_64/winavr/bin/../lib/gcc/avr/4.3.3/avr5\libgcc.a(_udivmodhi4.o)
 .text          0x00000092        0x0 d:/me/ee/courses/tools/imt_sdk_win_64/winavr/bin/../lib/gcc/avr/4.3.3/avr5\libgcc.a(_exit.o)
 .text          0x00000092        0x0 d:/me/ee/courses/tools/imt_sdk_win_64/winavr/bin/../lib/gcc/avr/4.3.3/avr5\libgcc.a(_copy_data.o)
 .text          0x00000092        0x0 d:/me/ee/courses/tools/imt_sdk_win_64/winavr/bin/../lib/gcc/avr/4.3.3/avr5\libgcc.a(_clear_bss.o)
 .text          0x00000092       0x58 d:/me/ee/courses/tools/imt_sdk_win_64/winavr/bin/../lib/gcc/avr/4.3.3/avr5\libgcc.a(_fixunssfsi.o)
                0x00000092                __fixunssfsi
 .text          0x000000ea      0x354 d:/me/ee/courses/tools/imt_sdk_win_64/winavr/bin/../lib/gcc/avr/4.3.3/avr5\libgcc.a(_addsub_sf.o)
                0x00000382                __subsf3
                0x000003e4                __addsf3
 .text          0x0000043e      0x1f4 d:/me/ee/courses/tools/imt_sdk_win_64/winavr/bin/../lib/gcc/avr/4.3.3/avr5\libgcc.a(_mul_sf.o)
                0x0000043e                __mulsf3
 .text          0x00000632      0x158 d:/me/ee/courses/tools/imt_sdk_win_64/winavr/bin/../lib/gcc/avr/4.3.3/avr5\libgcc.a(_div_sf.o)
                0x00000632                __divsf3
 .text          0x0000078a       0x60 d:/me/ee/courses/tools/imt_sdk_win_64/winavr/bin/../lib/gcc/avr/4.3.3/avr5\libgcc.a(_gt_sf.o)
                0x0000078a                __gtsf2
 .text          0x000007ea       0x60 d:/me/ee/courses/tools/imt_sdk_win_64/winavr/bin/../lib/gcc/avr/4.3.3/avr5\libgcc.a(_ge_sf.o)
                0x000007ea                __gesf2
 .text          0x0000084a       0x60 d:/me/ee/courses/tools/imt_sdk_win_64/winavr/bin/../lib/gcc/avr/4.3.3/avr5\libgcc.a(_lt_sf.o)
                0x0000084a                __ltsf2
 .text          0x000008aa       0xa8 d:/me/ee/courses/tools/imt_sdk_win_64/winavr/bin/../lib/gcc/avr/4.3.3/avr5\libgcc.a(_sf_to_si.o)
                0x000008aa                __fixsfsi
 .text          0x00000952        0x0 d:/me/ee/courses/tools/imt_sdk_win_64/winavr/bin/../lib/gcc/avr/4.3.3/avr5\libgcc.a(_thenan_sf.o)
 .text          0x00000952        0x0 d:/me/ee/courses/tools/imt_sdk_win_64/winavr/bin/../lib/gcc/avr/4.3.3/avr5\libgcc.a(_prologue.o)
 .text          0x00000952        0x0 d:/me/ee/courses/tools/imt_sdk_win_64/winavr/bin/../lib/gcc/avr/4.3.3/avr5\libgcc.a(_epilogue.o)
 .text          0x00000952      0x1aa d:/me/ee/courses/tools/imt_sdk_win_64/winavr/bin/../lib/gcc/avr/4.3.3/avr5\libgcc.a(_pack_sf.o)
                0x00000952                __pack_f
 .text          0x00000afc       0xf0 d:/me/ee/courses/tools/imt_sdk_win_64/winavr/bin/../lib/gcc/avr/4.3.3/avr5\libgcc.a(_unpack_sf.o)
                0x00000afc                __unpack_f
 .text          0x00000bec       0xb2 d:/me/ee/courses/tools/imt_sdk_win_64/winavr/bin/../lib/gcc/avr/4.3.3/avr5\libgcc.a(_fpcmp_parts_sf.o)
                0x00000bec                __fpcmp_parts_f
 .text          0x00000c9e        0x0 d:/me/ee/courses/tools/imt_sdk_win_64/winavr/bin/../lib/gcc/avr/4.3.3/../../../../avr/lib/avr5\libc.a(memcpy.o)
 .text          0x00000c9e        0x0 d:/me/ee/courses/tools/imt_sdk_win_64/winavr/bin/../lib/gcc/avr/4.3.3/../../../../avr/lib/avr5\libc.a(memset.o)
 .text          0x00000c9e        0x0 d:/me/ee/courses/tools/imt_sdk_win_64/winavr/bin/../lib/gcc/avr/4.3.3/../../../../avr/lib/avr5\libc.a(strncpy.o)
                0x00000c9e                . = ALIGN (0x2)
 *(.text.*)
 .text.MADC_voidInit
                0x00000c9e       0x7e ./Src/ADC_Program.o
                0x00000c9e                MADC_voidInit
 .text.MADC_u16GetDigitalValue
                0x00000d1c       0x8c ./Src/ADC_Program.o
                0x00000d1c                MADC_u16GetDigitalValue
 .text.MADC_voidCallBack
                0x00000da8       0x24 ./Src/ADC_Program.o
                0x00000da8                MADC_voidCallBack
 .text.__vector_16
                0x00000dcc       0x66 ./Src/ADC_Program.o
                0x00000dcc                __vector_16
 .text.HDCMOTOR_voidHBridge
                0x00000e32      0x216 ./Src/DCMOTOR_Program.o
                0x00000e32                HDCMOTOR_voidHBridge
 .text.MDIO_voidInit
                0x00001048       0x46 ./Src/DIO_Program.o
                0x00001048                MDIO_voidInit
 .text.MDIO_u8GetPinValue
                0x0000108e      0x168 ./Src/DIO_Program.o
                0x0000108e                MDIO_u8GetPinValue
 .text.MDIO_voidSetPinValue
                0x000011f6      0x22c ./Src/DIO_Program.o
                0x000011f6                MDIO_voidSetPinValue
 .text.MDIO_voidSetPinDirection
                0x00001422      0x22c ./Src/DIO_Program.o
                0x00001422                MDIO_voidSetPinDirection
 .text.MDIO_voidSetPortValue
                0x0000164e       0x82 ./Src/DIO_Program.o
                0x0000164e                MDIO_voidSetPortValue
 .text.MDIO_voidSetPortDirection
                0x000016d0       0x82 ./Src/DIO_Program.o
                0x000016d0                MDIO_voidSetPortDirection
 .text.MEXTI_voidConfig
                0x00001752       0xe0 ./Src/EXTI_Program.o
                0x00001752                MEXTI_voidConfig
 .text.MEXTI_voidEnable
                0x00001832       0x6e ./Src/EXTI_Program.o
                0x00001832                MEXTI_voidEnable
 .text.MEXTI_voidDisable
                0x000018a0       0x6e ./Src/EXTI_Program.o
                0x000018a0                MEXTI_voidDisable
 .text.MEXTI_voidClearFlag
                0x0000190e       0x6e ./Src/EXTI_Program.o
                0x0000190e                MEXTI_voidClearFlag
 .text.MEXTI_voidSetCallBack
                0x0000197c       0x7a ./Src/EXTI_Program.o
                0x0000197c                MEXTI_voidSetCallBack
 .text.__vector_1
                0x000019f6       0x66 ./Src/EXTI_Program.o
                0x000019f6                __vector_1
 .text.__vector_2
                0x00001a5c       0x66 ./Src/EXTI_Program.o
                0x00001a5c                __vector_2
 .text.__vector_3
                0x00001ac2       0x66 ./Src/EXTI_Program.o
                0x00001ac2                __vector_3
 .text.MGI_voidEnable
                0x00001b28       0x1c ./Src/GI_Program.o
                0x00001b28                MGI_voidEnable
 .text.MGI_voidDisable
                0x00001b44       0x1c ./Src/GI_Program.o
                0x00001b44                MGI_voidDisable
 .text.HKEYPAD_u8GetPressedKey
                0x00001b60      0x1cc ./Src/KEYPAD_Program.o
                0x00001b60                HKEYPAD_u8GetPressedKey
 .text.HLCD4_voidSendCommand
                0x00001d2c      0x332 ./Src/LCD4_Program.o
                0x00001d2c                HLCD4_voidSendCommand
 .text.HLCD4_voidSendData
                0x0000205e      0x328 ./Src/LCD4_Program.o
                0x0000205e                HLCD4_voidSendData
 .text.HLCD4_voidInit
                0x00002386      0x5aa ./Src/LCD4_Program.o
                0x00002386                HLCD4_voidInit
 .text.HLCD4_voidClearDisplay
                0x00002930      0x110 ./Src/LCD4_Program.o
                0x00002930                HLCD4_voidClearDisplay
 .text.HLCD4_voidSendString
                0x00002a40       0x52 ./Src/LCD4_Program.o
                0x00002a40                HLCD4_voidSendString
 .text.HLCD4_voidGoToPos
                0x00002a92      0x154 ./Src/LCD4_Program.o
                0x00002a92                HLCD4_voidGoToPos
 .text.HLCD4_voidDisplayNumber
                0x00002be6       0xb6 ./Src/LCD4_Program.o
                0x00002be6                HLCD4_voidDisplayNumber
 .text.HLCD4_voidStoreCustomChar
                0x00002c9c      0x2e8 ./Src/LCD4_Program.o
                0x00002c9c                HLCD4_voidStoreCustomChar
 .text.HLCD4_voidDisplayCustomChar
                0x00002f84       0x2c ./Src/LCD4_Program.o
                0x00002f84                HLCD4_voidDisplayCustomChar
 .text.HLCD8_voidSendCommand
                0x00002fb0      0x13c ./Src/LCD8_Program.o
                0x00002fb0                HLCD8_voidSendCommand
 .text.HLCD8_voidSendData
                0x000030ec      0x13c ./Src/LCD8_Program.o
                0x000030ec                HLCD8_voidSendData
 .text.HLCD8_voidInit
                0x00003228      0x3ce ./Src/LCD8_Program.o
                0x00003228                HLCD8_voidInit
 .text.HLCD8_voidClearDisplay
                0x000035f6      0x110 ./Src/LCD8_Program.o
                0x000035f6                HLCD8_voidClearDisplay
 .text.HLCD8_voidSendString
                0x00003706       0x52 ./Src/LCD8_Program.o
                0x00003706                HLCD8_voidSendString
 .text.HLCD8_voidGoToPos
                0x00003758      0x154 ./Src/LCD8_Program.o
                0x00003758                HLCD8_voidGoToPos
 .text.HLCD8_voidDisplayNumber
                0x000038ac       0xb6 ./Src/LCD8_Program.o
                0x000038ac                HLCD8_voidDisplayNumber
 .text.HLCD8_voidStoreCustomChar
                0x00003962      0x2e8 ./Src/LCD8_Program.o
                0x00003962                HLCD8_voidStoreCustomChar
 .text.HLCD8_voidDisplayCustomChar
                0x00003c4a       0x2c ./Src/LCD8_Program.o
                0x00003c4a                HLCD8_voidDisplayCustomChar
 .text.RTOS_voidInit
                0x00003c76       0x1a ./Src/RTOS_Program.o
                0x00003c76                RTOS_voidInit
 .text.RTOS_voidInitArrayFunctions
                0x00003c90       0x40 ./Src/RTOS_Program.o
                0x00003c90                RTOS_voidInitArrayFunctions
 .text.RTOS_voidCreateTask
                0x00003cd0       0xaa ./Src/RTOS_Program.o
                0x00003cd0                RTOS_voidCreateTask
 .text.RTOS_voidScheduler
                0x00003d7a      0x10e ./Src/RTOS_Program.o
                0x00003d7a                RTOS_voidScheduler
 .text.HSSD_voidDisplay
                0x00003e88      0x11a ./Src/SSD_Program.o
                0x00003e88                HSSD_voidDisplay
 .text.HSSD_voidDisplayAscending
                0x00003fa2      0x176 ./Src/SSD_Program.o
                0x00003fa2                HSSD_voidDisplayAscending
 .text.HSSD_voidDisplayDescending
                0x00004118      0x15e ./Src/SSD_Program.o
                0x00004118                HSSD_voidDisplayDescending
 .text.HSTEP_voidFullStep
                0x00004276      0x456 ./Src/STEPPER_Program.o
                0x00004276                HSTEP_voidFullStep
 .text.HSTEP_voidMotorAngle
                0x000046cc      0x4b4 ./Src/STEPPER_Program.o
                0x000046cc                HSTEP_voidMotorAngle
 .text.MTIMER0_voidInit
                0x00004b80       0x5c ./Src/TIMER0_Program.o
                0x00004b80                MTIMER0_voidInit
 .text.MTIMER0_voidStopTimer
                0x00004bdc       0x1c ./Src/TIMER0_Program.o
                0x00004bdc                MTIMER0_voidStopTimer
 .text.MTIMER0_voidSetCallBackOVF
                0x00004bf8       0x2c ./Src/TIMER0_Program.o
                0x00004bf8                MTIMER0_voidSetCallBackOVF
 .text.MTIMER0_voidSetCallBackCTC
                0x00004c24       0x2c ./Src/TIMER0_Program.o
                0x00004c24                MTIMER0_voidSetCallBackCTC
 .text.MTIMER0_voidSetPreloadValue
                0x00004c50       0x1c ./Src/TIMER0_Program.o
                0x00004c50                MTIMER0_voidSetPreloadValue
 .text.MTIMER0_voidSetOCR0Value
                0x00004c6c       0x1c ./Src/TIMER0_Program.o
                0x00004c6c                MTIMER0_voidSetOCR0Value
 .text.__vector_11
                0x00004c88       0x66 ./Src/TIMER0_Program.o
                0x00004c88                __vector_11
 .text.__vector_10
                0x00004cee       0x66 ./Src/TIMER0_Program.o
                0x00004cee                __vector_10
 .text.main     0x00004d54       0x86 ./Src/main.o
                0x00004d54                main
 .text.AppTask1
                0x00004dda       0x48 ./Src/main.o
                0x00004dda                AppTask1
 .text.AppTask2
                0x00004e22       0x48 ./Src/main.o
                0x00004e22                AppTask2
 .text.AppTask3
                0x00004e6a       0x48 ./Src/main.o
                0x00004e6a                AppTask3
 .text.xCoRoutineCreate
                0x00004eb2      0x128 ./OS/croutine.o
                0x00004eb2                xCoRoutineCreate
 .text.vCoRoutineAddToDelayedList
                0x00004fda       0xc2 ./OS/croutine.o
                0x00004fda                vCoRoutineAddToDelayedList
 .text.prvCheckPendingReadyList
                0x0000509c       0x94 ./OS/croutine.o
 .text.prvCheckDelayedList
                0x00005130      0x15c ./OS/croutine.o
 .text.vCoRoutineSchedule
                0x0000528c       0xf4 ./OS/croutine.o
                0x0000528c                vCoRoutineSchedule
 .text.prvInitialiseCoRoutineLists
                0x00005380       0x72 ./OS/croutine.o
 .text.xCoRoutineRemoveFromEventList
                0x000053f2       0x70 ./OS/croutine.o
                0x000053f2                xCoRoutineRemoveFromEventList
 .text.pvPortMalloc
                0x00005462       0x8c ./OS/heap_1.o
                0x00005462                pvPortMalloc
 .text.vPortFree
                0x000054ee       0x18 ./OS/heap_1.o
                0x000054ee                vPortFree
 .text.vPortInitialiseBlocks
                0x00005506       0x16 ./OS/heap_1.o
                0x00005506                vPortInitialiseBlocks
 .text.xPortGetFreeHeapSize
                0x0000551c       0x1e ./OS/heap_1.o
                0x0000551c                xPortGetFreeHeapSize
 .text.vListInitialise
                0x0000553a       0x54 ./OS/list.o
                0x0000553a                vListInitialise
 .text.vListInitialiseItem
                0x0000558e       0x20 ./OS/list.o
                0x0000558e                vListInitialiseItem
 .text.vListInsertEnd
                0x000055ae       0x98 ./OS/list.o
                0x000055ae                vListInsertEnd
 .text.vListInsert
                0x00005646       0xd8 ./OS/list.o
                0x00005646                vListInsert
 .text.vListRemove
                0x0000571e       0x92 ./OS/list.o
                0x0000571e                vListRemove
 .text.pxPortInitialiseStack
                0x000057b0      0x306 ./OS/port.o
                0x000057b0                pxPortInitialiseStack
 .text.xPortStartScheduler
                0x00005ab6       0x6a ./OS/port.o
                0x00005ab6                xPortStartScheduler
 .text.vPortEndScheduler
                0x00005b20        0xe ./OS/port.o
                0x00005b20                vPortEndScheduler
 .text.vPortYield
                0x00005b2e       0xb2 ./OS/port.o
                0x00005b2e                vPortYield
 .text.vPortYieldFromTick
                0x00005be0       0xb6 ./OS/port.o
                0x00005be0                vPortYieldFromTick
 .text.prvSetupTimerInterrupt
                0x00005c96       0xb8 ./OS/port.o
 .text.__vector_7
                0x00005d4e        0x6 ./OS/port.o
                0x00005d4e                __vector_7
 .text.xQueueCreate
                0x00005d54      0x152 ./OS/queue.o
                0x00005d54                xQueueCreate
 .text.xQueueGenericSend
                0x00005ea6      0x13c ./OS/queue.o
                0x00005ea6                xQueueGenericSend
 .text.xQueueGenericSendFromISR
                0x00005fe2       0x9a ./OS/queue.o
                0x00005fe2                xQueueGenericSendFromISR
 .text.xQueueGenericReceive
                0x0000607c      0x180 ./OS/queue.o
                0x0000607c                xQueueGenericReceive
 .text.xQueueReceiveFromISR
                0x000061fc       0x9e ./OS/queue.o
                0x000061fc                xQueueReceiveFromISR
 .text.uxQueueMessagesWaiting
                0x0000629a       0x30 ./OS/queue.o
                0x0000629a                uxQueueMessagesWaiting
 .text.uxQueueMessagesWaitingFromISR
                0x000062ca       0x26 ./OS/queue.o
                0x000062ca                uxQueueMessagesWaitingFromISR
 .text.vQueueDelete
                0x000062f0       0x2c ./OS/queue.o
                0x000062f0                vQueueDelete
 .text.prvCopyDataToQueue
                0x0000631c      0x12a ./OS/queue.o
 .text.prvCopyDataFromQueue
                0x00006446       0x90 ./OS/queue.o
 .text.prvUnlockQueue
                0x000064d6       0xa8 ./OS/queue.o
 .text.prvIsQueueEmpty
                0x0000657e       0x38 ./OS/queue.o
 .text.xQueueIsQueueEmptyFromISR
                0x000065b6       0x2e ./OS/queue.o
                0x000065b6                xQueueIsQueueEmptyFromISR
 .text.prvIsQueueFull
                0x000065e4       0x3e ./OS/queue.o
 .text.xQueueIsQueueFullFromISR
                0x00006622       0x34 ./OS/queue.o
                0x00006622                xQueueIsQueueFullFromISR
 .text.xTaskGenericCreate
                0x00006656      0x1da ./OS/tasks.o
                0x00006656                xTaskGenericCreate
 .text.vTaskDelete
                0x00006830       0xc6 ./OS/tasks.o
                0x00006830                vTaskDelete
 .text.vTaskDelayUntil
                0x000068f6       0xe8 ./OS/tasks.o
                0x000068f6                vTaskDelayUntil
 .text.vTaskDelay
                0x000069de       0x6a ./OS/tasks.o
                0x000069de                vTaskDelay
 .text.vTaskStartScheduler
                0x00006a48       0x6e ./OS/tasks.o
                0x00006a48                vTaskStartScheduler
 .text.vTaskEndScheduler
                0x00006ab6       0x18 ./OS/tasks.o
                0x00006ab6                vTaskEndScheduler
 .text.vTaskSuspendAll
                0x00006ace       0x18 ./OS/tasks.o
                0x00006ace                vTaskSuspendAll
 .text.xTaskResumeAll
                0x00006ae6      0x114 ./OS/tasks.o
                0x00006ae6                xTaskResumeAll
 .text.xTaskGetTickCount
                0x00006bfa       0x2e ./OS/tasks.o
                0x00006bfa                xTaskGetTickCount
 .text.xTaskGetTickCountFromISR
                0x00006c28       0x2a ./OS/tasks.o
                0x00006c28                xTaskGetTickCountFromISR
 .text.uxTaskGetNumberOfTasks
                0x00006c52       0x12 ./OS/tasks.o
                0x00006c52                uxTaskGetNumberOfTasks
 .text.vTaskIncrementTick
                0x00006c64      0x1aa ./OS/tasks.o
                0x00006c64                vTaskIncrementTick
 .text.vTaskSwitchContext
                0x00006e0e       0xcc ./OS/tasks.o
                0x00006e0e                vTaskSwitchContext
 .text.vTaskPlaceOnEventList
                0x00006eda       0x6c ./OS/tasks.o
                0x00006eda                vTaskPlaceOnEventList
 .text.xTaskRemoveFromEventList
                0x00006f46       0xd0 ./OS/tasks.o
                0x00006f46                xTaskRemoveFromEventList
 .text.vTaskSetTimeOutState
                0x00007016       0x32 ./OS/tasks.o
                0x00007016                vTaskSetTimeOutState
 .text.xTaskCheckForTimeOut
                0x00007048       0xba ./OS/tasks.o
                0x00007048                xTaskCheckForTimeOut
 .text.vTaskMissedYield
                0x00007102       0x14 ./OS/tasks.o
                0x00007102                vTaskMissedYield
 .text.prvIdleTask
                0x00007116       0x14 ./OS/tasks.o
 .text.prvInitialiseTCBVariables
                0x0000712a       0xae ./OS/tasks.o
 .text.prvInitialiseTaskLists
                0x000071d8       0x7a ./OS/tasks.o
 .text.prvCheckTasksWaitingTermination
                0x00007252       0x7c ./OS/tasks.o
 .text.prvAddCurrentTaskToDelayedList
                0x000072ce       0x92 ./OS/tasks.o
 .text.prvAllocateTCBAndStack
                0x00007360       0xa0 ./OS/tasks.o
 .text.prvDeleteTCB
                0x00007400       0x2c ./OS/tasks.o
 .text.libgcc   0x0000742c       0x28 d:/me/ee/courses/tools/imt_sdk_win_64/winavr/bin/../lib/gcc/avr/4.3.3/avr5\libgcc.a(_udivmodhi4.o)
                0x0000742c                __udivmodhi4
 .text.libgcc   0x00007454        0x0 d:/me/ee/courses/tools/imt_sdk_win_64/winavr/bin/../lib/gcc/avr/4.3.3/avr5\libgcc.a(_exit.o)
 .text.libgcc   0x00007454        0x0 d:/me/ee/courses/tools/imt_sdk_win_64/winavr/bin/../lib/gcc/avr/4.3.3/avr5\libgcc.a(_copy_data.o)
 .text.libgcc   0x00007454        0x0 d:/me/ee/courses/tools/imt_sdk_win_64/winavr/bin/../lib/gcc/avr/4.3.3/avr5\libgcc.a(_clear_bss.o)
 .text.libgcc   0x00007454       0x38 d:/me/ee/courses/tools/imt_sdk_win_64/winavr/bin/../lib/gcc/avr/4.3.3/avr5\libgcc.a(_prologue.o)
                0x00007454                __prologue_saves__
 .text.libgcc   0x0000748c       0x36 d:/me/ee/courses/tools/imt_sdk_win_64/winavr/bin/../lib/gcc/avr/4.3.3/avr5\libgcc.a(_epilogue.o)
                0x0000748c                __epilogue_restores__
 .text.avr-libc
                0x000074c2       0x12 d:/me/ee/courses/tools/imt_sdk_win_64/winavr/bin/../lib/gcc/avr/4.3.3/../../../../avr/lib/avr5\libc.a(memcpy.o)
                0x000074c2                memcpy
 .text.avr-libc
                0x000074d4        0xe d:/me/ee/courses/tools/imt_sdk_win_64/winavr/bin/../lib/gcc/avr/4.3.3/../../../../avr/lib/avr5\libc.a(memset.o)
                0x000074d4                memset
 .text.avr-libc
                0x000074e2       0x1e d:/me/ee/courses/tools/imt_sdk_win_64/winavr/bin/../lib/gcc/avr/4.3.3/../../../../avr/lib/avr5\libc.a(strncpy.o)
                0x000074e2                strncpy
                0x00007500                . = ALIGN (0x2)
 *(.fini9)
 .fini9         0x00007500        0x0 d:/me/ee/courses/tools/imt_sdk_win_64/winavr/bin/../lib/gcc/avr/4.3.3/avr5\libgcc.a(_exit.o)
                0x00007500                exit
                0x00007500                _exit
 *(.fini9)
 *(.fini8)
 *(.fini8)
 *(.fini7)
 *(.fini7)
 *(.fini6)
 *(.fini6)
 *(.fini5)
 *(.fini5)
 *(.fini4)
 *(.fini4)
 *(.fini3)
 *(.fini3)
 *(.fini2)
 *(.fini2)
 *(.fini1)
 *(.fini1)
 *(.fini0)
 .fini0         0x00007500        0x4 d:/me/ee/courses/tools/imt_sdk_win_64/winavr/bin/../lib/gcc/avr/4.3.3/avr5\libgcc.a(_exit.o)
 *(.fini0)
                0x00007504                _etext = .

.data           0x00800060       0x3c load address 0x00007504
                0x00800060                PROVIDE (__data_start, .)
 *(.data)
 .data          0x00800060        0x0 d:/me/ee/courses/tools/imt_sdk_win_64/winavr/bin/../lib/gcc/avr/4.3.3/../../../../avr/lib/avr5/crtm32.o
 .data          0x00800060        0x0 ./Src/ADC_Program.o
 .data          0x00800060        0x0 ./Src/DCMOTOR_Program.o
 .data          0x00800060        0x0 ./Src/DIO_Program.o
 .data          0x00800060        0x0 ./Src/EXTI_Program.o
 .data          0x00800060        0x0 ./Src/GI_Program.o
 .data          0x00800060        0x0 ./Src/KEYPAD_Program.o
 .data          0x00800060        0x0 ./Src/LCD4_Program.o
 .data          0x00800060        0x0 ./Src/LCD8_Program.o
 .data          0x00800060        0x0 ./Src/RTOS_Program.o
 .data          0x00800060        0x0 ./Src/SSD_Program.o
 .data          0x00800060        0x0 ./Src/STEPPER_Program.o
 .data          0x00800060        0x0 ./Src/TIMER0_Program.o
 .data          0x00800060        0x0 ./Src/main.o
 .data          0x00800060        0x0 ./OS/croutine.o
 .data          0x00800060        0x0 ./OS/heap_1.o
 .data          0x00800060        0x0 ./OS/list.o
 .data          0x00800060        0x0 ./OS/port.o
 .data          0x00800060        0x0 ./OS/queue.o
 .data          0x00800060        0x5 ./OS/tasks.o
 .data          0x00800065        0x0 ./OS/timers.o
 .data          0x00800065        0x0 d:/me/ee/courses/tools/imt_sdk_win_64/winavr/bin/../lib/gcc/avr/4.3.3/avr5\libgcc.a(_udivmodhi4.o)
 .data          0x00800065        0x0 d:/me/ee/courses/tools/imt_sdk_win_64/winavr/bin/../lib/gcc/avr/4.3.3/avr5\libgcc.a(_exit.o)
 .data          0x00800065        0x0 d:/me/ee/courses/tools/imt_sdk_win_64/winavr/bin/../lib/gcc/avr/4.3.3/avr5\libgcc.a(_copy_data.o)
 .data          0x00800065        0x0 d:/me/ee/courses/tools/imt_sdk_win_64/winavr/bin/../lib/gcc/avr/4.3.3/avr5\libgcc.a(_clear_bss.o)
 .data          0x00800065        0x0 d:/me/ee/courses/tools/imt_sdk_win_64/winavr/bin/../lib/gcc/avr/4.3.3/avr5\libgcc.a(_fixunssfsi.o)
 .data          0x00800065        0x0 d:/me/ee/courses/tools/imt_sdk_win_64/winavr/bin/../lib/gcc/avr/4.3.3/avr5\libgcc.a(_addsub_sf.o)
 .data          0x00800065        0x0 d:/me/ee/courses/tools/imt_sdk_win_64/winavr/bin/../lib/gcc/avr/4.3.3/avr5\libgcc.a(_mul_sf.o)
 .data          0x00800065        0x0 d:/me/ee/courses/tools/imt_sdk_win_64/winavr/bin/../lib/gcc/avr/4.3.3/avr5\libgcc.a(_div_sf.o)
 .data          0x00800065        0x0 d:/me/ee/courses/tools/imt_sdk_win_64/winavr/bin/../lib/gcc/avr/4.3.3/avr5\libgcc.a(_gt_sf.o)
 .data          0x00800065        0x0 d:/me/ee/courses/tools/imt_sdk_win_64/winavr/bin/../lib/gcc/avr/4.3.3/avr5\libgcc.a(_ge_sf.o)
 .data          0x00800065        0x0 d:/me/ee/courses/tools/imt_sdk_win_64/winavr/bin/../lib/gcc/avr/4.3.3/avr5\libgcc.a(_lt_sf.o)
 .data          0x00800065        0x0 d:/me/ee/courses/tools/imt_sdk_win_64/winavr/bin/../lib/gcc/avr/4.3.3/avr5\libgcc.a(_sf_to_si.o)
 .data          0x00800065        0x8 d:/me/ee/courses/tools/imt_sdk_win_64/winavr/bin/../lib/gcc/avr/4.3.3/avr5\libgcc.a(_thenan_sf.o)
                0x00800065                __thenan_sf
 .data          0x0080006d        0x0 d:/me/ee/courses/tools/imt_sdk_win_64/winavr/bin/../lib/gcc/avr/4.3.3/avr5\libgcc.a(_prologue.o)
 .data          0x0080006d        0x0 d:/me/ee/courses/tools/imt_sdk_win_64/winavr/bin/../lib/gcc/avr/4.3.3/avr5\libgcc.a(_epilogue.o)
 .data          0x0080006d        0x0 d:/me/ee/courses/tools/imt_sdk_win_64/winavr/bin/../lib/gcc/avr/4.3.3/avr5\libgcc.a(_pack_sf.o)
 .data          0x0080006d        0x0 d:/me/ee/courses/tools/imt_sdk_win_64/winavr/bin/../lib/gcc/avr/4.3.3/avr5\libgcc.a(_unpack_sf.o)
 .data          0x0080006d        0x0 d:/me/ee/courses/tools/imt_sdk_win_64/winavr/bin/../lib/gcc/avr/4.3.3/avr5\libgcc.a(_fpcmp_parts_sf.o)
 .data          0x0080006d        0x0 d:/me/ee/courses/tools/imt_sdk_win_64/winavr/bin/../lib/gcc/avr/4.3.3/../../../../avr/lib/avr5\libc.a(memcpy.o)
 .data          0x0080006d        0x0 d:/me/ee/courses/tools/imt_sdk_win_64/winavr/bin/../lib/gcc/avr/4.3.3/../../../../avr/lib/avr5\libc.a(memset.o)
 .data          0x0080006d        0x0 d:/me/ee/courses/tools/imt_sdk_win_64/winavr/bin/../lib/gcc/avr/4.3.3/../../../../avr/lib/avr5\libc.a(strncpy.o)
 *(.data*)
 .data.KeypadArr
                0x0080006d       0x10 ./Src/KEYPAD_Program.o
                0x0080006d                KeypadArr
 .data.keypadRow
                0x0080007d        0x4 ./Src/KEYPAD_Program.o
                0x0080007d                keypadRow
 .data.keypadCol
                0x00800081        0x4 ./Src/KEYPAD_Program.o
                0x00800081                keypadCol
 .data.xNextTaskUnblockTime
                0x00800085        0x2 ./OS/tasks.o
 *(.rodata)
 *(.rodata*)
 .rodata.C.0.1308
                0x00800087        0xa ./Src/SSD_Program.o
 .rodata.C.1.1330
                0x00800091        0xa ./Src/SSD_Program.o
 *(.gnu.linkonce.d*)
                0x0080009c                . = ALIGN (0x2)
 *fill*         0x0080009b        0x1 00
                0x0080009c                _edata = .
                0x0080009c                PROVIDE (__data_end, .)

.bss            0x0080009c      0x69d
                0x0080009c                PROVIDE (__bss_start, .)
 *(.bss)
 .bss           0x0080009c        0x0 d:/me/ee/courses/tools/imt_sdk_win_64/winavr/bin/../lib/gcc/avr/4.3.3/../../../../avr/lib/avr5/crtm32.o
 .bss           0x0080009c        0x0 ./Src/ADC_Program.o
 .bss           0x0080009c        0x0 ./Src/DCMOTOR_Program.o
 .bss           0x0080009c        0x0 ./Src/DIO_Program.o
 .bss           0x0080009c        0x0 ./Src/EXTI_Program.o
 .bss           0x0080009c        0x0 ./Src/GI_Program.o
 .bss           0x0080009c        0x0 ./Src/KEYPAD_Program.o
 .bss           0x0080009c        0x0 ./Src/LCD4_Program.o
 .bss           0x0080009c        0x0 ./Src/LCD8_Program.o
 .bss           0x0080009c        0x0 ./Src/RTOS_Program.o
 .bss           0x0080009c        0x0 ./Src/SSD_Program.o
 .bss           0x0080009c        0x0 ./Src/STEPPER_Program.o
 .bss           0x0080009c        0x0 ./Src/TIMER0_Program.o
 .bss           0x0080009c        0x0 ./Src/main.o
 .bss           0x0080009c        0x0 ./OS/croutine.o
 .bss           0x0080009c        0x0 ./OS/heap_1.o
 .bss           0x0080009c        0x0 ./OS/list.o
 .bss           0x0080009c        0x0 ./OS/port.o
 .bss           0x0080009c        0x0 ./OS/queue.o
 .bss           0x0080009c        0x0 ./OS/tasks.o
 .bss           0x0080009c        0x0 ./OS/timers.o
 .bss           0x0080009c        0x0 d:/me/ee/courses/tools/imt_sdk_win_64/winavr/bin/../lib/gcc/avr/4.3.3/avr5\libgcc.a(_udivmodhi4.o)
 .bss           0x0080009c        0x0 d:/me/ee/courses/tools/imt_sdk_win_64/winavr/bin/../lib/gcc/avr/4.3.3/avr5\libgcc.a(_exit.o)
 .bss           0x0080009c        0x0 d:/me/ee/courses/tools/imt_sdk_win_64/winavr/bin/../lib/gcc/avr/4.3.3/avr5\libgcc.a(_copy_data.o)
 .bss           0x0080009c        0x0 d:/me/ee/courses/tools/imt_sdk_win_64/winavr/bin/../lib/gcc/avr/4.3.3/avr5\libgcc.a(_clear_bss.o)
 .bss           0x0080009c        0x0 d:/me/ee/courses/tools/imt_sdk_win_64/winavr/bin/../lib/gcc/avr/4.3.3/avr5\libgcc.a(_fixunssfsi.o)
 .bss           0x0080009c        0x0 d:/me/ee/courses/tools/imt_sdk_win_64/winavr/bin/../lib/gcc/avr/4.3.3/avr5\libgcc.a(_addsub_sf.o)
 .bss           0x0080009c        0x0 d:/me/ee/courses/tools/imt_sdk_win_64/winavr/bin/../lib/gcc/avr/4.3.3/avr5\libgcc.a(_mul_sf.o)
 .bss           0x0080009c        0x0 d:/me/ee/courses/tools/imt_sdk_win_64/winavr/bin/../lib/gcc/avr/4.3.3/avr5\libgcc.a(_div_sf.o)
 .bss           0x0080009c        0x0 d:/me/ee/courses/tools/imt_sdk_win_64/winavr/bin/../lib/gcc/avr/4.3.3/avr5\libgcc.a(_gt_sf.o)
 .bss           0x0080009c        0x0 d:/me/ee/courses/tools/imt_sdk_win_64/winavr/bin/../lib/gcc/avr/4.3.3/avr5\libgcc.a(_ge_sf.o)
 .bss           0x0080009c        0x0 d:/me/ee/courses/tools/imt_sdk_win_64/winavr/bin/../lib/gcc/avr/4.3.3/avr5\libgcc.a(_lt_sf.o)
 .bss           0x0080009c        0x0 d:/me/ee/courses/tools/imt_sdk_win_64/winavr/bin/../lib/gcc/avr/4.3.3/avr5\libgcc.a(_sf_to_si.o)
 .bss           0x0080009c        0x0 d:/me/ee/courses/tools/imt_sdk_win_64/winavr/bin/../lib/gcc/avr/4.3.3/avr5\libgcc.a(_thenan_sf.o)
 .bss           0x0080009c        0x0 d:/me/ee/courses/tools/imt_sdk_win_64/winavr/bin/../lib/gcc/avr/4.3.3/avr5\libgcc.a(_prologue.o)
 .bss           0x0080009c        0x0 d:/me/ee/courses/tools/imt_sdk_win_64/winavr/bin/../lib/gcc/avr/4.3.3/avr5\libgcc.a(_epilogue.o)
 .bss           0x0080009c        0x0 d:/me/ee/courses/tools/imt_sdk_win_64/winavr/bin/../lib/gcc/avr/4.3.3/avr5\libgcc.a(_pack_sf.o)
 .bss           0x0080009c        0x0 d:/me/ee/courses/tools/imt_sdk_win_64/winavr/bin/../lib/gcc/avr/4.3.3/avr5\libgcc.a(_unpack_sf.o)
 .bss           0x0080009c        0x0 d:/me/ee/courses/tools/imt_sdk_win_64/winavr/bin/../lib/gcc/avr/4.3.3/avr5\libgcc.a(_fpcmp_parts_sf.o)
 .bss           0x0080009c        0x0 d:/me/ee/courses/tools/imt_sdk_win_64/winavr/bin/../lib/gcc/avr/4.3.3/../../../../avr/lib/avr5\libc.a(memcpy.o)
 .bss           0x0080009c        0x0 d:/me/ee/courses/tools/imt_sdk_win_64/winavr/bin/../lib/gcc/avr/4.3.3/../../../../avr/lib/avr5\libc.a(memset.o)
 .bss           0x0080009c        0x0 d:/me/ee/courses/tools/imt_sdk_win_64/winavr/bin/../lib/gcc/avr/4.3.3/../../../../avr/lib/avr5\libc.a(strncpy.o)
 *(.bss*)
 .bss.ADC_CallBack
                0x0080009c        0x2 ./Src/ADC_Program.o
 .bss.EXTI0_CallBack
                0x0080009e        0x2 ./Src/EXTI_Program.o
 .bss.EXTI1_CallBack
                0x008000a0        0x2 ./Src/EXTI_Program.o
 .bss.EXTI2_CallBack
                0x008000a2        0x2 ./Src/EXTI_Program.o
 .bss.global_u8Init
                0x008000a4        0x1 ./Src/LCD4_Program.o
 .bss.TIMER0_OVF_CallBack
                0x008000a5        0x2 ./Src/TIMER0_Program.o
                0x008000a5                TIMER0_OVF_CallBack
 .bss.TIMER0_CTC_CallBack
                0x008000a7        0x2 ./Src/TIMER0_Program.o
                0x008000a7                TIMER0_CTC_CallBack
 .bss.flag.1615
                0x008000a9        0x1 ./Src/main.o
 .bss.flag.1628
                0x008000aa        0x1 ./Src/main.o
 .bss.flag.1641
                0x008000ab        0x1 ./Src/main.o
 .bss.pxCurrentCoRoutine
                0x008000ac        0x2 ./OS/croutine.o
                0x008000ac                pxCurrentCoRoutine
 .bss.uxTopCoRoutineReadyPriority
                0x008000ae        0x1 ./OS/croutine.o
 .bss.xCoRoutineTickCount
                0x008000af        0x2 ./OS/croutine.o
 .bss.xLastTickCount
                0x008000b1        0x2 ./OS/croutine.o
 .bss.xPassedTicks
                0x008000b3        0x2 ./OS/croutine.o
 .bss.pxReadyCoRoutineLists
                0x008000b5       0x12 ./OS/croutine.o
 .bss.xDelayedCoRoutineList1
                0x008000c7        0x9 ./OS/croutine.o
 .bss.xDelayedCoRoutineList2
                0x008000d0        0x9 ./OS/croutine.o
 .bss.pxDelayedCoRoutineList
                0x008000d9        0x2 ./OS/croutine.o
 .bss.pxOverflowDelayedCoRoutineList
                0x008000db        0x2 ./OS/croutine.o
 .bss.xPendingReadyCoRoutineList
                0x008000dd        0x9 ./OS/croutine.o
 .bss.xNextFreeByte
                0x008000e6        0x2 ./OS/heap_1.o
 .bss.xHeap     0x008000e8      0x5dc ./OS/heap_1.o
 .bss.pxCurrentTCB
                0x008006c4        0x2 ./OS/tasks.o
                0x008006c4                pxCurrentTCB
 .bss.uxTasksDeleted
                0x008006c6        0x1 ./OS/tasks.o
 .bss.uxCurrentNumberOfTasks
                0x008006c7        0x1 ./OS/tasks.o
 .bss.xTickCount
                0x008006c8        0x2 ./OS/tasks.o
 .bss.uxTopUsedPriority
                0x008006ca        0x1 ./OS/tasks.o
 .bss.uxTopReadyPriority
                0x008006cb        0x1 ./OS/tasks.o
 .bss.xSchedulerRunning
                0x008006cc        0x1 ./OS/tasks.o
 .bss.uxSchedulerSuspended
                0x008006cd        0x1 ./OS/tasks.o
 .bss.uxMissedTicks
                0x008006ce        0x1 ./OS/tasks.o
 .bss.xMissedYield
                0x008006cf        0x1 ./OS/tasks.o
 .bss.xNumOfOverflows
                0x008006d0        0x1 ./OS/tasks.o
 .bss.uxTaskNumber
                0x008006d1        0x1 ./OS/tasks.o
 .bss.pxReadyTasksLists
                0x008006d2       0x2d ./OS/tasks.o
 .bss.xDelayedTaskList1
                0x008006ff        0x9 ./OS/tasks.o
 .bss.xDelayedTaskList2
                0x00800708        0x9 ./OS/tasks.o
 .bss.pxDelayedTaskList
                0x00800711        0x2 ./OS/tasks.o
 .bss.pxOverflowDelayedTaskList
                0x00800713        0x2 ./OS/tasks.o
 .bss.xPendingReadyList
                0x00800715        0x9 ./OS/tasks.o
 .bss.xTasksWaitingTermination
                0x0080071e        0x9 ./OS/tasks.o
 *(COMMON)
 COMMON         0x00800727       0x12 ./Src/RTOS_Program.o
                0x00800727                RTOS_AOfTasks
                0x00800739                PROVIDE (__bss_end, .)
                0x00007504                __data_load_start = LOADADDR (.data)
                0x00007540                __data_load_end = (__data_load_start + SIZEOF (.data))

.noinit         0x00800739        0x0
                0x00800739                PROVIDE (__noinit_start, .)
 *(.noinit*)
                0x00800739                PROVIDE (__noinit_end, .)
                0x00800739                _end = .
                0x00800739                PROVIDE (__heap_start, .)

.eeprom         0x00810000        0x0
 *(.eeprom*)
                0x00810000                __eeprom_end = .

.fuse
 *(.fuse)
 *(.lfuse)
 *(.hfuse)
 *(.efuse)

.lock
 *(.lock*)

.signature
 *(.signature*)

.stab           0x00000000     0x8b08
 *(.stab)
 .stab          0x00000000      0x330 ./Src/ADC_Program.o
 .stab          0x00000330      0x450 ./Src/DCMOTOR_Program.o
                                0x4e0 (size before relaxing)
 .stab          0x00000780      0x4c8 ./Src/DIO_Program.o
                                0x558 (size before relaxing)
 .stab          0x00000c48      0x3d8 ./Src/EXTI_Program.o
                                0x468 (size before relaxing)
 .stab          0x00001020      0x144 ./Src/GI_Program.o
                                0x1d4 (size before relaxing)
 .stab          0x00001164      0x2e8 ./Src/KEYPAD_Program.o
                                0x504 (size before relaxing)
 .stab          0x0000144c     0x117c ./Src/LCD4_Program.o
                               0x1398 (size before relaxing)
 .stab          0x000025c8      0xd98 ./Src/LCD8_Program.o
                                0xfb4 (size before relaxing)
 .stab          0x00003360      0x2dc ./Src/RTOS_Program.o
                                0x36c (size before relaxing)
 .stab          0x0000363c      0x474 ./Src/SSD_Program.o
                                0x690 (size before relaxing)
 .stab          0x00003ab0      0x900 ./Src/STEPPER_Program.o
                                0xb1c (size before relaxing)
 .stab          0x000043b0      0x318 ./Src/TIMER0_Program.o
                                0x3a8 (size before relaxing)
 .stab          0x000046c8      0x564 ./Src/main.o
                                0x774 (size before relaxing)
 .stab          0x00004c2c      0x954 ./OS/croutine.o
                                0xb40 (size before relaxing)
 .stab          0x00005580      0x300 ./OS/heap_1.o
                                0x624 (size before relaxing)
 .stab          0x00005880      0x474 ./OS/list.o
                                0x750 (size before relaxing)
 .stab          0x00005cf4      0x840 ./OS/port.o
                                0xb70 (size before relaxing)
 .stab          0x00006534      0xe94 ./OS/queue.o
                               0x11d0 (size before relaxing)
 .stab          0x000073c8     0x1578 ./OS/tasks.o
                               0x17d0 (size before relaxing)
 .stab          0x00008940      0x1c8 ./OS/timers.o
                                0x4c8 (size before relaxing)

.stabstr        0x00000000     0x3dfe
 *(.stabstr)
 .stabstr       0x00000000     0x3dfe ./Src/ADC_Program.o

.stab.excl
 *(.stab.excl)

.stab.exclstr
 *(.stab.exclstr)

.stab.index
 *(.stab.index)

.stab.indexstr
 *(.stab.indexstr)

.comment
 *(.comment)

.debug
 *(.debug)

.line
 *(.line)

.debug_srcinfo
 *(.debug_srcinfo)

.debug_sfnames
 *(.debug_sfnames)

.debug_aranges  0x00000000      0x160
 *(.debug_aranges)
 .debug_aranges
                0x00000000       0x20 d:/me/ee/courses/tools/imt_sdk_win_64/winavr/bin/../lib/gcc/avr/4.3.3/avr5\libgcc.a(_fixunssfsi.o)
 .debug_aranges
                0x00000020       0x20 d:/me/ee/courses/tools/imt_sdk_win_64/winavr/bin/../lib/gcc/avr/4.3.3/avr5\libgcc.a(_addsub_sf.o)
 .debug_aranges
                0x00000040       0x20 d:/me/ee/courses/tools/imt_sdk_win_64/winavr/bin/../lib/gcc/avr/4.3.3/avr5\libgcc.a(_mul_sf.o)
 .debug_aranges
                0x00000060       0x20 d:/me/ee/courses/tools/imt_sdk_win_64/winavr/bin/../lib/gcc/avr/4.3.3/avr5\libgcc.a(_div_sf.o)
 .debug_aranges
                0x00000080       0x20 d:/me/ee/courses/tools/imt_sdk_win_64/winavr/bin/../lib/gcc/avr/4.3.3/avr5\libgcc.a(_gt_sf.o)
 .debug_aranges
                0x000000a0       0x20 d:/me/ee/courses/tools/imt_sdk_win_64/winavr/bin/../lib/gcc/avr/4.3.3/avr5\libgcc.a(_ge_sf.o)
 .debug_aranges
                0x000000c0       0x20 d:/me/ee/courses/tools/imt_sdk_win_64/winavr/bin/../lib/gcc/avr/4.3.3/avr5\libgcc.a(_lt_sf.o)
 .debug_aranges
                0x000000e0       0x20 d:/me/ee/courses/tools/imt_sdk_win_64/winavr/bin/../lib/gcc/avr/4.3.3/avr5\libgcc.a(_sf_to_si.o)
 .debug_aranges
                0x00000100       0x20 d:/me/ee/courses/tools/imt_sdk_win_64/winavr/bin/../lib/gcc/avr/4.3.3/avr5\libgcc.a(_pack_sf.o)
 .debug_aranges
                0x00000120       0x20 d:/me/ee/courses/tools/imt_sdk_win_64/winavr/bin/../lib/gcc/avr/4.3.3/avr5\libgcc.a(_unpack_sf.o)
 .debug_aranges
                0x00000140       0x20 d:/me/ee/courses/tools/imt_sdk_win_64/winavr/bin/../lib/gcc/avr/4.3.3/avr5\libgcc.a(_fpcmp_parts_sf.o)

.debug_pubnames
                0x00000000      0x18f
 *(.debug_pubnames)
 .debug_pubnames
                0x00000000       0x23 d:/me/ee/courses/tools/imt_sdk_win_64/winavr/bin/../lib/gcc/avr/4.3.3/avr5\libgcc.a(_fixunssfsi.o)
 .debug_pubnames
                0x00000023       0x2c d:/me/ee/courses/tools/imt_sdk_win_64/winavr/bin/../lib/gcc/avr/4.3.3/avr5\libgcc.a(_addsub_sf.o)
 .debug_pubnames
                0x0000004f       0x1f d:/me/ee/courses/tools/imt_sdk_win_64/winavr/bin/../lib/gcc/avr/4.3.3/avr5\libgcc.a(_mul_sf.o)
 .debug_pubnames
                0x0000006e       0x1f d:/me/ee/courses/tools/imt_sdk_win_64/winavr/bin/../lib/gcc/avr/4.3.3/avr5\libgcc.a(_div_sf.o)
 .debug_pubnames
                0x0000008d       0x1e d:/me/ee/courses/tools/imt_sdk_win_64/winavr/bin/../lib/gcc/avr/4.3.3/avr5\libgcc.a(_gt_sf.o)
 .debug_pubnames
                0x000000ab       0x1e d:/me/ee/courses/tools/imt_sdk_win_64/winavr/bin/../lib/gcc/avr/4.3.3/avr5\libgcc.a(_ge_sf.o)
 .debug_pubnames
                0x000000c9       0x1e d:/me/ee/courses/tools/imt_sdk_win_64/winavr/bin/../lib/gcc/avr/4.3.3/avr5\libgcc.a(_lt_sf.o)
 .debug_pubnames
                0x000000e7       0x20 d:/me/ee/courses/tools/imt_sdk_win_64/winavr/bin/../lib/gcc/avr/4.3.3/avr5\libgcc.a(_sf_to_si.o)
 .debug_pubnames
                0x00000107       0x22 d:/me/ee/courses/tools/imt_sdk_win_64/winavr/bin/../lib/gcc/avr/4.3.3/avr5\libgcc.a(_thenan_sf.o)
 .debug_pubnames
                0x00000129       0x1f d:/me/ee/courses/tools/imt_sdk_win_64/winavr/bin/../lib/gcc/avr/4.3.3/avr5\libgcc.a(_pack_sf.o)
 .debug_pubnames
                0x00000148       0x21 d:/me/ee/courses/tools/imt_sdk_win_64/winavr/bin/../lib/gcc/avr/4.3.3/avr5\libgcc.a(_unpack_sf.o)
 .debug_pubnames
                0x00000169       0x26 d:/me/ee/courses/tools/imt_sdk_win_64/winavr/bin/../lib/gcc/avr/4.3.3/avr5\libgcc.a(_fpcmp_parts_sf.o)

.debug_info     0x00000000     0x2045
 *(.debug_info)
 .debug_info    0x00000000       0xb1 d:/me/ee/courses/tools/imt_sdk_win_64/winavr/bin/../lib/gcc/avr/4.3.3/avr5\libgcc.a(_fixunssfsi.o)
 .debug_info    0x000000b1      0x47a d:/me/ee/courses/tools/imt_sdk_win_64/winavr/bin/../lib/gcc/avr/4.3.3/avr5\libgcc.a(_addsub_sf.o)
 .debug_info    0x0000052b      0x485 d:/me/ee/courses/tools/imt_sdk_win_64/winavr/bin/../lib/gcc/avr/4.3.3/avr5\libgcc.a(_mul_sf.o)
 .debug_info    0x000009b0      0x3fc d:/me/ee/courses/tools/imt_sdk_win_64/winavr/bin/../lib/gcc/avr/4.3.3/avr5\libgcc.a(_div_sf.o)
 .debug_info    0x00000dac      0x27f d:/me/ee/courses/tools/imt_sdk_win_64/winavr/bin/../lib/gcc/avr/4.3.3/avr5\libgcc.a(_gt_sf.o)
 .debug_info    0x0000102b      0x27f d:/me/ee/courses/tools/imt_sdk_win_64/winavr/bin/../lib/gcc/avr/4.3.3/avr5\libgcc.a(_ge_sf.o)
 .debug_info    0x000012aa      0x27f d:/me/ee/courses/tools/imt_sdk_win_64/winavr/bin/../lib/gcc/avr/4.3.3/avr5\libgcc.a(_lt_sf.o)
 .debug_info    0x00001529      0x2b0 d:/me/ee/courses/tools/imt_sdk_win_64/winavr/bin/../lib/gcc/avr/4.3.3/avr5\libgcc.a(_sf_to_si.o)
 .debug_info    0x000017d9      0x12c d:/me/ee/courses/tools/imt_sdk_win_64/winavr/bin/../lib/gcc/avr/4.3.3/avr5\libgcc.a(_thenan_sf.o)
 .debug_info    0x00001905      0x2df d:/me/ee/courses/tools/imt_sdk_win_64/winavr/bin/../lib/gcc/avr/4.3.3/avr5\libgcc.a(_pack_sf.o)
 .debug_info    0x00001be4      0x251 d:/me/ee/courses/tools/imt_sdk_win_64/winavr/bin/../lib/gcc/avr/4.3.3/avr5\libgcc.a(_unpack_sf.o)
 .debug_info    0x00001e35      0x210 d:/me/ee/courses/tools/imt_sdk_win_64/winavr/bin/../lib/gcc/avr/4.3.3/avr5\libgcc.a(_fpcmp_parts_sf.o)
 *(.gnu.linkonce.wi.*)

.debug_abbrev   0x00000000     0x1101
 *(.debug_abbrev)
 .debug_abbrev  0x00000000       0x5d d:/me/ee/courses/tools/imt_sdk_win_64/winavr/bin/../lib/gcc/avr/4.3.3/avr5\libgcc.a(_fixunssfsi.o)
 .debug_abbrev  0x0000005d      0x1ea d:/me/ee/courses/tools/imt_sdk_win_64/winavr/bin/../lib/gcc/avr/4.3.3/avr5\libgcc.a(_addsub_sf.o)
 .debug_abbrev  0x00000247      0x21b d:/me/ee/courses/tools/imt_sdk_win_64/winavr/bin/../lib/gcc/avr/4.3.3/avr5\libgcc.a(_mul_sf.o)
 .debug_abbrev  0x00000462      0x216 d:/me/ee/courses/tools/imt_sdk_win_64/winavr/bin/../lib/gcc/avr/4.3.3/avr5\libgcc.a(_div_sf.o)
 .debug_abbrev  0x00000678      0x15a d:/me/ee/courses/tools/imt_sdk_win_64/winavr/bin/../lib/gcc/avr/4.3.3/avr5\libgcc.a(_gt_sf.o)
 .debug_abbrev  0x000007d2      0x15a d:/me/ee/courses/tools/imt_sdk_win_64/winavr/bin/../lib/gcc/avr/4.3.3/avr5\libgcc.a(_ge_sf.o)
 .debug_abbrev  0x0000092c      0x15a d:/me/ee/courses/tools/imt_sdk_win_64/winavr/bin/../lib/gcc/avr/4.3.3/avr5\libgcc.a(_lt_sf.o)
 .debug_abbrev  0x00000a86      0x17f d:/me/ee/courses/tools/imt_sdk_win_64/winavr/bin/../lib/gcc/avr/4.3.3/avr5\libgcc.a(_sf_to_si.o)
 .debug_abbrev  0x00000c05       0xad d:/me/ee/courses/tools/imt_sdk_win_64/winavr/bin/../lib/gcc/avr/4.3.3/avr5\libgcc.a(_thenan_sf.o)
 .debug_abbrev  0x00000cb2      0x1c0 d:/me/ee/courses/tools/imt_sdk_win_64/winavr/bin/../lib/gcc/avr/4.3.3/avr5\libgcc.a(_pack_sf.o)
 .debug_abbrev  0x00000e72      0x154 d:/me/ee/courses/tools/imt_sdk_win_64/winavr/bin/../lib/gcc/avr/4.3.3/avr5\libgcc.a(_unpack_sf.o)
 .debug_abbrev  0x00000fc6      0x13b d:/me/ee/courses/tools/imt_sdk_win_64/winavr/bin/../lib/gcc/avr/4.3.3/avr5\libgcc.a(_fpcmp_parts_sf.o)

.debug_line     0x00000000      0xf82
 *(.debug_line)
 .debug_line    0x00000000       0xa7 d:/me/ee/courses/tools/imt_sdk_win_64/winavr/bin/../lib/gcc/avr/4.3.3/avr5\libgcc.a(_fixunssfsi.o)
 .debug_line    0x000000a7      0x2af d:/me/ee/courses/tools/imt_sdk_win_64/winavr/bin/../lib/gcc/avr/4.3.3/avr5\libgcc.a(_addsub_sf.o)
 .debug_line    0x00000356      0x239 d:/me/ee/courses/tools/imt_sdk_win_64/winavr/bin/../lib/gcc/avr/4.3.3/avr5\libgcc.a(_mul_sf.o)
 .debug_line    0x0000058f      0x1d5 d:/me/ee/courses/tools/imt_sdk_win_64/winavr/bin/../lib/gcc/avr/4.3.3/avr5\libgcc.a(_div_sf.o)
 .debug_line    0x00000764       0xd3 d:/me/ee/courses/tools/imt_sdk_win_64/winavr/bin/../lib/gcc/avr/4.3.3/avr5\libgcc.a(_gt_sf.o)
 .debug_line    0x00000837       0xd3 d:/me/ee/courses/tools/imt_sdk_win_64/winavr/bin/../lib/gcc/avr/4.3.3/avr5\libgcc.a(_ge_sf.o)
 .debug_line    0x0000090a       0xd3 d:/me/ee/courses/tools/imt_sdk_win_64/winavr/bin/../lib/gcc/avr/4.3.3/avr5\libgcc.a(_lt_sf.o)
 .debug_line    0x000009dd      0x109 d:/me/ee/courses/tools/imt_sdk_win_64/winavr/bin/../lib/gcc/avr/4.3.3/avr5\libgcc.a(_sf_to_si.o)
 .debug_line    0x00000ae6       0x90 d:/me/ee/courses/tools/imt_sdk_win_64/winavr/bin/../lib/gcc/avr/4.3.3/avr5\libgcc.a(_thenan_sf.o)
 .debug_line    0x00000b76      0x18a d:/me/ee/courses/tools/imt_sdk_win_64/winavr/bin/../lib/gcc/avr/4.3.3/avr5\libgcc.a(_pack_sf.o)
 .debug_line    0x00000d00      0x14b d:/me/ee/courses/tools/imt_sdk_win_64/winavr/bin/../lib/gcc/avr/4.3.3/avr5\libgcc.a(_unpack_sf.o)
 .debug_line    0x00000e4b      0x137 d:/me/ee/courses/tools/imt_sdk_win_64/winavr/bin/../lib/gcc/avr/4.3.3/avr5\libgcc.a(_fpcmp_parts_sf.o)

.debug_frame    0x00000000      0x180
 *(.debug_frame)
 .debug_frame   0x00000000       0x20 d:/me/ee/courses/tools/imt_sdk_win_64/winavr/bin/../lib/gcc/avr/4.3.3/avr5\libgcc.a(_fixunssfsi.o)
 .debug_frame   0x00000020       0x40 d:/me/ee/courses/tools/imt_sdk_win_64/winavr/bin/../lib/gcc/avr/4.3.3/avr5\libgcc.a(_addsub_sf.o)
 .debug_frame   0x00000060       0x20 d:/me/ee/courses/tools/imt_sdk_win_64/winavr/bin/../lib/gcc/avr/4.3.3/avr5\libgcc.a(_mul_sf.o)
 .debug_frame   0x00000080       0x20 d:/me/ee/courses/tools/imt_sdk_win_64/winavr/bin/../lib/gcc/avr/4.3.3/avr5\libgcc.a(_div_sf.o)
 .debug_frame   0x000000a0       0x20 d:/me/ee/courses/tools/imt_sdk_win_64/winavr/bin/../lib/gcc/avr/4.3.3/avr5\libgcc.a(_gt_sf.o)
 .debug_frame   0x000000c0       0x20 d:/me/ee/courses/tools/imt_sdk_win_64/winavr/bin/../lib/gcc/avr/4.3.3/avr5\libgcc.a(_ge_sf.o)
 .debug_frame   0x000000e0       0x20 d:/me/ee/courses/tools/imt_sdk_win_64/winavr/bin/../lib/gcc/avr/4.3.3/avr5\libgcc.a(_lt_sf.o)
 .debug_frame   0x00000100       0x20 d:/me/ee/courses/tools/imt_sdk_win_64/winavr/bin/../lib/gcc/avr/4.3.3/avr5\libgcc.a(_sf_to_si.o)
 .debug_frame   0x00000120       0x20 d:/me/ee/courses/tools/imt_sdk_win_64/winavr/bin/../lib/gcc/avr/4.3.3/avr5\libgcc.a(_pack_sf.o)
 .debug_frame   0x00000140       0x20 d:/me/ee/courses/tools/imt_sdk_win_64/winavr/bin/../lib/gcc/avr/4.3.3/avr5\libgcc.a(_unpack_sf.o)
 .debug_frame   0x00000160       0x20 d:/me/ee/courses/tools/imt_sdk_win_64/winavr/bin/../lib/gcc/avr/4.3.3/avr5\libgcc.a(_fpcmp_parts_sf.o)

.debug_str      0x00000000      0x2c2
 *(.debug_str)
 .debug_str     0x00000000       0xbf d:/me/ee/courses/tools/imt_sdk_win_64/winavr/bin/../lib/gcc/avr/4.3.3/avr5\libgcc.a(_fixunssfsi.o)
                                 0xfe (size before relaxing)
 .debug_str     0x000000bf      0x14d d:/me/ee/courses/tools/imt_sdk_win_64/winavr/bin/../lib/gcc/avr/4.3.3/avr5\libgcc.a(_addsub_sf.o)
                                0x206 (size before relaxing)
 .debug_str     0x0000020c       0x27 d:/me/ee/courses/tools/imt_sdk_win_64/winavr/bin/../lib/gcc/avr/4.3.3/avr5\libgcc.a(_mul_sf.o)
                                0x1bf (size before relaxing)
 .debug_str     0x00000233       0x35 d:/me/ee/courses/tools/imt_sdk_win_64/winavr/bin/../lib/gcc/avr/4.3.3/avr5\libgcc.a(_div_sf.o)
                                0x1c8 (size before relaxing)
 .debug_str     0x00000268        0xf d:/me/ee/courses/tools/imt_sdk_win_64/winavr/bin/../lib/gcc/avr/4.3.3/avr5\libgcc.a(_gt_sf.o)
                                0x195 (size before relaxing)
 .debug_str     0x00000277        0x8 d:/me/ee/courses/tools/imt_sdk_win_64/winavr/bin/../lib/gcc/avr/4.3.3/avr5\libgcc.a(_ge_sf.o)
                                0x195 (size before relaxing)
 .debug_str     0x0000027f        0x8 d:/me/ee/courses/tools/imt_sdk_win_64/winavr/bin/../lib/gcc/avr/4.3.3/avr5\libgcc.a(_lt_sf.o)
                                0x195 (size before relaxing)
 .debug_str     0x00000287        0xa d:/me/ee/courses/tools/imt_sdk_win_64/winavr/bin/../lib/gcc/avr/4.3.3/avr5\libgcc.a(_sf_to_si.o)
                                0x19e (size before relaxing)
 .debug_str     0x00000000      0x103 d:/me/ee/courses/tools/imt_sdk_win_64/winavr/bin/../lib/gcc/avr/4.3.3/avr5\libgcc.a(_thenan_sf.o)
 .debug_str     0x00000291       0x16 d:/me/ee/courses/tools/imt_sdk_win_64/winavr/bin/../lib/gcc/avr/4.3.3/avr5\libgcc.a(_pack_sf.o)
                                0x19d (size before relaxing)
 .debug_str     0x000002a7        0xb d:/me/ee/courses/tools/imt_sdk_win_64/winavr/bin/../lib/gcc/avr/4.3.3/avr5\libgcc.a(_unpack_sf.o)
                                0x17f (size before relaxing)
 .debug_str     0x000002b2       0x10 d:/me/ee/courses/tools/imt_sdk_win_64/winavr/bin/../lib/gcc/avr/4.3.3/avr5\libgcc.a(_fpcmp_parts_sf.o)
                                0x163 (size before relaxing)

.debug_loc      0x00000000      0x88e
 *(.debug_loc)
 .debug_loc     0x00000000       0x34 d:/me/ee/courses/tools/imt_sdk_win_64/winavr/bin/../lib/gcc/avr/4.3.3/avr5\libgcc.a(_fixunssfsi.o)
 .debug_loc     0x00000034      0x32a d:/me/ee/courses/tools/imt_sdk_win_64/winavr/bin/../lib/gcc/avr/4.3.3/avr5\libgcc.a(_addsub_sf.o)
 .debug_loc     0x0000035e      0x104 d:/me/ee/courses/tools/imt_sdk_win_64/winavr/bin/../lib/gcc/avr/4.3.3/avr5\libgcc.a(_mul_sf.o)
 .debug_loc     0x00000462       0xc0 d:/me/ee/courses/tools/imt_sdk_win_64/winavr/bin/../lib/gcc/avr/4.3.3/avr5\libgcc.a(_div_sf.o)
 .debug_loc     0x00000522       0x3c d:/me/ee/courses/tools/imt_sdk_win_64/winavr/bin/../lib/gcc/avr/4.3.3/avr5\libgcc.a(_gt_sf.o)
 .debug_loc     0x0000055e       0x3c d:/me/ee/courses/tools/imt_sdk_win_64/winavr/bin/../lib/gcc/avr/4.3.3/avr5\libgcc.a(_ge_sf.o)
 .debug_loc     0x0000059a       0x3c d:/me/ee/courses/tools/imt_sdk_win_64/winavr/bin/../lib/gcc/avr/4.3.3/avr5\libgcc.a(_lt_sf.o)
 .debug_loc     0x000005d6       0x7e d:/me/ee/courses/tools/imt_sdk_win_64/winavr/bin/../lib/gcc/avr/4.3.3/avr5\libgcc.a(_sf_to_si.o)
 .debug_loc     0x00000654      0x13e d:/me/ee/courses/tools/imt_sdk_win_64/winavr/bin/../lib/gcc/avr/4.3.3/avr5\libgcc.a(_pack_sf.o)
 .debug_loc     0x00000792       0xac d:/me/ee/courses/tools/imt_sdk_win_64/winavr/bin/../lib/gcc/avr/4.3.3/avr5\libgcc.a(_unpack_sf.o)
 .debug_loc     0x0000083e       0x50 d:/me/ee/courses/tools/imt_sdk_win_64/winavr/bin/../lib/gcc/avr/4.3.3/avr5\libgcc.a(_fpcmp_parts_sf.o)

.debug_macinfo
 *(.debug_macinfo)
OUTPUT(ATmega32_Drivers.elf elf32-avr)
LOAD linker stubs

.debug_ranges   0x00000000       0x50
 .debug_ranges  0x00000000       0x50 d:/me/ee/courses/tools/imt_sdk_win_64/winavr/bin/../lib/gcc/avr/4.3.3/avr5\libgcc.a(_mul_sf.o)
