Archive member included because of file (symbol)

d:/me/ee/courses/tools/imt_sdk_win_64/winavr/bin/../lib/gcc/avr/4.3.3/avr5\libgcc.a(_mulsi3.o)
                              ./Src/ULTRASONIC_Program.o (__mulsi3)
d:/me/ee/courses/tools/imt_sdk_win_64/winavr/bin/../lib/gcc/avr/4.3.3/avr5\libgcc.a(_udivmodhi4.o)
                              ./Src/LCD4_Program.o (__udivmodhi4)
d:/me/ee/courses/tools/imt_sdk_win_64/winavr/bin/../lib/gcc/avr/4.3.3/avr5\libgcc.a(_exit.o)
                              d:/me/ee/courses/tools/imt_sdk_win_64/winavr/bin/../lib/gcc/avr/4.3.3/../../../../avr/lib/avr5/crtm32.o (exit)
d:/me/ee/courses/tools/imt_sdk_win_64/winavr/bin/../lib/gcc/avr/4.3.3/avr5\libgcc.a(_copy_data.o)
                              ./Src/KEYPAD_Program.o (__do_copy_data)
d:/me/ee/courses/tools/imt_sdk_win_64/winavr/bin/../lib/gcc/avr/4.3.3/avr5\libgcc.a(_clear_bss.o)
                              ./Src/ADC_Program.o (__do_clear_bss)
d:/me/ee/courses/tools/imt_sdk_win_64/winavr/bin/../lib/gcc/avr/4.3.3/avr5\libgcc.a(_ashldi3.o)
                              ./Src/SERVO_Program.o (__ashldi3)
d:/me/ee/courses/tools/imt_sdk_win_64/winavr/bin/../lib/gcc/avr/4.3.3/avr5\libgcc.a(_fixunssfsi.o)
                              ./Src/DCMOTOR_Program.o (__fixunssfsi)
d:/me/ee/courses/tools/imt_sdk_win_64/winavr/bin/../lib/gcc/avr/4.3.3/avr5\libgcc.a(_udivdi3.o)
                              ./Src/SERVO_Program.o (__udivdi3)
d:/me/ee/courses/tools/imt_sdk_win_64/winavr/bin/../lib/gcc/avr/4.3.3/avr5\libgcc.a(_addsub_sf.o)
                              d:/me/ee/courses/tools/imt_sdk_win_64/winavr/bin/../lib/gcc/avr/4.3.3/avr5\libgcc.a(_fixunssfsi.o) (__subsf3)
d:/me/ee/courses/tools/imt_sdk_win_64/winavr/bin/../lib/gcc/avr/4.3.3/avr5\libgcc.a(_mul_sf.o)
                              ./Src/DCMOTOR_Program.o (__mulsf3)
d:/me/ee/courses/tools/imt_sdk_win_64/winavr/bin/../lib/gcc/avr/4.3.3/avr5\libgcc.a(_div_sf.o)
                              ./Src/LCD4_Program.o (__divsf3)
d:/me/ee/courses/tools/imt_sdk_win_64/winavr/bin/../lib/gcc/avr/4.3.3/avr5\libgcc.a(_gt_sf.o)
                              ./Src/DCMOTOR_Program.o (__gtsf2)
d:/me/ee/courses/tools/imt_sdk_win_64/winavr/bin/../lib/gcc/avr/4.3.3/avr5\libgcc.a(_ge_sf.o)
                              d:/me/ee/courses/tools/imt_sdk_win_64/winavr/bin/../lib/gcc/avr/4.3.3/avr5\libgcc.a(_fixunssfsi.o) (__gesf2)
d:/me/ee/courses/tools/imt_sdk_win_64/winavr/bin/../lib/gcc/avr/4.3.3/avr5\libgcc.a(_lt_sf.o)
                              ./Src/DCMOTOR_Program.o (__ltsf2)
d:/me/ee/courses/tools/imt_sdk_win_64/winavr/bin/../lib/gcc/avr/4.3.3/avr5\libgcc.a(_sf_to_si.o)
                              d:/me/ee/courses/tools/imt_sdk_win_64/winavr/bin/../lib/gcc/avr/4.3.3/avr5\libgcc.a(_fixunssfsi.o) (__fixsfsi)
d:/me/ee/courses/tools/imt_sdk_win_64/winavr/bin/../lib/gcc/avr/4.3.3/avr5\libgcc.a(_thenan_sf.o)
                              d:/me/ee/courses/tools/imt_sdk_win_64/winavr/bin/../lib/gcc/avr/4.3.3/avr5\libgcc.a(_addsub_sf.o) (__thenan_sf)
d:/me/ee/courses/tools/imt_sdk_win_64/winavr/bin/../lib/gcc/avr/4.3.3/avr5\libgcc.a(_udivmodsi4.o)
                              d:/me/ee/courses/tools/imt_sdk_win_64/winavr/bin/../lib/gcc/avr/4.3.3/avr5\libgcc.a(_udivdi3.o) (__udivmodsi4)
d:/me/ee/courses/tools/imt_sdk_win_64/winavr/bin/../lib/gcc/avr/4.3.3/avr5\libgcc.a(_prologue.o)
                              d:/me/ee/courses/tools/imt_sdk_win_64/winavr/bin/../lib/gcc/avr/4.3.3/avr5\libgcc.a(_udivdi3.o) (__prologue_saves__)
d:/me/ee/courses/tools/imt_sdk_win_64/winavr/bin/../lib/gcc/avr/4.3.3/avr5\libgcc.a(_epilogue.o)
                              d:/me/ee/courses/tools/imt_sdk_win_64/winavr/bin/../lib/gcc/avr/4.3.3/avr5\libgcc.a(_udivdi3.o) (__epilogue_restores__)
d:/me/ee/courses/tools/imt_sdk_win_64/winavr/bin/../lib/gcc/avr/4.3.3/avr5\libgcc.a(_clz.o)
                              d:/me/ee/courses/tools/imt_sdk_win_64/winavr/bin/../lib/gcc/avr/4.3.3/avr5\libgcc.a(_udivdi3.o) (__clz_tab)
d:/me/ee/courses/tools/imt_sdk_win_64/winavr/bin/../lib/gcc/avr/4.3.3/avr5\libgcc.a(_pack_sf.o)
                              d:/me/ee/courses/tools/imt_sdk_win_64/winavr/bin/../lib/gcc/avr/4.3.3/avr5\libgcc.a(_addsub_sf.o) (__pack_f)
d:/me/ee/courses/tools/imt_sdk_win_64/winavr/bin/../lib/gcc/avr/4.3.3/avr5\libgcc.a(_unpack_sf.o)
                              d:/me/ee/courses/tools/imt_sdk_win_64/winavr/bin/../lib/gcc/avr/4.3.3/avr5\libgcc.a(_addsub_sf.o) (__unpack_f)
d:/me/ee/courses/tools/imt_sdk_win_64/winavr/bin/../lib/gcc/avr/4.3.3/avr5\libgcc.a(_fpcmp_parts_sf.o)
                              d:/me/ee/courses/tools/imt_sdk_win_64/winavr/bin/../lib/gcc/avr/4.3.3/avr5\libgcc.a(_gt_sf.o) (__fpcmp_parts_f)

Allocating common symbols
Common symbol       size              file

t2                  0x2               ./Src/ULTRASONIC_Program.o
RTOS_AOfTasks       0x12              ./Src/RTOS_Program.o
t1                  0x2               ./Src/ULTRASONIC_Program.o

Memory Configuration

Name             Origin             Length             Attributes
text             0x00000000         0x00020000         xr
data             0x00800060         0x0000ffa0         rw !x
eeprom           0x00810000         0x00010000         rw !x
fuse             0x00820000         0x00000400         rw !x
lock             0x00830000         0x00000400         rw !x
signature        0x00840000         0x00000400         rw !x
*default*        0x00000000         0xffffffff

Linker script and memory map

LOAD d:/me/ee/courses/tools/imt_sdk_win_64/winavr/bin/../lib/gcc/avr/4.3.3/../../../../avr/lib/avr5/crtm32.o
LOAD ./Src/ADC_Program.o
LOAD ./Src/DCMOTOR_Program.o
LOAD ./Src/DIO_Program.o
LOAD ./Src/EEPROM_Program.o
LOAD ./Src/EXTI_Program.o
LOAD ./Src/GI_Program.o
LOAD ./Src/KEYPAD_Program.o
LOAD ./Src/LCD4_Program.o
LOAD ./Src/LCD8_Program.o
LOAD ./Src/RTOS_Program.o
LOAD ./Src/SERVO_Program.o
LOAD ./Src/SPI_Program.o
LOAD ./Src/SSD_Program.o
LOAD ./Src/STEPPER_Program.o
LOAD ./Src/TIMER0_Program.o
LOAD ./Src/TIMER1_Program.o
LOAD ./Src/TIMER2_Program.o
LOAD ./Src/TWI_Program.o
LOAD ./Src/UART_Program.o
LOAD ./Src/ULTRASONIC_Program.o
LOAD ./Src/WDT_Program.o
LOAD ./Src/main.o
LOAD ./Include/SERVICES/UART/UART_services.o
LOAD d:/me/ee/courses/tools/imt_sdk_win_64/winavr/bin/../lib/gcc/avr/4.3.3/avr5\libgcc.a
LOAD d:/me/ee/courses/tools/imt_sdk_win_64/winavr/bin/../lib/gcc/avr/4.3.3/../../../../avr/lib/avr5\libc.a
LOAD d:/me/ee/courses/tools/imt_sdk_win_64/winavr/bin/../lib/gcc/avr/4.3.3/avr5\libgcc.a

.hash
 *(.hash)

.dynsym
 *(.dynsym)

.dynstr
 *(.dynstr)

.gnu.version
 *(.gnu.version)

.gnu.version_d
 *(.gnu.version_d)

.gnu.version_r
 *(.gnu.version_r)

.rel.init
 *(.rel.init)

.rela.init
 *(.rela.init)

.rel.text
 *(.rel.text)
 *(.rel.text.*)
 *(.rel.gnu.linkonce.t*)

.rela.text
 *(.rela.text)
 *(.rela.text.*)
 *(.rela.gnu.linkonce.t*)

.rel.fini
 *(.rel.fini)

.rela.fini
 *(.rela.fini)

.rel.rodata
 *(.rel.rodata)
 *(.rel.rodata.*)
 *(.rel.gnu.linkonce.r*)

.rela.rodata
 *(.rela.rodata)
 *(.rela.rodata.*)
 *(.rela.gnu.linkonce.r*)

.rel.data
 *(.rel.data)
 *(.rel.data.*)
 *(.rel.gnu.linkonce.d*)

.rela.data
 *(.rela.data)
 *(.rela.data.*)
 *(.rela.gnu.linkonce.d*)

.rel.ctors
 *(.rel.ctors)

.rela.ctors
 *(.rela.ctors)

.rel.dtors
 *(.rel.dtors)

.rela.dtors
 *(.rela.dtors)

.rel.got
 *(.rel.got)

.rela.got
 *(.rela.got)

.rel.bss
 *(.rel.bss)

.rela.bss
 *(.rela.bss)

.rel.plt
 *(.rel.plt)

.rela.plt
 *(.rela.plt)

.text           0x00000000     0x8646
 *(.vectors)
 .vectors       0x00000000       0x54 d:/me/ee/courses/tools/imt_sdk_win_64/winavr/bin/../lib/gcc/avr/4.3.3/../../../../avr/lib/avr5/crtm32.o
                0x00000000                __vectors
                0x00000000                __vector_default
 *(.vectors)
 *(.progmem.gcc*)
 *(.progmem*)
                0x00000054                . = ALIGN (0x2)
                0x00000054                __trampolines_start = .
 *(.trampolines)
 .trampolines   0x00000054        0x0 linker stubs
 *(.trampolines*)
                0x00000054                __trampolines_end = .
 *(.jumptables)
 *(.jumptables*)
 *(.lowtext)
 *(.lowtext*)
                0x00000054                __ctors_start = .
 *(.ctors)
                0x00000054                __ctors_end = .
                0x00000054                __dtors_start = .
 *(.dtors)
                0x00000054                __dtors_end = .
 SORT(*)(.ctors)
 SORT(*)(.dtors)
 *(.init0)
 .init0         0x00000054        0x0 d:/me/ee/courses/tools/imt_sdk_win_64/winavr/bin/../lib/gcc/avr/4.3.3/../../../../avr/lib/avr5/crtm32.o
                0x00000054                __init
 *(.init0)
 *(.init1)
 *(.init1)
 *(.init2)
 .init2         0x00000054        0xc d:/me/ee/courses/tools/imt_sdk_win_64/winavr/bin/../lib/gcc/avr/4.3.3/../../../../avr/lib/avr5/crtm32.o
 *(.init2)
 *(.init3)
 *(.init3)
 *(.init4)
 .init4         0x00000060       0x16 d:/me/ee/courses/tools/imt_sdk_win_64/winavr/bin/../lib/gcc/avr/4.3.3/avr5\libgcc.a(_copy_data.o)
                0x00000060                __do_copy_data
 .init4         0x00000076       0x10 d:/me/ee/courses/tools/imt_sdk_win_64/winavr/bin/../lib/gcc/avr/4.3.3/avr5\libgcc.a(_clear_bss.o)
                0x00000076                __do_clear_bss
 *(.init4)
 *(.init5)
 *(.init5)
 *(.init6)
 *(.init6)
 *(.init7)
 *(.init7)
 *(.init8)
 *(.init8)
 *(.init9)
 .init9         0x00000086        0x8 d:/me/ee/courses/tools/imt_sdk_win_64/winavr/bin/../lib/gcc/avr/4.3.3/../../../../avr/lib/avr5/crtm32.o
 *(.init9)
 *(.text)
 .text          0x0000008e        0x4 d:/me/ee/courses/tools/imt_sdk_win_64/winavr/bin/../lib/gcc/avr/4.3.3/../../../../avr/lib/avr5/crtm32.o
                0x0000008e                __bad_interrupt
                0x0000008e                __vector_17
                0x0000008e                __vector_18
                0x0000008e                __vector_20
 .text          0x00000092        0x0 ./Src/ADC_Program.o
 .text          0x00000092        0x0 ./Src/DCMOTOR_Program.o
 .text          0x00000092        0x0 ./Src/DIO_Program.o
 .text          0x00000092        0x0 ./Src/EEPROM_Program.o
 .text          0x00000092        0x0 ./Src/EXTI_Program.o
 .text          0x00000092        0x0 ./Src/GI_Program.o
 .text          0x00000092        0x0 ./Src/KEYPAD_Program.o
 .text          0x00000092        0x0 ./Src/LCD4_Program.o
 .text          0x00000092        0x0 ./Src/LCD8_Program.o
 .text          0x00000092        0x0 ./Src/RTOS_Program.o
 .text          0x00000092        0x0 ./Src/SERVO_Program.o
 .text          0x00000092        0x0 ./Src/SPI_Program.o
 .text          0x00000092        0x0 ./Src/SSD_Program.o
 .text          0x00000092        0x0 ./Src/STEPPER_Program.o
 .text          0x00000092        0x0 ./Src/TIMER0_Program.o
 .text          0x00000092        0x0 ./Src/TIMER1_Program.o
 .text          0x00000092        0x0 ./Src/TIMER2_Program.o
 .text          0x00000092        0x0 ./Src/TWI_Program.o
 .text          0x00000092        0x0 ./Src/UART_Program.o
 .text          0x00000092        0x0 ./Src/ULTRASONIC_Program.o
 .text          0x00000092        0x0 ./Src/WDT_Program.o
 .text          0x00000092        0x0 ./Src/main.o
 .text          0x00000092        0x0 ./Include/SERVICES/UART/UART_services.o
 .text          0x00000092        0x0 d:/me/ee/courses/tools/imt_sdk_win_64/winavr/bin/../lib/gcc/avr/4.3.3/avr5\libgcc.a(_mulsi3.o)
 .text          0x00000092        0x0 d:/me/ee/courses/tools/imt_sdk_win_64/winavr/bin/../lib/gcc/avr/4.3.3/avr5\libgcc.a(_udivmodhi4.o)
 .text          0x00000092        0x0 d:/me/ee/courses/tools/imt_sdk_win_64/winavr/bin/../lib/gcc/avr/4.3.3/avr5\libgcc.a(_exit.o)
 .text          0x00000092        0x0 d:/me/ee/courses/tools/imt_sdk_win_64/winavr/bin/../lib/gcc/avr/4.3.3/avr5\libgcc.a(_copy_data.o)
 .text          0x00000092        0x0 d:/me/ee/courses/tools/imt_sdk_win_64/winavr/bin/../lib/gcc/avr/4.3.3/avr5\libgcc.a(_clear_bss.o)
 .text          0x00000092       0xfe d:/me/ee/courses/tools/imt_sdk_win_64/winavr/bin/../lib/gcc/avr/4.3.3/avr5\libgcc.a(_ashldi3.o)
                0x00000092                __ashldi3
 .text          0x00000190       0x58 d:/me/ee/courses/tools/imt_sdk_win_64/winavr/bin/../lib/gcc/avr/4.3.3/avr5\libgcc.a(_fixunssfsi.o)
                0x00000190                __fixunssfsi
 .text          0x000001e8      0xcea d:/me/ee/courses/tools/imt_sdk_win_64/winavr/bin/../lib/gcc/avr/4.3.3/avr5\libgcc.a(_udivdi3.o)
                0x000001e8                __udivdi3
 .text          0x00000ed2      0x354 d:/me/ee/courses/tools/imt_sdk_win_64/winavr/bin/../lib/gcc/avr/4.3.3/avr5\libgcc.a(_addsub_sf.o)
                0x0000116a                __subsf3
                0x000011cc                __addsf3
 .text          0x00001226      0x1f4 d:/me/ee/courses/tools/imt_sdk_win_64/winavr/bin/../lib/gcc/avr/4.3.3/avr5\libgcc.a(_mul_sf.o)
                0x00001226                __mulsf3
 .text          0x0000141a      0x158 d:/me/ee/courses/tools/imt_sdk_win_64/winavr/bin/../lib/gcc/avr/4.3.3/avr5\libgcc.a(_div_sf.o)
                0x0000141a                __divsf3
 .text          0x00001572       0x60 d:/me/ee/courses/tools/imt_sdk_win_64/winavr/bin/../lib/gcc/avr/4.3.3/avr5\libgcc.a(_gt_sf.o)
                0x00001572                __gtsf2
 .text          0x000015d2       0x60 d:/me/ee/courses/tools/imt_sdk_win_64/winavr/bin/../lib/gcc/avr/4.3.3/avr5\libgcc.a(_ge_sf.o)
                0x000015d2                __gesf2
 .text          0x00001632       0x60 d:/me/ee/courses/tools/imt_sdk_win_64/winavr/bin/../lib/gcc/avr/4.3.3/avr5\libgcc.a(_lt_sf.o)
                0x00001632                __ltsf2
 .text          0x00001692       0xa8 d:/me/ee/courses/tools/imt_sdk_win_64/winavr/bin/../lib/gcc/avr/4.3.3/avr5\libgcc.a(_sf_to_si.o)
                0x00001692                __fixsfsi
 .text          0x0000173a        0x0 d:/me/ee/courses/tools/imt_sdk_win_64/winavr/bin/../lib/gcc/avr/4.3.3/avr5\libgcc.a(_thenan_sf.o)
 .text          0x0000173a        0x0 d:/me/ee/courses/tools/imt_sdk_win_64/winavr/bin/../lib/gcc/avr/4.3.3/avr5\libgcc.a(_udivmodsi4.o)
 .text          0x0000173a        0x0 d:/me/ee/courses/tools/imt_sdk_win_64/winavr/bin/../lib/gcc/avr/4.3.3/avr5\libgcc.a(_prologue.o)
 .text          0x0000173a        0x0 d:/me/ee/courses/tools/imt_sdk_win_64/winavr/bin/../lib/gcc/avr/4.3.3/avr5\libgcc.a(_epilogue.o)
 .text          0x0000173a        0x0 d:/me/ee/courses/tools/imt_sdk_win_64/winavr/bin/../lib/gcc/avr/4.3.3/avr5\libgcc.a(_clz.o)
 .text          0x0000173a      0x1aa d:/me/ee/courses/tools/imt_sdk_win_64/winavr/bin/../lib/gcc/avr/4.3.3/avr5\libgcc.a(_pack_sf.o)
                0x0000173a                __pack_f
 .text          0x000018e4       0xf0 d:/me/ee/courses/tools/imt_sdk_win_64/winavr/bin/../lib/gcc/avr/4.3.3/avr5\libgcc.a(_unpack_sf.o)
                0x000018e4                __unpack_f
 .text          0x000019d4       0xb2 d:/me/ee/courses/tools/imt_sdk_win_64/winavr/bin/../lib/gcc/avr/4.3.3/avr5\libgcc.a(_fpcmp_parts_sf.o)
                0x000019d4                __fpcmp_parts_f
                0x00001a86                . = ALIGN (0x2)
 *(.text.*)
 .text.MADC_voidInit
                0x00001a86       0x96 ./Src/ADC_Program.o
                0x00001a86                MADC_voidInit
 .text.MADC_voidInterruptEnable
                0x00001b1c       0x1c ./Src/ADC_Program.o
                0x00001b1c                MADC_voidInterruptEnable
 .text.MADC_voidInterruptDisable
                0x00001b38       0x1c ./Src/ADC_Program.o
                0x00001b38                MADC_voidInterruptDisable
 .text.MADC_u16GetDigitalValue
                0x00001b54       0x86 ./Src/ADC_Program.o
                0x00001b54                MADC_u16GetDigitalValue
 .text.MADC_voidCallBack
                0x00001bda       0x24 ./Src/ADC_Program.o
                0x00001bda                MADC_voidCallBack
 .text.__vector_16
                0x00001bfe       0x66 ./Src/ADC_Program.o
                0x00001bfe                __vector_16
 .text.HDCMOTOR_voidHBridge
                0x00001c64      0x216 ./Src/DCMOTOR_Program.o
                0x00001c64                HDCMOTOR_voidHBridge
 .text.MDIO_voidInit
                0x00001e7a       0x46 ./Src/DIO_Program.o
                0x00001e7a                MDIO_voidInit
 .text.MDIO_u8GetPinValue
                0x00001ec0      0x168 ./Src/DIO_Program.o
                0x00001ec0                MDIO_u8GetPinValue
 .text.MDIO_voidSetPinValue
                0x00002028      0x22c ./Src/DIO_Program.o
                0x00002028                MDIO_voidSetPinValue
 .text.MDIO_voidSetPinDirection
                0x00002254      0x22c ./Src/DIO_Program.o
                0x00002254                MDIO_voidSetPinDirection
 .text.MDIO_voidSetPortValue
                0x00002480       0x82 ./Src/DIO_Program.o
                0x00002480                MDIO_voidSetPortValue
 .text.MDIO_voidSetPortDirection
                0x00002502       0x82 ./Src/DIO_Program.o
                0x00002502                MDIO_voidSetPortDirection
 .text.HEEPROM_voidWriteInit
                0x00002584       0x80 ./Src/EEPROM_Program.o
                0x00002584                HEEPROM_voidWriteInit
 .text.HEEPROM_voidSendData
                0x00002604       0x22 ./Src/EEPROM_Program.o
                0x00002604                HEEPROM_voidSendData
 .text.HEEPROM_voidReadInit
                0x00002626       0xa6 ./Src/EEPROM_Program.o
                0x00002626                HEEPROM_voidReadInit
 .text.HEEPROM_u8ReadData
                0x000026cc       0x34 ./Src/EEPROM_Program.o
                0x000026cc                HEEPROM_u8ReadData
 .text.HEEPROM_voidSendStop
                0x00002700       0x12 ./Src/EEPROM_Program.o
                0x00002700                HEEPROM_voidSendStop
 .text.MEXTI_voidConfig
                0x00002712       0xe0 ./Src/EXTI_Program.o
                0x00002712                MEXTI_voidConfig
 .text.MEXTI_voidEnable
                0x000027f2       0x6e ./Src/EXTI_Program.o
                0x000027f2                MEXTI_voidEnable
 .text.MEXTI_voidDisable
                0x00002860       0x6e ./Src/EXTI_Program.o
                0x00002860                MEXTI_voidDisable
 .text.MEXTI_voidClearFlag
                0x000028ce       0x6e ./Src/EXTI_Program.o
                0x000028ce                MEXTI_voidClearFlag
 .text.MEXTI_voidSetCallBack
                0x0000293c       0x7a ./Src/EXTI_Program.o
                0x0000293c                MEXTI_voidSetCallBack
 .text.__vector_1
                0x000029b6       0x66 ./Src/EXTI_Program.o
                0x000029b6                __vector_1
 .text.__vector_2
                0x00002a1c       0x66 ./Src/EXTI_Program.o
                0x00002a1c                __vector_2
 .text.__vector_3
                0x00002a82       0x66 ./Src/EXTI_Program.o
                0x00002a82                __vector_3
 .text.MGI_voidEnable
                0x00002ae8       0x1c ./Src/GI_Program.o
                0x00002ae8                MGI_voidEnable
 .text.MGI_voidDisable
                0x00002b04       0x1c ./Src/GI_Program.o
                0x00002b04                MGI_voidDisable
 .text.HKEYPAD_u8GetPressedKey
                0x00002b20      0x1cc ./Src/KEYPAD_Program.o
                0x00002b20                HKEYPAD_u8GetPressedKey
 .text.HLCD4_voidSendCommand
                0x00002cec      0x332 ./Src/LCD4_Program.o
                0x00002cec                HLCD4_voidSendCommand
 .text.HLCD4_voidSendData
                0x0000301e      0x328 ./Src/LCD4_Program.o
                0x0000301e                HLCD4_voidSendData
 .text.HLCD4_voidInit
                0x00003346      0x5aa ./Src/LCD4_Program.o
                0x00003346                HLCD4_voidInit
 .text.HLCD4_voidClearDisplay
                0x000038f0      0x110 ./Src/LCD4_Program.o
                0x000038f0                HLCD4_voidClearDisplay
 .text.HLCD4_voidSendString
                0x00003a00       0x52 ./Src/LCD4_Program.o
                0x00003a00                HLCD4_voidSendString
 .text.HLCD4_voidGoToPos
                0x00003a52      0x154 ./Src/LCD4_Program.o
                0x00003a52                HLCD4_voidGoToPos
 .text.HLCD4_voidDisplayNumber
                0x00003ba6       0xb6 ./Src/LCD4_Program.o
                0x00003ba6                HLCD4_voidDisplayNumber
 .text.HLCD4_voidStoreCustomChar
                0x00003c5c      0x2e8 ./Src/LCD4_Program.o
                0x00003c5c                HLCD4_voidStoreCustomChar
 .text.HLCD4_voidDisplayCustomChar
                0x00003f44       0x2c ./Src/LCD4_Program.o
                0x00003f44                HLCD4_voidDisplayCustomChar
 .text.HLCD8_voidSendCommand
                0x00003f70      0x13c ./Src/LCD8_Program.o
                0x00003f70                HLCD8_voidSendCommand
 .text.HLCD8_voidSendData
                0x000040ac      0x13c ./Src/LCD8_Program.o
                0x000040ac                HLCD8_voidSendData
 .text.HLCD8_voidInit
                0x000041e8      0x3ce ./Src/LCD8_Program.o
                0x000041e8                HLCD8_voidInit
 .text.HLCD8_voidClearDisplay
                0x000045b6      0x110 ./Src/LCD8_Program.o
                0x000045b6                HLCD8_voidClearDisplay
 .text.HLCD8_voidSendString
                0x000046c6       0x52 ./Src/LCD8_Program.o
                0x000046c6                HLCD8_voidSendString
 .text.HLCD8_voidGoToPos
                0x00004718      0x154 ./Src/LCD8_Program.o
                0x00004718                HLCD8_voidGoToPos
 .text.HLCD8_voidDisplayNumber
                0x0000486c       0xb6 ./Src/LCD8_Program.o
                0x0000486c                HLCD8_voidDisplayNumber
 .text.HLCD8_voidStoreCustomChar
                0x00004922      0x2e8 ./Src/LCD8_Program.o
                0x00004922                HLCD8_voidStoreCustomChar
 .text.HLCD8_voidDisplayCustomChar
                0x00004c0a       0x2c ./Src/LCD8_Program.o
                0x00004c0a                HLCD8_voidDisplayCustomChar
 .text.RTOS_voidInit
                0x00004c36       0x20 ./Src/RTOS_Program.o
                0x00004c36                RTOS_voidInit
 .text.RTOS_voidInitArrayFunctions
                0x00004c56       0x40 ./Src/RTOS_Program.o
                0x00004c56                RTOS_voidInitArrayFunctions
 .text.RTOS_voidCreateTask
                0x00004c96       0xaa ./Src/RTOS_Program.o
                0x00004c96                RTOS_voidCreateTask
 .text.RTOS_voidScheduler
                0x00004d40      0x10e ./Src/RTOS_Program.o
                0x00004d40                RTOS_voidScheduler
 .text.HSERVO_voidInit
                0x00004e4e       0x22 ./Src/SERVO_Program.o
                0x00004e4e                HSERVO_voidInit
 .text.HSERVO_voidSetServoAngle
                0x00004e70      0x5b0 ./Src/SERVO_Program.o
                0x00004e70                HSERVO_voidSetServoAngle
 .text.MSPI_int
                0x00005420       0x7e ./Src/SPI_Program.o
                0x00005420                MSPI_int
 .text.MSPI_u8SendRecieveData
                0x0000549e       0x40 ./Src/SPI_Program.o
                0x0000549e                MSPI_u8SendRecieveData
 .text.MSPI_voidInterruptEnable
                0x000054de       0x1c ./Src/SPI_Program.o
                0x000054de                MSPI_voidInterruptEnable
 .text.MSPI_voidInterruptDisable
                0x000054fa       0x1c ./Src/SPI_Program.o
                0x000054fa                MSPI_voidInterruptDisable
 .text.MSPI_voidSetCallBack
                0x00005516       0x24 ./Src/SPI_Program.o
                0x00005516                MSPI_voidSetCallBack
 .text.__vector_12
                0x0000553a       0x66 ./Src/SPI_Program.o
                0x0000553a                __vector_12
 .text.HSSD_voidDisplay
                0x000055a0      0x11a ./Src/SSD_Program.o
                0x000055a0                HSSD_voidDisplay
 .text.HSSD_voidDisplayAscending
                0x000056ba      0x176 ./Src/SSD_Program.o
                0x000056ba                HSSD_voidDisplayAscending
 .text.HSSD_voidDisplayDescending
                0x00005830      0x15e ./Src/SSD_Program.o
                0x00005830                HSSD_voidDisplayDescending
 .text.HSTEP_voidFullStep
                0x0000598e      0x456 ./Src/STEPPER_Program.o
                0x0000598e                HSTEP_voidFullStep
 .text.HSTEP_voidMotorAngle
                0x00005de4      0x4b4 ./Src/STEPPER_Program.o
                0x00005de4                HSTEP_voidMotorAngle
 .text.MTIMER0_voidInit
                0x00006298      0x148 ./Src/TIMER0_Program.o
                0x00006298                MTIMER0_voidInit
 .text.MTIMER0_voidOverFlowInterruptEnable
                0x000063e0       0x1c ./Src/TIMER0_Program.o
                0x000063e0                MTIMER0_voidOverFlowInterruptEnable
 .text.MTIMER0_voidOverFlowInterruptDisable
                0x000063fc       0x1c ./Src/TIMER0_Program.o
                0x000063fc                MTIMER0_voidOverFlowInterruptDisable
 .text.MTIMER0_voidCompareInterruptEnable
                0x00006418       0x1c ./Src/TIMER0_Program.o
                0x00006418                MTIMER0_voidCompareInterruptEnable
 .text.MTIMER0_voidCompareInterruptDisable
                0x00006434       0x1c ./Src/TIMER0_Program.o
                0x00006434                MTIMER0_voidCompareInterruptDisable
 .text.MTIMER0_voidSetPreLoad
                0x00006450       0x1c ./Src/TIMER0_Program.o
                0x00006450                MTIMER0_voidSetPreLoad
 .text.MTIMER0_voidSetOCR0
                0x0000646c       0x1c ./Src/TIMER0_Program.o
                0x0000646c                MTIMER0_voidSetOCR0
 .text.MTIMER0_voidOVFSetCallBack
                0x00006488       0x24 ./Src/TIMER0_Program.o
                0x00006488                MTIMER0_voidOVFSetCallBack
 .text.MTIMER0_voidCTCSetCallBack
                0x000064ac       0x24 ./Src/TIMER0_Program.o
                0x000064ac                MTIMER0_voidCTCSetCallBack
 .text.__vector_11
                0x000064d0       0x66 ./Src/TIMER0_Program.o
                0x000064d0                __vector_11
 .text.__vector_10
                0x00006536       0x66 ./Src/TIMER0_Program.o
                0x00006536                __vector_10
 .text.MTIMER1_voidInit
                0x0000659c      0x4ae ./Src/TIMER1_Program.o
                0x0000659c                MTIMER1_voidInit
 .text.MTIMER1_voidInputCaptureEdge
                0x00006a4a       0x3e ./Src/TIMER1_Program.o
                0x00006a4a                MTIMER1_voidInputCaptureEdge
 .text.MTIMER1_voidMeasurePWM
                0x00006a88       0xde ./Src/TIMER1_Program.o
                0x00006a88                MTIMER1_voidMeasurePWM
 .text.MTIMER1_voidGetICR1
                0x00006b66       0x16 ./Src/TIMER1_Program.o
                0x00006b66                MTIMER1_voidGetICR1
 .text.MTIMER1_voidCaptureInterruptEnable
                0x00006b7c       0x1c ./Src/TIMER1_Program.o
                0x00006b7c                MTIMER1_voidCaptureInterruptEnable
 .text.MTIMER1_voidCaptureInterruptDisable
                0x00006b98       0x1c ./Src/TIMER1_Program.o
                0x00006b98                MTIMER1_voidCaptureInterruptDisable
 .text.MTIMER1_voidCompareAInterruptEnable
                0x00006bb4       0x1c ./Src/TIMER1_Program.o
                0x00006bb4                MTIMER1_voidCompareAInterruptEnable
 .text.MTIMER1_voidCompareAInterruptDisable
                0x00006bd0       0x1c ./Src/TIMER1_Program.o
                0x00006bd0                MTIMER1_voidCompareAInterruptDisable
 .text.MTIMER1_voidCompareBInterruptEnable
                0x00006bec       0x1c ./Src/TIMER1_Program.o
                0x00006bec                MTIMER1_voidCompareBInterruptEnable
 .text.MTIMER1_voidCompareBInterruptDisable
                0x00006c08       0x1c ./Src/TIMER1_Program.o
                0x00006c08                MTIMER1_voidCompareBInterruptDisable
 .text.MTIMER1_voidOverFlowInterruptEnable
                0x00006c24       0x1c ./Src/TIMER1_Program.o
                0x00006c24                MTIMER1_voidOverFlowInterruptEnable
 .text.MTIMER1_voidOverFlowInterruptDisable
                0x00006c40       0x1c ./Src/TIMER1_Program.o
                0x00006c40                MTIMER1_voidOverFlowInterruptDisable
 .text.MTIMER1_voidSetICR1Value
                0x00006c5c       0x24 ./Src/TIMER1_Program.o
                0x00006c5c                MTIMER1_voidSetICR1Value
 .text.MTIMER1_voidSetOCR1AValue
                0x00006c80       0x24 ./Src/TIMER1_Program.o
                0x00006c80                MTIMER1_voidSetOCR1AValue
 .text.MTIMER1_voidSetOCR1BValue
                0x00006ca4       0x24 ./Src/TIMER1_Program.o
                0x00006ca4                MTIMER1_voidSetOCR1BValue
 .text.MTIMER1_voidSetTCNT1Value
                0x00006cc8       0x24 ./Src/TIMER1_Program.o
                0x00006cc8                MTIMER1_voidSetTCNT1Value
 .text.MTIMER1_voidSetCallBackCapture
                0x00006cec       0x24 ./Src/TIMER1_Program.o
                0x00006cec                MTIMER1_voidSetCallBackCapture
 .text.MTIMER1_voidSetCallBackCOMA
                0x00006d10       0x24 ./Src/TIMER1_Program.o
                0x00006d10                MTIMER1_voidSetCallBackCOMA
 .text.MTIMER1_voidSetCallBackCOMB
                0x00006d34       0x24 ./Src/TIMER1_Program.o
                0x00006d34                MTIMER1_voidSetCallBackCOMB
 .text.MTIMER1_voidSetCallBackOVF
                0x00006d58       0x24 ./Src/TIMER1_Program.o
                0x00006d58                MTIMER1_voidSetCallBackOVF
 .text.__vector_6
                0x00006d7c       0x66 ./Src/TIMER1_Program.o
                0x00006d7c                __vector_6
 .text.__vector_7
                0x00006de2       0x66 ./Src/TIMER1_Program.o
                0x00006de2                __vector_7
 .text.__vector_8
                0x00006e48       0x66 ./Src/TIMER1_Program.o
                0x00006e48                __vector_8
 .text.__vector_9
                0x00006eae       0x66 ./Src/TIMER1_Program.o
                0x00006eae                __vector_9
 .text.func_ICU
                0x00006f14       0x70 ./Src/TIMER1_Program.o
 .text.MTIMER2_voidInit
                0x00006f84      0x10e ./Src/TIMER2_Program.o
                0x00006f84                MTIMER2_voidInit
 .text.MTIMER2_voidSetTCNT2
                0x00007092       0x1c ./Src/TIMER2_Program.o
                0x00007092                MTIMER2_voidSetTCNT2
 .text.MTIMER2_voidSetOCR2
                0x000070ae       0x1c ./Src/TIMER2_Program.o
                0x000070ae                MTIMER2_voidSetOCR2
 .text.MTIMER2_voidOverFlowInterruptEnable
                0x000070ca       0x1c ./Src/TIMER2_Program.o
                0x000070ca                MTIMER2_voidOverFlowInterruptEnable
 .text.MTIMER2_voidOverFlowInterruptDisable
                0x000070e6       0x1c ./Src/TIMER2_Program.o
                0x000070e6                MTIMER2_voidOverFlowInterruptDisable
 .text.MTIMER2_voidCompareInterruptEnable
                0x00007102       0x1c ./Src/TIMER2_Program.o
                0x00007102                MTIMER2_voidCompareInterruptEnable
 .text.MTIMER2_voidCompareInterruptDisable
                0x0000711e       0x1c ./Src/TIMER2_Program.o
                0x0000711e                MTIMER2_voidCompareInterruptDisable
 .text.MTIMER2_voidSetCallBackOVF
                0x0000713a       0x24 ./Src/TIMER2_Program.o
                0x0000713a                MTIMER2_voidSetCallBackOVF
 .text.MTIMER2_voidSetCallBackCTC
                0x0000715e       0x24 ./Src/TIMER2_Program.o
                0x0000715e                MTIMER2_voidSetCallBackCTC
 .text.__vector_5
                0x00007182       0x66 ./Src/TIMER2_Program.o
                0x00007182                __vector_5
 .text.__vector_4
                0x000071e8       0x66 ./Src/TIMER2_Program.o
                0x000071e8                __vector_4
 .text.MTWI_voidInit
                0x0000724e       0x34 ./Src/TWI_Program.o
                0x0000724e                MTWI_voidInit
 .text.MTWI_u8Start
                0x00007282       0x56 ./Src/TWI_Program.o
                0x00007282                MTWI_u8Start
 .text.MTWI_u8SendSlaveAddWrite
                0x000072d8       0x62 ./Src/TWI_Program.o
                0x000072d8                MTWI_u8SendSlaveAddWrite
 .text.MTWI_u8SendData
                0x0000733a       0x62 ./Src/TWI_Program.o
                0x0000733a                MTWI_u8SendData
 .text.MTWI_u8SendReStart
                0x0000739c       0x56 ./Src/TWI_Program.o
                0x0000739c                MTWI_u8SendReStart
 .text.MTWI_u8SendSlaveAddRead
                0x000073f2       0x6c ./Src/TWI_Program.o
                0x000073f2                MTWI_u8SendSlaveAddRead
 .text.MTWI_u8ReadData
                0x0000745e       0x7e ./Src/TWI_Program.o
                0x0000745e                MTWI_u8ReadData
 .text.MTWI_voidStop
                0x000074dc       0x16 ./Src/TWI_Program.o
                0x000074dc                MTWI_voidStop
 .text.MTWI_voidSetCallBack
                0x000074f2       0x24 ./Src/TWI_Program.o
                0x000074f2                MTWI_voidSetCallBack
 .text.MTWI_voidSetInterruptEnable
                0x00007516       0x1c ./Src/TWI_Program.o
                0x00007516                MTWI_voidSetInterruptEnable
 .text.MTWI_voidSetIntDisable
                0x00007532       0x1c ./Src/TWI_Program.o
                0x00007532                MTWI_voidSetIntDisable
 .text.__vector_19
                0x0000754e       0x66 ./Src/TWI_Program.o
                0x0000754e                __vector_19
 .text.MUSART_voidInit
                0x000075b4       0xa2 ./Src/UART_Program.o
                0x000075b4                MUSART_voidInit
 .text.MUSART_voidSendByteSynchNonBlocking
                0x00007656       0x8c ./Src/UART_Program.o
                0x00007656                MUSART_voidSendByteSynchNonBlocking
 .text.MUSART_voidSendByteSynchBlocking
                0x000076e2       0x3a ./Src/UART_Program.o
                0x000076e2                MUSART_voidSendByteSynchBlocking
 .text.MUSART_voidSendByteAsynch
                0x0000771c       0x1c ./Src/UART_Program.o
                0x0000771c                MUSART_voidSendByteAsynch
 .text.MUSART_u8ReadByteSynchBlocking
                0x00007738       0x32 ./Src/UART_Program.o
                0x00007738                MUSART_u8ReadByteSynchBlocking
 .text.MUSART_u8ReadByteSynchNonBlocking
                0x0000776a       0x48 ./Src/UART_Program.o
                0x0000776a                MUSART_u8ReadByteSynchNonBlocking
 .text.MUSART_u8ReadByteAsynch
                0x000077b2       0x14 ./Src/UART_Program.o
                0x000077b2                MUSART_u8ReadByteAsynch
 .text.MUSART_voidRXCompleteInterruptEnable
                0x000077c6       0x1c ./Src/UART_Program.o
                0x000077c6                MUSART_voidRXCompleteInterruptEnable
 .text.MUSART_voidRXCompleteInterruptDisable
                0x000077e2       0x1c ./Src/UART_Program.o
                0x000077e2                MUSART_voidRXCompleteInterruptDisable
 .text.MUSART_voidTXCompleteInterruptEnable
                0x000077fe       0x1c ./Src/UART_Program.o
                0x000077fe                MUSART_voidTXCompleteInterruptEnable
 .text.MUSART_voidTXCompleteInterruptDisable
                0x0000781a       0x1c ./Src/UART_Program.o
                0x0000781a                MUSART_voidTXCompleteInterruptDisable
 .text.MUSART_voidUDRInterruptEnable
                0x00007836       0x1c ./Src/UART_Program.o
                0x00007836                MUSART_voidUDRInterruptEnable
 .text.MUSART_voidUDRInterruptDisable
                0x00007852       0x1c ./Src/UART_Program.o
                0x00007852                MUSART_voidUDRInterruptDisable
 .text.MUSART_voidSetCallRXC
                0x0000786e       0x24 ./Src/UART_Program.o
                0x0000786e                MUSART_voidSetCallRXC
 .text.MUSART_voidSetCallUDRE
                0x00007892       0x24 ./Src/UART_Program.o
                0x00007892                MUSART_voidSetCallUDRE
 .text.MUSART_voidSetCallTXC
                0x000078b6       0x24 ./Src/UART_Program.o
                0x000078b6                MUSART_voidSetCallTXC
 .text.__vector_13
                0x000078da       0x66 ./Src/UART_Program.o
                0x000078da                __vector_13
 .text.__vector_14
                0x00007940       0x66 ./Src/UART_Program.o
                0x00007940                __vector_14
 .text.__vector_15
                0x000079a6       0x66 ./Src/UART_Program.o
                0x000079a6                __vector_15
 .text.HULTRASONIC_voidInit
                0x00007a0c       0x2a ./Src/ULTRASONIC_Program.o
                0x00007a0c                HULTRASONIC_voidInit
 .text.HULTRSONIC_u16GetDistance
                0x00007a36      0x23a ./Src/ULTRASONIC_Program.o
                0x00007a36                HULTRSONIC_u16GetDistance
 .text.HULTRASONIC_voidStart
                0x00007c70      0x1ce ./Src/ULTRASONIC_Program.o
                0x00007c70                HULTRASONIC_voidStart
 .text.HULTRASONIC_u8GetDistanceNoBlock
                0x00007e3e       0xb2 ./Src/ULTRASONIC_Program.o
                0x00007e3e                HULTRASONIC_u8GetDistanceNoBlock
 .text.Func_ICU
                0x00007ef0       0x5c ./Src/ULTRASONIC_Program.o
 .text.Func_OVF
                0x00007f4c       0x18 ./Src/ULTRASONIC_Program.o
 .text.MWDT_voidEnableWDT
                0x00007f64       0x46 ./Src/WDT_Program.o
                0x00007f64                MWDT_voidEnableWDT
 .text.MWDT_voidDisableWDT
                0x00007faa       0x2a ./Src/WDT_Program.o
                0x00007faa                MWDT_voidDisableWDT
 .text.main     0x00007fd4       0x2c ./Src/main.o
                0x00007fd4                main
 .text.MUSART_voidSendStringSynchBlocking
                0x00008000       0x52 ./Include/SERVICES/UART/UART_services.o
                0x00008000                MUSART_voidSendStringSynchBlocking
 .text.MUSART_voidSendStingAsynch
                0x00008052       0x3a ./Include/SERVICES/UART/UART_services.o
                0x00008052                MUSART_voidSendStingAsynch
 .text.FUNC_TX  0x0000808c       0x58 ./Include/SERVICES/UART/UART_services.o
                0x0000808c                FUNC_TX
 .text.MUSART_voidReceiveString
                0x000080e4       0x86 ./Include/SERVICES/UART/UART_services.o
                0x000080e4                MUSART_voidReceiveString
 .text.MUSART_voidReceiveStringAsynch
                0x0000816a       0x30 ./Include/SERVICES/UART/UART_services.o
                0x0000816a                MUSART_voidReceiveStringAsynch
 .text.FUNC_RX  0x0000819a       0x3e ./Include/SERVICES/UART/UART_services.o
                0x0000819a                FUNC_RX
 .text.MUSART_voidSendStringMyProtocol
                0x000081d8       0xa8 ./Include/SERVICES/UART/UART_services.o
                0x000081d8                MUSART_voidSendStringMyProtocol
 .text.MUSART_voidReceiveStringMyProtocol
                0x00008280       0xc8 ./Include/SERVICES/UART/UART_services.o
                0x00008280                MUSART_voidReceiveStringMyProtocol
 .text.MUSART_u8Frame
                0x00008348      0x1e2 ./Include/SERVICES/UART/UART_services.o
                0x00008348                MUSART_u8Frame
 .text.libgcc   0x0000852a       0x3e d:/me/ee/courses/tools/imt_sdk_win_64/winavr/bin/../lib/gcc/avr/4.3.3/avr5\libgcc.a(_mulsi3.o)
                0x0000852a                __mulsi3
 .text.libgcc   0x00008568       0x28 d:/me/ee/courses/tools/imt_sdk_win_64/winavr/bin/../lib/gcc/avr/4.3.3/avr5\libgcc.a(_udivmodhi4.o)
                0x00008568                __udivmodhi4
 .text.libgcc   0x00008590        0x0 d:/me/ee/courses/tools/imt_sdk_win_64/winavr/bin/../lib/gcc/avr/4.3.3/avr5\libgcc.a(_exit.o)
 .text.libgcc   0x00008590        0x0 d:/me/ee/courses/tools/imt_sdk_win_64/winavr/bin/../lib/gcc/avr/4.3.3/avr5\libgcc.a(_copy_data.o)
 .text.libgcc   0x00008590        0x0 d:/me/ee/courses/tools/imt_sdk_win_64/winavr/bin/../lib/gcc/avr/4.3.3/avr5\libgcc.a(_clear_bss.o)
 .text.libgcc   0x00008590       0x44 d:/me/ee/courses/tools/imt_sdk_win_64/winavr/bin/../lib/gcc/avr/4.3.3/avr5\libgcc.a(_udivmodsi4.o)
                0x00008590                __udivmodsi4
 .text.libgcc   0x000085d4       0x38 d:/me/ee/courses/tools/imt_sdk_win_64/winavr/bin/../lib/gcc/avr/4.3.3/avr5\libgcc.a(_prologue.o)
                0x000085d4                __prologue_saves__
 .text.libgcc   0x0000860c       0x36 d:/me/ee/courses/tools/imt_sdk_win_64/winavr/bin/../lib/gcc/avr/4.3.3/avr5\libgcc.a(_epilogue.o)
                0x0000860c                __epilogue_restores__
                0x00008642                . = ALIGN (0x2)
 *(.fini9)
 .fini9         0x00008642        0x0 d:/me/ee/courses/tools/imt_sdk_win_64/winavr/bin/../lib/gcc/avr/4.3.3/avr5\libgcc.a(_exit.o)
                0x00008642                exit
                0x00008642                _exit
 *(.fini9)
 *(.fini8)
 *(.fini8)
 *(.fini7)
 *(.fini7)
 *(.fini6)
 *(.fini6)
 *(.fini5)
 *(.fini5)
 *(.fini4)
 *(.fini4)
 *(.fini3)
 *(.fini3)
 *(.fini2)
 *(.fini2)
 *(.fini1)
 *(.fini1)
 *(.fini0)
 .fini0         0x00008642        0x4 d:/me/ee/courses/tools/imt_sdk_win_64/winavr/bin/../lib/gcc/avr/4.3.3/avr5\libgcc.a(_exit.o)
 *(.fini0)
                0x00008646                _etext = .

.data           0x00800060      0x144 load address 0x00008646
                0x00800060                PROVIDE (__data_start, .)
 *(.data)
 .data          0x00800060        0x0 d:/me/ee/courses/tools/imt_sdk_win_64/winavr/bin/../lib/gcc/avr/4.3.3/../../../../avr/lib/avr5/crtm32.o
 .data          0x00800060        0x0 ./Src/ADC_Program.o
 .data          0x00800060        0x0 ./Src/DCMOTOR_Program.o
 .data          0x00800060        0x0 ./Src/DIO_Program.o
 .data          0x00800060        0x0 ./Src/EEPROM_Program.o
 .data          0x00800060        0x0 ./Src/EXTI_Program.o
 .data          0x00800060        0x0 ./Src/GI_Program.o
 .data          0x00800060        0x0 ./Src/KEYPAD_Program.o
 .data          0x00800060        0x0 ./Src/LCD4_Program.o
 .data          0x00800060        0x0 ./Src/LCD8_Program.o
 .data          0x00800060        0x0 ./Src/RTOS_Program.o
 .data          0x00800060        0x0 ./Src/SERVO_Program.o
 .data          0x00800060        0x0 ./Src/SPI_Program.o
 .data          0x00800060        0x0 ./Src/SSD_Program.o
 .data          0x00800060        0x0 ./Src/STEPPER_Program.o
 .data          0x00800060        0x0 ./Src/TIMER0_Program.o
 .data          0x00800060        0x0 ./Src/TIMER1_Program.o
 .data          0x00800060        0x0 ./Src/TIMER2_Program.o
 .data          0x00800060        0x0 ./Src/TWI_Program.o
 .data          0x00800060        0x0 ./Src/UART_Program.o
 .data          0x00800060        0x0 ./Src/ULTRASONIC_Program.o
 .data          0x00800060        0x0 ./Src/WDT_Program.o
 .data          0x00800060        0xc ./Src/main.o
 .data          0x0080006c        0x0 ./Include/SERVICES/UART/UART_services.o
 .data          0x0080006c        0x0 d:/me/ee/courses/tools/imt_sdk_win_64/winavr/bin/../lib/gcc/avr/4.3.3/avr5\libgcc.a(_mulsi3.o)
 .data          0x0080006c        0x0 d:/me/ee/courses/tools/imt_sdk_win_64/winavr/bin/../lib/gcc/avr/4.3.3/avr5\libgcc.a(_udivmodhi4.o)
 .data          0x0080006c        0x0 d:/me/ee/courses/tools/imt_sdk_win_64/winavr/bin/../lib/gcc/avr/4.3.3/avr5\libgcc.a(_exit.o)
 .data          0x0080006c        0x0 d:/me/ee/courses/tools/imt_sdk_win_64/winavr/bin/../lib/gcc/avr/4.3.3/avr5\libgcc.a(_copy_data.o)
 .data          0x0080006c        0x0 d:/me/ee/courses/tools/imt_sdk_win_64/winavr/bin/../lib/gcc/avr/4.3.3/avr5\libgcc.a(_clear_bss.o)
 .data          0x0080006c        0x0 d:/me/ee/courses/tools/imt_sdk_win_64/winavr/bin/../lib/gcc/avr/4.3.3/avr5\libgcc.a(_ashldi3.o)
 .data          0x0080006c        0x0 d:/me/ee/courses/tools/imt_sdk_win_64/winavr/bin/../lib/gcc/avr/4.3.3/avr5\libgcc.a(_fixunssfsi.o)
 .data          0x0080006c        0x0 d:/me/ee/courses/tools/imt_sdk_win_64/winavr/bin/../lib/gcc/avr/4.3.3/avr5\libgcc.a(_udivdi3.o)
 .data          0x0080006c        0x0 d:/me/ee/courses/tools/imt_sdk_win_64/winavr/bin/../lib/gcc/avr/4.3.3/avr5\libgcc.a(_addsub_sf.o)
 .data          0x0080006c        0x0 d:/me/ee/courses/tools/imt_sdk_win_64/winavr/bin/../lib/gcc/avr/4.3.3/avr5\libgcc.a(_mul_sf.o)
 .data          0x0080006c        0x0 d:/me/ee/courses/tools/imt_sdk_win_64/winavr/bin/../lib/gcc/avr/4.3.3/avr5\libgcc.a(_div_sf.o)
 .data          0x0080006c        0x0 d:/me/ee/courses/tools/imt_sdk_win_64/winavr/bin/../lib/gcc/avr/4.3.3/avr5\libgcc.a(_gt_sf.o)
 .data          0x0080006c        0x0 d:/me/ee/courses/tools/imt_sdk_win_64/winavr/bin/../lib/gcc/avr/4.3.3/avr5\libgcc.a(_ge_sf.o)
 .data          0x0080006c        0x0 d:/me/ee/courses/tools/imt_sdk_win_64/winavr/bin/../lib/gcc/avr/4.3.3/avr5\libgcc.a(_lt_sf.o)
 .data          0x0080006c        0x0 d:/me/ee/courses/tools/imt_sdk_win_64/winavr/bin/../lib/gcc/avr/4.3.3/avr5\libgcc.a(_sf_to_si.o)
 .data          0x0080006c        0x8 d:/me/ee/courses/tools/imt_sdk_win_64/winavr/bin/../lib/gcc/avr/4.3.3/avr5\libgcc.a(_thenan_sf.o)
                0x0080006c                __thenan_sf
 .data          0x00800074        0x0 d:/me/ee/courses/tools/imt_sdk_win_64/winavr/bin/../lib/gcc/avr/4.3.3/avr5\libgcc.a(_udivmodsi4.o)
 .data          0x00800074        0x0 d:/me/ee/courses/tools/imt_sdk_win_64/winavr/bin/../lib/gcc/avr/4.3.3/avr5\libgcc.a(_prologue.o)
 .data          0x00800074        0x0 d:/me/ee/courses/tools/imt_sdk_win_64/winavr/bin/../lib/gcc/avr/4.3.3/avr5\libgcc.a(_epilogue.o)
 .data          0x00800074      0x100 d:/me/ee/courses/tools/imt_sdk_win_64/winavr/bin/../lib/gcc/avr/4.3.3/avr5\libgcc.a(_clz.o)
                0x00800074                __clz_tab
 .data          0x00800174        0x0 d:/me/ee/courses/tools/imt_sdk_win_64/winavr/bin/../lib/gcc/avr/4.3.3/avr5\libgcc.a(_pack_sf.o)
 .data          0x00800174        0x0 d:/me/ee/courses/tools/imt_sdk_win_64/winavr/bin/../lib/gcc/avr/4.3.3/avr5\libgcc.a(_unpack_sf.o)
 .data          0x00800174        0x0 d:/me/ee/courses/tools/imt_sdk_win_64/winavr/bin/../lib/gcc/avr/4.3.3/avr5\libgcc.a(_fpcmp_parts_sf.o)
 *(.data*)
 .data.KeypadArr
                0x00800174       0x10 ./Src/KEYPAD_Program.o
                0x00800174                KeypadArr
 .data.keypadRow
                0x00800184        0x4 ./Src/KEYPAD_Program.o
                0x00800184                keypadRow
 .data.keypadCol
                0x00800188        0x4 ./Src/KEYPAD_Program.o
                0x00800188                keypadCol
 .data.ton      0x0080018c        0x2 ./Src/main.o
                0x0080018c                ton
 .data.i.1263   0x0080018e        0x1 ./Include/SERVICES/UART/UART_services.o
 *(.rodata)
 *(.rodata*)
 .rodata.C.0.1308
                0x0080018f        0xa ./Src/SSD_Program.o
 .rodata.C.1.1330
                0x00800199        0xa ./Src/SSD_Program.o
 *(.gnu.linkonce.d*)
                0x008001a4                . = ALIGN (0x2)
 *fill*         0x008001a3        0x1 00
                0x008001a4                _edata = .
                0x008001a4                PROVIDE (__data_end, .)

.bss            0x008001a4       0x44
                0x008001a4                PROVIDE (__bss_start, .)
 *(.bss)
 .bss           0x008001a4        0x0 d:/me/ee/courses/tools/imt_sdk_win_64/winavr/bin/../lib/gcc/avr/4.3.3/../../../../avr/lib/avr5/crtm32.o
 .bss           0x008001a4        0x0 ./Src/ADC_Program.o
 .bss           0x008001a4        0x0 ./Src/DCMOTOR_Program.o
 .bss           0x008001a4        0x0 ./Src/DIO_Program.o
 .bss           0x008001a4        0x0 ./Src/EEPROM_Program.o
 .bss           0x008001a4        0x0 ./Src/EXTI_Program.o
 .bss           0x008001a4        0x0 ./Src/GI_Program.o
 .bss           0x008001a4        0x0 ./Src/KEYPAD_Program.o
 .bss           0x008001a4        0x0 ./Src/LCD4_Program.o
 .bss           0x008001a4        0x0 ./Src/LCD8_Program.o
 .bss           0x008001a4        0x0 ./Src/RTOS_Program.o
 .bss           0x008001a4        0x0 ./Src/SERVO_Program.o
 .bss           0x008001a4        0x0 ./Src/SPI_Program.o
 .bss           0x008001a4        0x0 ./Src/SSD_Program.o
 .bss           0x008001a4        0x0 ./Src/STEPPER_Program.o
 .bss           0x008001a4        0x0 ./Src/TIMER0_Program.o
 .bss           0x008001a4        0x0 ./Src/TIMER1_Program.o
 .bss           0x008001a4        0x0 ./Src/TIMER2_Program.o
 .bss           0x008001a4        0x0 ./Src/TWI_Program.o
 .bss           0x008001a4        0x0 ./Src/UART_Program.o
 .bss           0x008001a4        0x0 ./Src/ULTRASONIC_Program.o
 .bss           0x008001a4        0x0 ./Src/WDT_Program.o
 .bss           0x008001a4        0x0 ./Src/main.o
 .bss           0x008001a4        0x0 ./Include/SERVICES/UART/UART_services.o
 .bss           0x008001a4        0x0 d:/me/ee/courses/tools/imt_sdk_win_64/winavr/bin/../lib/gcc/avr/4.3.3/avr5\libgcc.a(_mulsi3.o)
 .bss           0x008001a4        0x0 d:/me/ee/courses/tools/imt_sdk_win_64/winavr/bin/../lib/gcc/avr/4.3.3/avr5\libgcc.a(_udivmodhi4.o)
 .bss           0x008001a4        0x0 d:/me/ee/courses/tools/imt_sdk_win_64/winavr/bin/../lib/gcc/avr/4.3.3/avr5\libgcc.a(_exit.o)
 .bss           0x008001a4        0x0 d:/me/ee/courses/tools/imt_sdk_win_64/winavr/bin/../lib/gcc/avr/4.3.3/avr5\libgcc.a(_copy_data.o)
 .bss           0x008001a4        0x0 d:/me/ee/courses/tools/imt_sdk_win_64/winavr/bin/../lib/gcc/avr/4.3.3/avr5\libgcc.a(_clear_bss.o)
 .bss           0x008001a4        0x0 d:/me/ee/courses/tools/imt_sdk_win_64/winavr/bin/../lib/gcc/avr/4.3.3/avr5\libgcc.a(_ashldi3.o)
 .bss           0x008001a4        0x0 d:/me/ee/courses/tools/imt_sdk_win_64/winavr/bin/../lib/gcc/avr/4.3.3/avr5\libgcc.a(_fixunssfsi.o)
 .bss           0x008001a4        0x0 d:/me/ee/courses/tools/imt_sdk_win_64/winavr/bin/../lib/gcc/avr/4.3.3/avr5\libgcc.a(_udivdi3.o)
 .bss           0x008001a4        0x0 d:/me/ee/courses/tools/imt_sdk_win_64/winavr/bin/../lib/gcc/avr/4.3.3/avr5\libgcc.a(_addsub_sf.o)
 .bss           0x008001a4        0x0 d:/me/ee/courses/tools/imt_sdk_win_64/winavr/bin/../lib/gcc/avr/4.3.3/avr5\libgcc.a(_mul_sf.o)
 .bss           0x008001a4        0x0 d:/me/ee/courses/tools/imt_sdk_win_64/winavr/bin/../lib/gcc/avr/4.3.3/avr5\libgcc.a(_div_sf.o)
 .bss           0x008001a4        0x0 d:/me/ee/courses/tools/imt_sdk_win_64/winavr/bin/../lib/gcc/avr/4.3.3/avr5\libgcc.a(_gt_sf.o)
 .bss           0x008001a4        0x0 d:/me/ee/courses/tools/imt_sdk_win_64/winavr/bin/../lib/gcc/avr/4.3.3/avr5\libgcc.a(_ge_sf.o)
 .bss           0x008001a4        0x0 d:/me/ee/courses/tools/imt_sdk_win_64/winavr/bin/../lib/gcc/avr/4.3.3/avr5\libgcc.a(_lt_sf.o)
 .bss           0x008001a4        0x0 d:/me/ee/courses/tools/imt_sdk_win_64/winavr/bin/../lib/gcc/avr/4.3.3/avr5\libgcc.a(_sf_to_si.o)
 .bss           0x008001a4        0x0 d:/me/ee/courses/tools/imt_sdk_win_64/winavr/bin/../lib/gcc/avr/4.3.3/avr5\libgcc.a(_thenan_sf.o)
 .bss           0x008001a4        0x0 d:/me/ee/courses/tools/imt_sdk_win_64/winavr/bin/../lib/gcc/avr/4.3.3/avr5\libgcc.a(_udivmodsi4.o)
 .bss           0x008001a4        0x0 d:/me/ee/courses/tools/imt_sdk_win_64/winavr/bin/../lib/gcc/avr/4.3.3/avr5\libgcc.a(_prologue.o)
 .bss           0x008001a4        0x0 d:/me/ee/courses/tools/imt_sdk_win_64/winavr/bin/../lib/gcc/avr/4.3.3/avr5\libgcc.a(_epilogue.o)
 .bss           0x008001a4        0x0 d:/me/ee/courses/tools/imt_sdk_win_64/winavr/bin/../lib/gcc/avr/4.3.3/avr5\libgcc.a(_clz.o)
 .bss           0x008001a4        0x0 d:/me/ee/courses/tools/imt_sdk_win_64/winavr/bin/../lib/gcc/avr/4.3.3/avr5\libgcc.a(_pack_sf.o)
 .bss           0x008001a4        0x0 d:/me/ee/courses/tools/imt_sdk_win_64/winavr/bin/../lib/gcc/avr/4.3.3/avr5\libgcc.a(_unpack_sf.o)
 .bss           0x008001a4        0x0 d:/me/ee/courses/tools/imt_sdk_win_64/winavr/bin/../lib/gcc/avr/4.3.3/avr5\libgcc.a(_fpcmp_parts_sf.o)
 *(.bss*)
 .bss.ADC_CallBack
                0x008001a4        0x2 ./Src/ADC_Program.o
 .bss.EXTI0_CallBack
                0x008001a6        0x2 ./Src/EXTI_Program.o
 .bss.EXTI1_CallBack
                0x008001a8        0x2 ./Src/EXTI_Program.o
 .bss.EXTI2_CallBack
                0x008001aa        0x2 ./Src/EXTI_Program.o
 .bss.global_u8Init
                0x008001ac        0x1 ./Src/LCD4_Program.o
 .bss.SPI_INT   0x008001ad        0x2 ./Src/SPI_Program.o
 .bss.TIMER0_OVF_CallBack
                0x008001af        0x2 ./Src/TIMER0_Program.o
 .bss.TIMER0_CTC_CallBack
                0x008001b1        0x2 ./Src/TIMER0_Program.o
 .bss.TIMER1_CAPTURE
                0x008001b3        0x2 ./Src/TIMER1_Program.o
 .bss.TIMER1_COMA
                0x008001b5        0x2 ./Src/TIMER1_Program.o
 .bss.TIMER1_COMB
                0x008001b7        0x2 ./Src/TIMER1_Program.o
 .bss.TIMER1_OVF
                0x008001b9        0x2 ./Src/TIMER1_Program.o
 .bss.global_u8Flag
                0x008001bb        0x1 ./Src/TIMER1_Program.o
 .bss.t1        0x008001bc        0x1 ./Src/TIMER1_Program.o
 .bss.t2        0x008001bd        0x1 ./Src/TIMER1_Program.o
 .bss.t3        0x008001be        0x1 ./Src/TIMER1_Program.o
 .bss.TIMER2_OVF_CALL
                0x008001bf        0x2 ./Src/TIMER2_Program.o
 .bss.TIMER2_CTC_CALL
                0x008001c1        0x2 ./Src/TIMER2_Program.o
 .bss.TWI_INT_FUNC
                0x008001c3        0x2 ./Src/TWI_Program.o
 .bss.USART_RXC_CALL
                0x008001c5        0x2 ./Src/UART_Program.o
 .bss.USART_UDRE_CALL
                0x008001c7        0x2 ./Src/UART_Program.o
 .bss.USART_TXC_CALL
                0x008001c9        0x2 ./Src/UART_Program.o
 .bss.global_u8Flag
                0x008001cb        0x1 ./Src/ULTRASONIC_Program.o
                0x008001cb                global_u8Flag
 .bss.noOVF     0x008001cc        0x1 ./Src/ULTRASONIC_Program.o
                0x008001cc                noOVF
 .bss.Asynch_Sent_Str
                0x008001cd        0x2 ./Include/SERVICES/UART/UART_services.o
 .bss.Asynch_receive_Str
                0x008001cf        0x2 ./Include/SERVICES/UART/UART_services.o
 .bss.i.1303    0x008001d1        0x1 ./Include/SERVICES/UART/UART_services.o
 *(COMMON)
 COMMON         0x008001d2       0x12 ./Src/RTOS_Program.o
                0x008001d2                RTOS_AOfTasks
 COMMON         0x008001e4        0x4 ./Src/ULTRASONIC_Program.o
                0x008001e4                t2
                0x008001e6                t1
                0x008001e8                PROVIDE (__bss_end, .)
                0x00008646                __data_load_start = LOADADDR (.data)
                0x0000878a                __data_load_end = (__data_load_start + SIZEOF (.data))

.noinit         0x008001e8        0x0
                0x008001e8                PROVIDE (__noinit_start, .)
 *(.noinit*)
                0x008001e8                PROVIDE (__noinit_end, .)
                0x008001e8                _end = .
                0x008001e8                PROVIDE (__heap_start, .)

.eeprom         0x00810000        0x0
 *(.eeprom*)
                0x00810000                __eeprom_end = .

.fuse
 *(.fuse)
 *(.lfuse)
 *(.hfuse)
 *(.efuse)

.lock
 *(.lock*)

.signature
 *(.signature*)

.stab           0x00000000     0x7ecc
 *(.stab)
 .stab          0x00000000      0x3f0 ./Src/ADC_Program.o
 .stab          0x000003f0      0x450 ./Src/DCMOTOR_Program.o
                                0x4e0 (size before relaxing)
 .stab          0x00000840      0x4c8 ./Src/DIO_Program.o
                                0x558 (size before relaxing)
 .stab          0x00000d08      0x480 ./Src/EEPROM_Program.o
                                0x510 (size before relaxing)
 .stab          0x00001188      0x3d8 ./Src/EXTI_Program.o
                                0x468 (size before relaxing)
 .stab          0x00001560      0x144 ./Src/GI_Program.o
                                0x1d4 (size before relaxing)
 .stab          0x000016a4      0x2e8 ./Src/KEYPAD_Program.o
                                0x504 (size before relaxing)
 .stab          0x0000198c     0x117c ./Src/LCD4_Program.o
                               0x1398 (size before relaxing)
 .stab          0x00002b08      0xd98 ./Src/LCD8_Program.o
                                0xfb4 (size before relaxing)
 .stab          0x000038a0      0x33c ./Src/RTOS_Program.o
                                0x3cc (size before relaxing)
 .stab          0x00003bdc      0x21c ./Src/SERVO_Program.o
                                0x2ac (size before relaxing)
 .stab          0x00003df8      0x294 ./Src/SPI_Program.o
                                0x324 (size before relaxing)
 .stab          0x0000408c      0x474 ./Src/SSD_Program.o
                                0x690 (size before relaxing)
 .stab          0x00004500      0x900 ./Src/STEPPER_Program.o
                                0xb1c (size before relaxing)
 .stab          0x00004e00      0x414 ./Src/TIMER0_Program.o
                                0x4f8 (size before relaxing)
 .stab          0x00005214      0xae0 ./Src/TIMER1_Program.o
                                0xbf4 (size before relaxing)
 .stab          0x00005cf4      0x438 ./Src/TIMER2_Program.o
                                0x4c8 (size before relaxing)
 .stab          0x0000612c      0x510 ./Src/TWI_Program.o
                                0x5c4 (size before relaxing)
 .stab          0x0000663c      0x69c ./Src/UART_Program.o
                                0x72c (size before relaxing)
 .stab          0x00006cd8      0x6b4 ./Src/ULTRASONIC_Program.o
                                0x954 (size before relaxing)
 .stab          0x0000738c      0x174 ./Src/WDT_Program.o
                                0x204 (size before relaxing)
 .stab          0x00007500      0x1ec ./Src/main.o
                                0x534 (size before relaxing)
 .stab          0x000076ec      0x7e0 ./Include/SERVICES/UART/UART_services.o
                                0x7ec (size before relaxing)

.stabstr        0x00000000     0x3572
 *(.stabstr)
 .stabstr       0x00000000     0x3572 ./Src/ADC_Program.o

.stab.excl
 *(.stab.excl)

.stab.exclstr
 *(.stab.exclstr)

.stab.index
 *(.stab.index)

.stab.indexstr
 *(.stab.indexstr)

.comment
 *(.comment)

.debug
 *(.debug)

.line
 *(.line)

.debug_srcinfo
 *(.debug_srcinfo)

.debug_sfnames
 *(.debug_sfnames)

.debug_aranges  0x00000000      0x1a0
 *(.debug_aranges)
 .debug_aranges
                0x00000000       0x20 d:/me/ee/courses/tools/imt_sdk_win_64/winavr/bin/../lib/gcc/avr/4.3.3/avr5\libgcc.a(_ashldi3.o)
 .debug_aranges
                0x00000020       0x20 d:/me/ee/courses/tools/imt_sdk_win_64/winavr/bin/../lib/gcc/avr/4.3.3/avr5\libgcc.a(_fixunssfsi.o)
 .debug_aranges
                0x00000040       0x20 d:/me/ee/courses/tools/imt_sdk_win_64/winavr/bin/../lib/gcc/avr/4.3.3/avr5\libgcc.a(_udivdi3.o)
 .debug_aranges
                0x00000060       0x20 d:/me/ee/courses/tools/imt_sdk_win_64/winavr/bin/../lib/gcc/avr/4.3.3/avr5\libgcc.a(_addsub_sf.o)
 .debug_aranges
                0x00000080       0x20 d:/me/ee/courses/tools/imt_sdk_win_64/winavr/bin/../lib/gcc/avr/4.3.3/avr5\libgcc.a(_mul_sf.o)
 .debug_aranges
                0x000000a0       0x20 d:/me/ee/courses/tools/imt_sdk_win_64/winavr/bin/../lib/gcc/avr/4.3.3/avr5\libgcc.a(_div_sf.o)
 .debug_aranges
                0x000000c0       0x20 d:/me/ee/courses/tools/imt_sdk_win_64/winavr/bin/../lib/gcc/avr/4.3.3/avr5\libgcc.a(_gt_sf.o)
 .debug_aranges
                0x000000e0       0x20 d:/me/ee/courses/tools/imt_sdk_win_64/winavr/bin/../lib/gcc/avr/4.3.3/avr5\libgcc.a(_ge_sf.o)
 .debug_aranges
                0x00000100       0x20 d:/me/ee/courses/tools/imt_sdk_win_64/winavr/bin/../lib/gcc/avr/4.3.3/avr5\libgcc.a(_lt_sf.o)
 .debug_aranges
                0x00000120       0x20 d:/me/ee/courses/tools/imt_sdk_win_64/winavr/bin/../lib/gcc/avr/4.3.3/avr5\libgcc.a(_sf_to_si.o)
 .debug_aranges
                0x00000140       0x20 d:/me/ee/courses/tools/imt_sdk_win_64/winavr/bin/../lib/gcc/avr/4.3.3/avr5\libgcc.a(_pack_sf.o)
 .debug_aranges
                0x00000160       0x20 d:/me/ee/courses/tools/imt_sdk_win_64/winavr/bin/../lib/gcc/avr/4.3.3/avr5\libgcc.a(_unpack_sf.o)
 .debug_aranges
                0x00000180       0x20 d:/me/ee/courses/tools/imt_sdk_win_64/winavr/bin/../lib/gcc/avr/4.3.3/avr5\libgcc.a(_fpcmp_parts_sf.o)

.debug_pubnames
                0x00000000      0x1ef
 *(.debug_pubnames)
 .debug_pubnames
                0x00000000       0x20 d:/me/ee/courses/tools/imt_sdk_win_64/winavr/bin/../lib/gcc/avr/4.3.3/avr5\libgcc.a(_ashldi3.o)
 .debug_pubnames
                0x00000020       0x23 d:/me/ee/courses/tools/imt_sdk_win_64/winavr/bin/../lib/gcc/avr/4.3.3/avr5\libgcc.a(_fixunssfsi.o)
 .debug_pubnames
                0x00000043       0x20 d:/me/ee/courses/tools/imt_sdk_win_64/winavr/bin/../lib/gcc/avr/4.3.3/avr5\libgcc.a(_udivdi3.o)
 .debug_pubnames
                0x00000063       0x2c d:/me/ee/courses/tools/imt_sdk_win_64/winavr/bin/../lib/gcc/avr/4.3.3/avr5\libgcc.a(_addsub_sf.o)
 .debug_pubnames
                0x0000008f       0x1f d:/me/ee/courses/tools/imt_sdk_win_64/winavr/bin/../lib/gcc/avr/4.3.3/avr5\libgcc.a(_mul_sf.o)
 .debug_pubnames
                0x000000ae       0x1f d:/me/ee/courses/tools/imt_sdk_win_64/winavr/bin/../lib/gcc/avr/4.3.3/avr5\libgcc.a(_div_sf.o)
 .debug_pubnames
                0x000000cd       0x1e d:/me/ee/courses/tools/imt_sdk_win_64/winavr/bin/../lib/gcc/avr/4.3.3/avr5\libgcc.a(_gt_sf.o)
 .debug_pubnames
                0x000000eb       0x1e d:/me/ee/courses/tools/imt_sdk_win_64/winavr/bin/../lib/gcc/avr/4.3.3/avr5\libgcc.a(_ge_sf.o)
 .debug_pubnames
                0x00000109       0x1e d:/me/ee/courses/tools/imt_sdk_win_64/winavr/bin/../lib/gcc/avr/4.3.3/avr5\libgcc.a(_lt_sf.o)
 .debug_pubnames
                0x00000127       0x20 d:/me/ee/courses/tools/imt_sdk_win_64/winavr/bin/../lib/gcc/avr/4.3.3/avr5\libgcc.a(_sf_to_si.o)
 .debug_pubnames
                0x00000147       0x22 d:/me/ee/courses/tools/imt_sdk_win_64/winavr/bin/../lib/gcc/avr/4.3.3/avr5\libgcc.a(_thenan_sf.o)
 .debug_pubnames
                0x00000169       0x20 d:/me/ee/courses/tools/imt_sdk_win_64/winavr/bin/../lib/gcc/avr/4.3.3/avr5\libgcc.a(_clz.o)
 .debug_pubnames
                0x00000189       0x1f d:/me/ee/courses/tools/imt_sdk_win_64/winavr/bin/../lib/gcc/avr/4.3.3/avr5\libgcc.a(_pack_sf.o)
 .debug_pubnames
                0x000001a8       0x21 d:/me/ee/courses/tools/imt_sdk_win_64/winavr/bin/../lib/gcc/avr/4.3.3/avr5\libgcc.a(_unpack_sf.o)
 .debug_pubnames
                0x000001c9       0x26 d:/me/ee/courses/tools/imt_sdk_win_64/winavr/bin/../lib/gcc/avr/4.3.3/avr5\libgcc.a(_fpcmp_parts_sf.o)

.debug_info     0x00000000     0x298b
 *(.debug_info)
 .debug_info    0x00000000      0x17f d:/me/ee/courses/tools/imt_sdk_win_64/winavr/bin/../lib/gcc/avr/4.3.3/avr5\libgcc.a(_ashldi3.o)
 .debug_info    0x0000017f       0xb1 d:/me/ee/courses/tools/imt_sdk_win_64/winavr/bin/../lib/gcc/avr/4.3.3/avr5\libgcc.a(_fixunssfsi.o)
 .debug_info    0x00000230      0x71e d:/me/ee/courses/tools/imt_sdk_win_64/winavr/bin/../lib/gcc/avr/4.3.3/avr5\libgcc.a(_udivdi3.o)
 .debug_info    0x0000094e      0x47a d:/me/ee/courses/tools/imt_sdk_win_64/winavr/bin/../lib/gcc/avr/4.3.3/avr5\libgcc.a(_addsub_sf.o)
 .debug_info    0x00000dc8      0x485 d:/me/ee/courses/tools/imt_sdk_win_64/winavr/bin/../lib/gcc/avr/4.3.3/avr5\libgcc.a(_mul_sf.o)
 .debug_info    0x0000124d      0x3fc d:/me/ee/courses/tools/imt_sdk_win_64/winavr/bin/../lib/gcc/avr/4.3.3/avr5\libgcc.a(_div_sf.o)
 .debug_info    0x00001649      0x27f d:/me/ee/courses/tools/imt_sdk_win_64/winavr/bin/../lib/gcc/avr/4.3.3/avr5\libgcc.a(_gt_sf.o)
 .debug_info    0x000018c8      0x27f d:/me/ee/courses/tools/imt_sdk_win_64/winavr/bin/../lib/gcc/avr/4.3.3/avr5\libgcc.a(_ge_sf.o)
 .debug_info    0x00001b47      0x27f d:/me/ee/courses/tools/imt_sdk_win_64/winavr/bin/../lib/gcc/avr/4.3.3/avr5\libgcc.a(_lt_sf.o)
 .debug_info    0x00001dc6      0x2b0 d:/me/ee/courses/tools/imt_sdk_win_64/winavr/bin/../lib/gcc/avr/4.3.3/avr5\libgcc.a(_sf_to_si.o)
 .debug_info    0x00002076      0x12c d:/me/ee/courses/tools/imt_sdk_win_64/winavr/bin/../lib/gcc/avr/4.3.3/avr5\libgcc.a(_thenan_sf.o)
 .debug_info    0x000021a2       0xa9 d:/me/ee/courses/tools/imt_sdk_win_64/winavr/bin/../lib/gcc/avr/4.3.3/avr5\libgcc.a(_clz.o)
 .debug_info    0x0000224b      0x2df d:/me/ee/courses/tools/imt_sdk_win_64/winavr/bin/../lib/gcc/avr/4.3.3/avr5\libgcc.a(_pack_sf.o)
 .debug_info    0x0000252a      0x251 d:/me/ee/courses/tools/imt_sdk_win_64/winavr/bin/../lib/gcc/avr/4.3.3/avr5\libgcc.a(_unpack_sf.o)
 .debug_info    0x0000277b      0x210 d:/me/ee/courses/tools/imt_sdk_win_64/winavr/bin/../lib/gcc/avr/4.3.3/avr5\libgcc.a(_fpcmp_parts_sf.o)
 *(.gnu.linkonce.wi.*)

.debug_abbrev   0x00000000     0x13da
 *(.debug_abbrev)
 .debug_abbrev  0x00000000       0xee d:/me/ee/courses/tools/imt_sdk_win_64/winavr/bin/../lib/gcc/avr/4.3.3/avr5\libgcc.a(_ashldi3.o)
 .debug_abbrev  0x000000ee       0x5d d:/me/ee/courses/tools/imt_sdk_win_64/winavr/bin/../lib/gcc/avr/4.3.3/avr5\libgcc.a(_fixunssfsi.o)
 .debug_abbrev  0x0000014b      0x181 d:/me/ee/courses/tools/imt_sdk_win_64/winavr/bin/../lib/gcc/avr/4.3.3/avr5\libgcc.a(_udivdi3.o)
 .debug_abbrev  0x000002cc      0x1ea d:/me/ee/courses/tools/imt_sdk_win_64/winavr/bin/../lib/gcc/avr/4.3.3/avr5\libgcc.a(_addsub_sf.o)
 .debug_abbrev  0x000004b6      0x21b d:/me/ee/courses/tools/imt_sdk_win_64/winavr/bin/../lib/gcc/avr/4.3.3/avr5\libgcc.a(_mul_sf.o)
 .debug_abbrev  0x000006d1      0x216 d:/me/ee/courses/tools/imt_sdk_win_64/winavr/bin/../lib/gcc/avr/4.3.3/avr5\libgcc.a(_div_sf.o)
 .debug_abbrev  0x000008e7      0x15a d:/me/ee/courses/tools/imt_sdk_win_64/winavr/bin/../lib/gcc/avr/4.3.3/avr5\libgcc.a(_gt_sf.o)
 .debug_abbrev  0x00000a41      0x15a d:/me/ee/courses/tools/imt_sdk_win_64/winavr/bin/../lib/gcc/avr/4.3.3/avr5\libgcc.a(_ge_sf.o)
 .debug_abbrev  0x00000b9b      0x15a d:/me/ee/courses/tools/imt_sdk_win_64/winavr/bin/../lib/gcc/avr/4.3.3/avr5\libgcc.a(_lt_sf.o)
 .debug_abbrev  0x00000cf5      0x17f d:/me/ee/courses/tools/imt_sdk_win_64/winavr/bin/../lib/gcc/avr/4.3.3/avr5\libgcc.a(_sf_to_si.o)
 .debug_abbrev  0x00000e74       0xad d:/me/ee/courses/tools/imt_sdk_win_64/winavr/bin/../lib/gcc/avr/4.3.3/avr5\libgcc.a(_thenan_sf.o)
 .debug_abbrev  0x00000f21       0x6a d:/me/ee/courses/tools/imt_sdk_win_64/winavr/bin/../lib/gcc/avr/4.3.3/avr5\libgcc.a(_clz.o)
 .debug_abbrev  0x00000f8b      0x1c0 d:/me/ee/courses/tools/imt_sdk_win_64/winavr/bin/../lib/gcc/avr/4.3.3/avr5\libgcc.a(_pack_sf.o)
 .debug_abbrev  0x0000114b      0x154 d:/me/ee/courses/tools/imt_sdk_win_64/winavr/bin/../lib/gcc/avr/4.3.3/avr5\libgcc.a(_unpack_sf.o)
 .debug_abbrev  0x0000129f      0x13b d:/me/ee/courses/tools/imt_sdk_win_64/winavr/bin/../lib/gcc/avr/4.3.3/avr5\libgcc.a(_fpcmp_parts_sf.o)

.debug_line     0x00000000     0x12ad
 *(.debug_line)
 .debug_line    0x00000000       0xd7 d:/me/ee/courses/tools/imt_sdk_win_64/winavr/bin/../lib/gcc/avr/4.3.3/avr5\libgcc.a(_ashldi3.o)
 .debug_line    0x000000d7       0xa7 d:/me/ee/courses/tools/imt_sdk_win_64/winavr/bin/../lib/gcc/avr/4.3.3/avr5\libgcc.a(_fixunssfsi.o)
 .debug_line    0x0000017e      0x1d8 d:/me/ee/courses/tools/imt_sdk_win_64/winavr/bin/../lib/gcc/avr/4.3.3/avr5\libgcc.a(_udivdi3.o)
 .debug_line    0x00000356      0x2af d:/me/ee/courses/tools/imt_sdk_win_64/winavr/bin/../lib/gcc/avr/4.3.3/avr5\libgcc.a(_addsub_sf.o)
 .debug_line    0x00000605      0x239 d:/me/ee/courses/tools/imt_sdk_win_64/winavr/bin/../lib/gcc/avr/4.3.3/avr5\libgcc.a(_mul_sf.o)
 .debug_line    0x0000083e      0x1d5 d:/me/ee/courses/tools/imt_sdk_win_64/winavr/bin/../lib/gcc/avr/4.3.3/avr5\libgcc.a(_div_sf.o)
 .debug_line    0x00000a13       0xd3 d:/me/ee/courses/tools/imt_sdk_win_64/winavr/bin/../lib/gcc/avr/4.3.3/avr5\libgcc.a(_gt_sf.o)
 .debug_line    0x00000ae6       0xd3 d:/me/ee/courses/tools/imt_sdk_win_64/winavr/bin/../lib/gcc/avr/4.3.3/avr5\libgcc.a(_ge_sf.o)
 .debug_line    0x00000bb9       0xd3 d:/me/ee/courses/tools/imt_sdk_win_64/winavr/bin/../lib/gcc/avr/4.3.3/avr5\libgcc.a(_lt_sf.o)
 .debug_line    0x00000c8c      0x109 d:/me/ee/courses/tools/imt_sdk_win_64/winavr/bin/../lib/gcc/avr/4.3.3/avr5\libgcc.a(_sf_to_si.o)
 .debug_line    0x00000d95       0x90 d:/me/ee/courses/tools/imt_sdk_win_64/winavr/bin/../lib/gcc/avr/4.3.3/avr5\libgcc.a(_thenan_sf.o)
 .debug_line    0x00000e25       0x7c d:/me/ee/courses/tools/imt_sdk_win_64/winavr/bin/../lib/gcc/avr/4.3.3/avr5\libgcc.a(_clz.o)
 .debug_line    0x00000ea1      0x18a d:/me/ee/courses/tools/imt_sdk_win_64/winavr/bin/../lib/gcc/avr/4.3.3/avr5\libgcc.a(_pack_sf.o)
 .debug_line    0x0000102b      0x14b d:/me/ee/courses/tools/imt_sdk_win_64/winavr/bin/../lib/gcc/avr/4.3.3/avr5\libgcc.a(_unpack_sf.o)
 .debug_line    0x00001176      0x137 d:/me/ee/courses/tools/imt_sdk_win_64/winavr/bin/../lib/gcc/avr/4.3.3/avr5\libgcc.a(_fpcmp_parts_sf.o)

.debug_frame    0x00000000      0x1c0
 *(.debug_frame)
 .debug_frame   0x00000000       0x20 d:/me/ee/courses/tools/imt_sdk_win_64/winavr/bin/../lib/gcc/avr/4.3.3/avr5\libgcc.a(_ashldi3.o)
 .debug_frame   0x00000020       0x20 d:/me/ee/courses/tools/imt_sdk_win_64/winavr/bin/../lib/gcc/avr/4.3.3/avr5\libgcc.a(_fixunssfsi.o)
 .debug_frame   0x00000040       0x20 d:/me/ee/courses/tools/imt_sdk_win_64/winavr/bin/../lib/gcc/avr/4.3.3/avr5\libgcc.a(_udivdi3.o)
 .debug_frame   0x00000060       0x40 d:/me/ee/courses/tools/imt_sdk_win_64/winavr/bin/../lib/gcc/avr/4.3.3/avr5\libgcc.a(_addsub_sf.o)
 .debug_frame   0x000000a0       0x20 d:/me/ee/courses/tools/imt_sdk_win_64/winavr/bin/../lib/gcc/avr/4.3.3/avr5\libgcc.a(_mul_sf.o)
 .debug_frame   0x000000c0       0x20 d:/me/ee/courses/tools/imt_sdk_win_64/winavr/bin/../lib/gcc/avr/4.3.3/avr5\libgcc.a(_div_sf.o)
 .debug_frame   0x000000e0       0x20 d:/me/ee/courses/tools/imt_sdk_win_64/winavr/bin/../lib/gcc/avr/4.3.3/avr5\libgcc.a(_gt_sf.o)
 .debug_frame   0x00000100       0x20 d:/me/ee/courses/tools/imt_sdk_win_64/winavr/bin/../lib/gcc/avr/4.3.3/avr5\libgcc.a(_ge_sf.o)
 .debug_frame   0x00000120       0x20 d:/me/ee/courses/tools/imt_sdk_win_64/winavr/bin/../lib/gcc/avr/4.3.3/avr5\libgcc.a(_lt_sf.o)
 .debug_frame   0x00000140       0x20 d:/me/ee/courses/tools/imt_sdk_win_64/winavr/bin/../lib/gcc/avr/4.3.3/avr5\libgcc.a(_sf_to_si.o)
 .debug_frame   0x00000160       0x20 d:/me/ee/courses/tools/imt_sdk_win_64/winavr/bin/../lib/gcc/avr/4.3.3/avr5\libgcc.a(_pack_sf.o)
 .debug_frame   0x00000180       0x20 d:/me/ee/courses/tools/imt_sdk_win_64/winavr/bin/../lib/gcc/avr/4.3.3/avr5\libgcc.a(_unpack_sf.o)
 .debug_frame   0x000001a0       0x20 d:/me/ee/courses/tools/imt_sdk_win_64/winavr/bin/../lib/gcc/avr/4.3.3/avr5\libgcc.a(_fpcmp_parts_sf.o)

.debug_str      0x00000000      0x36b
 *(.debug_str)
 .debug_str     0x00000000       0xdf d:/me/ee/courses/tools/imt_sdk_win_64/winavr/bin/../lib/gcc/avr/4.3.3/avr5\libgcc.a(_ashldi3.o)
                                0x131 (size before relaxing)
 .debug_str     0x000000df       0x14 d:/me/ee/courses/tools/imt_sdk_win_64/winavr/bin/../lib/gcc/avr/4.3.3/avr5\libgcc.a(_fixunssfsi.o)
                                 0xfe (size before relaxing)
 .debug_str     0x000000f3       0x7c d:/me/ee/courses/tools/imt_sdk_win_64/winavr/bin/../lib/gcc/avr/4.3.3/avr5\libgcc.a(_udivdi3.o)
                                0x18a (size before relaxing)
 .debug_str     0x0000016f      0x14d d:/me/ee/courses/tools/imt_sdk_win_64/winavr/bin/../lib/gcc/avr/4.3.3/avr5\libgcc.a(_addsub_sf.o)
                                0x206 (size before relaxing)
 .debug_str     0x000002bc       0x27 d:/me/ee/courses/tools/imt_sdk_win_64/winavr/bin/../lib/gcc/avr/4.3.3/avr5\libgcc.a(_mul_sf.o)
                                0x1bf (size before relaxing)
 .debug_str     0x000002e3       0x35 d:/me/ee/courses/tools/imt_sdk_win_64/winavr/bin/../lib/gcc/avr/4.3.3/avr5\libgcc.a(_div_sf.o)
                                0x1c8 (size before relaxing)
 .debug_str     0x00000318        0x8 d:/me/ee/courses/tools/imt_sdk_win_64/winavr/bin/../lib/gcc/avr/4.3.3/avr5\libgcc.a(_gt_sf.o)
                                0x195 (size before relaxing)
 .debug_str     0x00000320        0x8 d:/me/ee/courses/tools/imt_sdk_win_64/winavr/bin/../lib/gcc/avr/4.3.3/avr5\libgcc.a(_ge_sf.o)
                                0x195 (size before relaxing)
 .debug_str     0x00000328        0x8 d:/me/ee/courses/tools/imt_sdk_win_64/winavr/bin/../lib/gcc/avr/4.3.3/avr5\libgcc.a(_lt_sf.o)
                                0x195 (size before relaxing)
 .debug_str     0x00000330        0xa d:/me/ee/courses/tools/imt_sdk_win_64/winavr/bin/../lib/gcc/avr/4.3.3/avr5\libgcc.a(_sf_to_si.o)
                                0x19e (size before relaxing)
 .debug_str     0x00000000      0x103 d:/me/ee/courses/tools/imt_sdk_win_64/winavr/bin/../lib/gcc/avr/4.3.3/avr5\libgcc.a(_thenan_sf.o)
 .debug_str     0x00000000       0xf4 d:/me/ee/courses/tools/imt_sdk_win_64/winavr/bin/../lib/gcc/avr/4.3.3/avr5\libgcc.a(_clz.o)
 .debug_str     0x0000033a       0x16 d:/me/ee/courses/tools/imt_sdk_win_64/winavr/bin/../lib/gcc/avr/4.3.3/avr5\libgcc.a(_pack_sf.o)
                                0x19d (size before relaxing)
 .debug_str     0x00000350        0xb d:/me/ee/courses/tools/imt_sdk_win_64/winavr/bin/../lib/gcc/avr/4.3.3/avr5\libgcc.a(_unpack_sf.o)
                                0x17f (size before relaxing)
 .debug_str     0x0000035b       0x10 d:/me/ee/courses/tools/imt_sdk_win_64/winavr/bin/../lib/gcc/avr/4.3.3/avr5\libgcc.a(_fpcmp_parts_sf.o)
                                0x163 (size before relaxing)

.debug_loc      0x00000000     0x17fa
 *(.debug_loc)
 .debug_loc     0x00000000       0xf8 d:/me/ee/courses/tools/imt_sdk_win_64/winavr/bin/../lib/gcc/avr/4.3.3/avr5\libgcc.a(_ashldi3.o)
 .debug_loc     0x000000f8       0x34 d:/me/ee/courses/tools/imt_sdk_win_64/winavr/bin/../lib/gcc/avr/4.3.3/avr5\libgcc.a(_fixunssfsi.o)
 .debug_loc     0x0000012c      0xe74 d:/me/ee/courses/tools/imt_sdk_win_64/winavr/bin/../lib/gcc/avr/4.3.3/avr5\libgcc.a(_udivdi3.o)
 .debug_loc     0x00000fa0      0x32a d:/me/ee/courses/tools/imt_sdk_win_64/winavr/bin/../lib/gcc/avr/4.3.3/avr5\libgcc.a(_addsub_sf.o)
 .debug_loc     0x000012ca      0x104 d:/me/ee/courses/tools/imt_sdk_win_64/winavr/bin/../lib/gcc/avr/4.3.3/avr5\libgcc.a(_mul_sf.o)
 .debug_loc     0x000013ce       0xc0 d:/me/ee/courses/tools/imt_sdk_win_64/winavr/bin/../lib/gcc/avr/4.3.3/avr5\libgcc.a(_div_sf.o)
 .debug_loc     0x0000148e       0x3c d:/me/ee/courses/tools/imt_sdk_win_64/winavr/bin/../lib/gcc/avr/4.3.3/avr5\libgcc.a(_gt_sf.o)
 .debug_loc     0x000014ca       0x3c d:/me/ee/courses/tools/imt_sdk_win_64/winavr/bin/../lib/gcc/avr/4.3.3/avr5\libgcc.a(_ge_sf.o)
 .debug_loc     0x00001506       0x3c d:/me/ee/courses/tools/imt_sdk_win_64/winavr/bin/../lib/gcc/avr/4.3.3/avr5\libgcc.a(_lt_sf.o)
 .debug_loc     0x00001542       0x7e d:/me/ee/courses/tools/imt_sdk_win_64/winavr/bin/../lib/gcc/avr/4.3.3/avr5\libgcc.a(_sf_to_si.o)
 .debug_loc     0x000015c0      0x13e d:/me/ee/courses/tools/imt_sdk_win_64/winavr/bin/../lib/gcc/avr/4.3.3/avr5\libgcc.a(_pack_sf.o)
 .debug_loc     0x000016fe       0xac d:/me/ee/courses/tools/imt_sdk_win_64/winavr/bin/../lib/gcc/avr/4.3.3/avr5\libgcc.a(_unpack_sf.o)
 .debug_loc     0x000017aa       0x50 d:/me/ee/courses/tools/imt_sdk_win_64/winavr/bin/../lib/gcc/avr/4.3.3/avr5\libgcc.a(_fpcmp_parts_sf.o)

.debug_macinfo
 *(.debug_macinfo)
OUTPUT(ATmega32_Drivers.elf elf32-avr)
LOAD linker stubs

.debug_ranges   0x00000000       0x68
 .debug_ranges  0x00000000       0x18 d:/me/ee/courses/tools/imt_sdk_win_64/winavr/bin/../lib/gcc/avr/4.3.3/avr5\libgcc.a(_udivdi3.o)
 .debug_ranges  0x00000018       0x50 d:/me/ee/courses/tools/imt_sdk_win_64/winavr/bin/../lib/gcc/avr/4.3.3/avr5\libgcc.a(_mul_sf.o)
