Archive member included because of file (symbol)

d:/me/ee/courses/tools/imt_sdk_win_64/winavr/bin/../lib/gcc/avr/4.3.3/avr5\libgcc.a(_mulsi3.o)
                              ./Include/HAL/ULTRASONIC/ULTRASONIC_Program.o (__mulsi3)
d:/me/ee/courses/tools/imt_sdk_win_64/winavr/bin/../lib/gcc/avr/4.3.3/avr5\libgcc.a(_udivmodhi4.o)
                              ./Include/MCAL/TIMER1/TIMER1_Program.o (__udivmodhi4)
d:/me/ee/courses/tools/imt_sdk_win_64/winavr/bin/../lib/gcc/avr/4.3.3/avr5\libgcc.a(_exit.o)
                              d:/me/ee/courses/tools/imt_sdk_win_64/winavr/bin/../lib/gcc/avr/4.3.3/../../../../avr/lib/avr5/crtm32.o (exit)
d:/me/ee/courses/tools/imt_sdk_win_64/winavr/bin/../lib/gcc/avr/4.3.3/avr5\libgcc.a(_copy_data.o)
                              ./Include/SERVICES/UART/UART_services.o (__do_copy_data)
d:/me/ee/courses/tools/imt_sdk_win_64/winavr/bin/../lib/gcc/avr/4.3.3/avr5\libgcc.a(_clear_bss.o)
                              ./Include/SERVICES/UART/UART_services.o (__do_clear_bss)
d:/me/ee/courses/tools/imt_sdk_win_64/winavr/bin/../lib/gcc/avr/4.3.3/avr5\libgcc.a(_ashldi3.o)
                              ./Include/HAL/SERVOMOTOR/SERVO_Program.o (__ashldi3)
d:/me/ee/courses/tools/imt_sdk_win_64/winavr/bin/../lib/gcc/avr/4.3.3/avr5\libgcc.a(_fixunssfsi.o)
                              ./Include/HAL/ULTRASONIC/ULTRASONIC_Program.o (__fixunssfsi)
d:/me/ee/courses/tools/imt_sdk_win_64/winavr/bin/../lib/gcc/avr/4.3.3/avr5\libgcc.a(_udivdi3.o)
                              ./Include/HAL/SERVOMOTOR/SERVO_Program.o (__udivdi3)
d:/me/ee/courses/tools/imt_sdk_win_64/winavr/bin/../lib/gcc/avr/4.3.3/avr5\libgcc.a(_addsub_sf.o)
                              d:/me/ee/courses/tools/imt_sdk_win_64/winavr/bin/../lib/gcc/avr/4.3.3/avr5\libgcc.a(_fixunssfsi.o) (__subsf3)
d:/me/ee/courses/tools/imt_sdk_win_64/winavr/bin/../lib/gcc/avr/4.3.3/avr5\libgcc.a(_mul_sf.o)
                              ./Include/HAL/ULTRASONIC/ULTRASONIC_Program.o (__mulsf3)
d:/me/ee/courses/tools/imt_sdk_win_64/winavr/bin/../lib/gcc/avr/4.3.3/avr5\libgcc.a(_div_sf.o)
                              ./Include/HAL/ULTRASONIC/ULTRASONIC_Program.o (__divsf3)
d:/me/ee/courses/tools/imt_sdk_win_64/winavr/bin/../lib/gcc/avr/4.3.3/avr5\libgcc.a(_gt_sf.o)
                              ./Include/HAL/ULTRASONIC/ULTRASONIC_Program.o (__gtsf2)
d:/me/ee/courses/tools/imt_sdk_win_64/winavr/bin/../lib/gcc/avr/4.3.3/avr5\libgcc.a(_ge_sf.o)
                              d:/me/ee/courses/tools/imt_sdk_win_64/winavr/bin/../lib/gcc/avr/4.3.3/avr5\libgcc.a(_fixunssfsi.o) (__gesf2)
d:/me/ee/courses/tools/imt_sdk_win_64/winavr/bin/../lib/gcc/avr/4.3.3/avr5\libgcc.a(_lt_sf.o)
                              ./Include/HAL/ULTRASONIC/ULTRASONIC_Program.o (__ltsf2)
d:/me/ee/courses/tools/imt_sdk_win_64/winavr/bin/../lib/gcc/avr/4.3.3/avr5\libgcc.a(_sf_to_si.o)
                              d:/me/ee/courses/tools/imt_sdk_win_64/winavr/bin/../lib/gcc/avr/4.3.3/avr5\libgcc.a(_fixunssfsi.o) (__fixsfsi)
d:/me/ee/courses/tools/imt_sdk_win_64/winavr/bin/../lib/gcc/avr/4.3.3/avr5\libgcc.a(_thenan_sf.o)
                              d:/me/ee/courses/tools/imt_sdk_win_64/winavr/bin/../lib/gcc/avr/4.3.3/avr5\libgcc.a(_addsub_sf.o) (__thenan_sf)
d:/me/ee/courses/tools/imt_sdk_win_64/winavr/bin/../lib/gcc/avr/4.3.3/avr5\libgcc.a(_usi_to_sf.o)
                              ./Include/HAL/SSD/SSD_Program.o (__floatunsisf)
d:/me/ee/courses/tools/imt_sdk_win_64/winavr/bin/../lib/gcc/avr/4.3.3/avr5\libgcc.a(_udivmodsi4.o)
                              d:/me/ee/courses/tools/imt_sdk_win_64/winavr/bin/../lib/gcc/avr/4.3.3/avr5\libgcc.a(_udivdi3.o) (__udivmodsi4)
d:/me/ee/courses/tools/imt_sdk_win_64/winavr/bin/../lib/gcc/avr/4.3.3/avr5\libgcc.a(_prologue.o)
                              d:/me/ee/courses/tools/imt_sdk_win_64/winavr/bin/../lib/gcc/avr/4.3.3/avr5\libgcc.a(_udivdi3.o) (__prologue_saves__)
d:/me/ee/courses/tools/imt_sdk_win_64/winavr/bin/../lib/gcc/avr/4.3.3/avr5\libgcc.a(_epilogue.o)
                              d:/me/ee/courses/tools/imt_sdk_win_64/winavr/bin/../lib/gcc/avr/4.3.3/avr5\libgcc.a(_udivdi3.o) (__epilogue_restores__)
d:/me/ee/courses/tools/imt_sdk_win_64/winavr/bin/../lib/gcc/avr/4.3.3/avr5\libgcc.a(_clz.o)
                              d:/me/ee/courses/tools/imt_sdk_win_64/winavr/bin/../lib/gcc/avr/4.3.3/avr5\libgcc.a(_udivdi3.o) (__clz_tab)
d:/me/ee/courses/tools/imt_sdk_win_64/winavr/bin/../lib/gcc/avr/4.3.3/avr5\libgcc.a(_clzsi2.o)
                              d:/me/ee/courses/tools/imt_sdk_win_64/winavr/bin/../lib/gcc/avr/4.3.3/avr5\libgcc.a(_usi_to_sf.o) (__clzsi2)
d:/me/ee/courses/tools/imt_sdk_win_64/winavr/bin/../lib/gcc/avr/4.3.3/avr5\libgcc.a(_pack_sf.o)
                              d:/me/ee/courses/tools/imt_sdk_win_64/winavr/bin/../lib/gcc/avr/4.3.3/avr5\libgcc.a(_addsub_sf.o) (__pack_f)
d:/me/ee/courses/tools/imt_sdk_win_64/winavr/bin/../lib/gcc/avr/4.3.3/avr5\libgcc.a(_unpack_sf.o)
                              d:/me/ee/courses/tools/imt_sdk_win_64/winavr/bin/../lib/gcc/avr/4.3.3/avr5\libgcc.a(_addsub_sf.o) (__unpack_f)
d:/me/ee/courses/tools/imt_sdk_win_64/winavr/bin/../lib/gcc/avr/4.3.3/avr5\libgcc.a(_fpcmp_parts_sf.o)
                              d:/me/ee/courses/tools/imt_sdk_win_64/winavr/bin/../lib/gcc/avr/4.3.3/avr5\libgcc.a(_gt_sf.o) (__fpcmp_parts_f)

Allocating common symbols
Common symbol       size              file

t2                  0x2               ./Include/HAL/ULTRASONIC/ULTRASONIC_Program.o
RTOS_AOfTasks       0x12              ./Include/SERVICES/RTOS/RTOS_Program.o
t1                  0x2               ./Include/HAL/ULTRASONIC/ULTRASONIC_Program.o

Memory Configuration

Name             Origin             Length             Attributes
text             0x00000000         0x00020000         xr
data             0x00800060         0x0000ffa0         rw !x
eeprom           0x00810000         0x00010000         rw !x
fuse             0x00820000         0x00000400         rw !x
lock             0x00830000         0x00000400         rw !x
signature        0x00840000         0x00000400         rw !x
*default*        0x00000000         0xffffffff

Linker script and memory map

LOAD d:/me/ee/courses/tools/imt_sdk_win_64/winavr/bin/../lib/gcc/avr/4.3.3/../../../../avr/lib/avr5/crtm32.o
LOAD ./Include/SERVICES/UART/UART_services.o
LOAD ./Include/SERVICES/RTOS/RTOS_Program.o
LOAD ./Include/MCAL/WDT/WDT_Program.o
LOAD ./Include/MCAL/UART/UART_Program.o
LOAD ./Include/MCAL/TWI/TWI_Program.o
LOAD ./Include/MCAL/TIMER2/TIMER2_Program.o
LOAD ./Include/MCAL/TIMER1/TIMER1_Program.o
LOAD ./Include/MCAL/TIMER0/TIMER0_Program.o
LOAD ./Include/MCAL/SPI/SPI_Program.o
LOAD ./Include/MCAL/EXTI/EXTI_Program.o
LOAD ./Include/MCAL/DIO/DIO_Program.o
LOAD ./Include/MCAL/ADC/ADC_Program.o
LOAD ./Include/HAL/ULTRASONIC/ULTRASONIC_Program.o
LOAD ./Include/HAL/STEPPER/STEPPER_Program.o
LOAD ./Include/HAL/SSD/SSD_Program.o
LOAD ./Include/HAL/SERVOMOTOR/SERVO_Program.o
LOAD ./Include/HAL/LCD/LCD_Program.o
LOAD ./Include/HAL/KEYPAD/KEYPAD_Program.o
LOAD ./Include/HAL/EEPROM/EEPROM_Program.o
LOAD ./Include/HAL/DCMOTOR/DCMOTOR_Program.o
LOAD ./main.o
LOAD d:/me/ee/courses/tools/imt_sdk_win_64/winavr/bin/../lib/gcc/avr/4.3.3/avr5\libgcc.a
LOAD d:/me/ee/courses/tools/imt_sdk_win_64/winavr/bin/../lib/gcc/avr/4.3.3/../../../../avr/lib/avr5\libc.a
LOAD d:/me/ee/courses/tools/imt_sdk_win_64/winavr/bin/../lib/gcc/avr/4.3.3/avr5\libgcc.a

.hash
 *(.hash)

.dynsym
 *(.dynsym)

.dynstr
 *(.dynstr)

.gnu.version
 *(.gnu.version)

.gnu.version_d
 *(.gnu.version_d)

.gnu.version_r
 *(.gnu.version_r)

.rel.init
 *(.rel.init)

.rela.init
 *(.rela.init)

.rel.text
 *(.rel.text)
 *(.rel.text.*)
 *(.rel.gnu.linkonce.t*)

.rela.text
 *(.rela.text)
 *(.rela.text.*)
 *(.rela.gnu.linkonce.t*)

.rel.fini
 *(.rel.fini)

.rela.fini
 *(.rela.fini)

.rel.rodata
 *(.rel.rodata)
 *(.rel.rodata.*)
 *(.rel.gnu.linkonce.r*)

.rela.rodata
 *(.rela.rodata)
 *(.rela.rodata.*)
 *(.rela.gnu.linkonce.r*)

.rel.data
 *(.rel.data)
 *(.rel.data.*)
 *(.rel.gnu.linkonce.d*)

.rela.data
 *(.rela.data)
 *(.rela.data.*)
 *(.rela.gnu.linkonce.d*)

.rel.ctors
 *(.rel.ctors)

.rela.ctors
 *(.rela.ctors)

.rel.dtors
 *(.rel.dtors)

.rela.dtors
 *(.rela.dtors)

.rel.got
 *(.rel.got)

.rela.got
 *(.rela.got)

.rel.bss
 *(.rel.bss)

.rela.bss
 *(.rela.bss)

.rel.plt
 *(.rel.plt)

.rela.plt
 *(.rela.plt)

.text           0x00000000     0x76a8
 *(.vectors)
 .vectors       0x00000000       0x54 d:/me/ee/courses/tools/imt_sdk_win_64/winavr/bin/../lib/gcc/avr/4.3.3/../../../../avr/lib/avr5/crtm32.o
                0x00000000                __vectors
                0x00000000                __vector_default
 *(.vectors)
 *(.progmem.gcc*)
 *(.progmem*)
                0x00000054                . = ALIGN (0x2)
                0x00000054                __trampolines_start = .
 *(.trampolines)
 .trampolines   0x00000054        0x0 linker stubs
 *(.trampolines*)
                0x00000054                __trampolines_end = .
 *(.jumptables)
 *(.jumptables*)
 *(.lowtext)
 *(.lowtext*)
                0x00000054                __ctors_start = .
 *(.ctors)
                0x00000054                __ctors_end = .
                0x00000054                __dtors_start = .
 *(.dtors)
                0x00000054                __dtors_end = .
 SORT(*)(.ctors)
 SORT(*)(.dtors)
 *(.init0)
 .init0         0x00000054        0x0 d:/me/ee/courses/tools/imt_sdk_win_64/winavr/bin/../lib/gcc/avr/4.3.3/../../../../avr/lib/avr5/crtm32.o
                0x00000054                __init
 *(.init0)
 *(.init1)
 *(.init1)
 *(.init2)
 .init2         0x00000054        0xc d:/me/ee/courses/tools/imt_sdk_win_64/winavr/bin/../lib/gcc/avr/4.3.3/../../../../avr/lib/avr5/crtm32.o
 *(.init2)
 *(.init3)
 *(.init3)
 *(.init4)
 .init4         0x00000060       0x16 d:/me/ee/courses/tools/imt_sdk_win_64/winavr/bin/../lib/gcc/avr/4.3.3/avr5\libgcc.a(_copy_data.o)
                0x00000060                __do_copy_data
 .init4         0x00000076       0x10 d:/me/ee/courses/tools/imt_sdk_win_64/winavr/bin/../lib/gcc/avr/4.3.3/avr5\libgcc.a(_clear_bss.o)
                0x00000076                __do_clear_bss
 *(.init4)
 *(.init5)
 *(.init5)
 *(.init6)
 *(.init6)
 *(.init7)
 *(.init7)
 *(.init8)
 *(.init8)
 *(.init9)
 .init9         0x00000086        0x8 d:/me/ee/courses/tools/imt_sdk_win_64/winavr/bin/../lib/gcc/avr/4.3.3/../../../../avr/lib/avr5/crtm32.o
 *(.init9)
 *(.text)
 .text          0x0000008e        0x4 d:/me/ee/courses/tools/imt_sdk_win_64/winavr/bin/../lib/gcc/avr/4.3.3/../../../../avr/lib/avr5/crtm32.o
                0x0000008e                __bad_interrupt
                0x0000008e                __vector_17
                0x0000008e                __vector_18
                0x0000008e                __vector_20
 .text          0x00000092        0x0 ./Include/SERVICES/UART/UART_services.o
 .text          0x00000092        0x0 ./Include/SERVICES/RTOS/RTOS_Program.o
 .text          0x00000092        0x0 ./Include/MCAL/WDT/WDT_Program.o
 .text          0x00000092        0x0 ./Include/MCAL/UART/UART_Program.o
 .text          0x00000092        0x0 ./Include/MCAL/TWI/TWI_Program.o
 .text          0x00000092        0x0 ./Include/MCAL/TIMER2/TIMER2_Program.o
 .text          0x00000092        0x0 ./Include/MCAL/TIMER1/TIMER1_Program.o
 .text          0x00000092        0x0 ./Include/MCAL/TIMER0/TIMER0_Program.o
 .text          0x00000092        0x0 ./Include/MCAL/SPI/SPI_Program.o
 .text          0x00000092        0x0 ./Include/MCAL/EXTI/EXTI_Program.o
 .text          0x00000092        0x0 ./Include/MCAL/DIO/DIO_Program.o
 .text          0x00000092        0x0 ./Include/MCAL/ADC/ADC_Program.o
 .text          0x00000092        0x0 ./Include/HAL/ULTRASONIC/ULTRASONIC_Program.o
 .text          0x00000092        0x0 ./Include/HAL/STEPPER/STEPPER_Program.o
 .text          0x00000092        0x0 ./Include/HAL/SSD/SSD_Program.o
 .text          0x00000092        0x0 ./Include/HAL/SERVOMOTOR/SERVO_Program.o
 .text          0x00000092        0x0 ./Include/HAL/LCD/LCD_Program.o
 .text          0x00000092        0x0 ./Include/HAL/KEYPAD/KEYPAD_Program.o
 .text          0x00000092        0x0 ./Include/HAL/EEPROM/EEPROM_Program.o
 .text          0x00000092        0x0 ./Include/HAL/DCMOTOR/DCMOTOR_Program.o
 .text          0x00000092        0x0 ./main.o
 .text          0x00000092        0x0 d:/me/ee/courses/tools/imt_sdk_win_64/winavr/bin/../lib/gcc/avr/4.3.3/avr5\libgcc.a(_mulsi3.o)
 .text          0x00000092        0x0 d:/me/ee/courses/tools/imt_sdk_win_64/winavr/bin/../lib/gcc/avr/4.3.3/avr5\libgcc.a(_udivmodhi4.o)
 .text          0x00000092        0x0 d:/me/ee/courses/tools/imt_sdk_win_64/winavr/bin/../lib/gcc/avr/4.3.3/avr5\libgcc.a(_exit.o)
 .text          0x00000092        0x0 d:/me/ee/courses/tools/imt_sdk_win_64/winavr/bin/../lib/gcc/avr/4.3.3/avr5\libgcc.a(_copy_data.o)
 .text          0x00000092        0x0 d:/me/ee/courses/tools/imt_sdk_win_64/winavr/bin/../lib/gcc/avr/4.3.3/avr5\libgcc.a(_clear_bss.o)
 .text          0x00000092       0xfe d:/me/ee/courses/tools/imt_sdk_win_64/winavr/bin/../lib/gcc/avr/4.3.3/avr5\libgcc.a(_ashldi3.o)
                0x00000092                __ashldi3
 .text          0x00000190       0x58 d:/me/ee/courses/tools/imt_sdk_win_64/winavr/bin/../lib/gcc/avr/4.3.3/avr5\libgcc.a(_fixunssfsi.o)
                0x00000190                __fixunssfsi
 .text          0x000001e8      0xcea d:/me/ee/courses/tools/imt_sdk_win_64/winavr/bin/../lib/gcc/avr/4.3.3/avr5\libgcc.a(_udivdi3.o)
                0x000001e8                __udivdi3
 .text          0x00000ed2      0x354 d:/me/ee/courses/tools/imt_sdk_win_64/winavr/bin/../lib/gcc/avr/4.3.3/avr5\libgcc.a(_addsub_sf.o)
                0x0000116a                __subsf3
                0x000011cc                __addsf3
 .text          0x00001226      0x1f4 d:/me/ee/courses/tools/imt_sdk_win_64/winavr/bin/../lib/gcc/avr/4.3.3/avr5\libgcc.a(_mul_sf.o)
                0x00001226                __mulsf3
 .text          0x0000141a      0x158 d:/me/ee/courses/tools/imt_sdk_win_64/winavr/bin/../lib/gcc/avr/4.3.3/avr5\libgcc.a(_div_sf.o)
                0x0000141a                __divsf3
 .text          0x00001572       0x60 d:/me/ee/courses/tools/imt_sdk_win_64/winavr/bin/../lib/gcc/avr/4.3.3/avr5\libgcc.a(_gt_sf.o)
                0x00001572                __gtsf2
 .text          0x000015d2       0x60 d:/me/ee/courses/tools/imt_sdk_win_64/winavr/bin/../lib/gcc/avr/4.3.3/avr5\libgcc.a(_ge_sf.o)
                0x000015d2                __gesf2
 .text          0x00001632       0x60 d:/me/ee/courses/tools/imt_sdk_win_64/winavr/bin/../lib/gcc/avr/4.3.3/avr5\libgcc.a(_lt_sf.o)
                0x00001632                __ltsf2
 .text          0x00001692       0xa8 d:/me/ee/courses/tools/imt_sdk_win_64/winavr/bin/../lib/gcc/avr/4.3.3/avr5\libgcc.a(_sf_to_si.o)
                0x00001692                __fixsfsi
 .text          0x0000173a        0x0 d:/me/ee/courses/tools/imt_sdk_win_64/winavr/bin/../lib/gcc/avr/4.3.3/avr5\libgcc.a(_thenan_sf.o)
 .text          0x0000173a       0xf2 d:/me/ee/courses/tools/imt_sdk_win_64/winavr/bin/../lib/gcc/avr/4.3.3/avr5\libgcc.a(_usi_to_sf.o)
                0x0000173a                __floatunsisf
 .text          0x0000182c        0x0 d:/me/ee/courses/tools/imt_sdk_win_64/winavr/bin/../lib/gcc/avr/4.3.3/avr5\libgcc.a(_udivmodsi4.o)
 .text          0x0000182c        0x0 d:/me/ee/courses/tools/imt_sdk_win_64/winavr/bin/../lib/gcc/avr/4.3.3/avr5\libgcc.a(_prologue.o)
 .text          0x0000182c        0x0 d:/me/ee/courses/tools/imt_sdk_win_64/winavr/bin/../lib/gcc/avr/4.3.3/avr5\libgcc.a(_epilogue.o)
 .text          0x0000182c        0x0 d:/me/ee/courses/tools/imt_sdk_win_64/winavr/bin/../lib/gcc/avr/4.3.3/avr5\libgcc.a(_clz.o)
 .text          0x0000182c       0x9e d:/me/ee/courses/tools/imt_sdk_win_64/winavr/bin/../lib/gcc/avr/4.3.3/avr5\libgcc.a(_clzsi2.o)
                0x0000182c                __clzsi2
 .text          0x000018ca      0x1aa d:/me/ee/courses/tools/imt_sdk_win_64/winavr/bin/../lib/gcc/avr/4.3.3/avr5\libgcc.a(_pack_sf.o)
                0x000018ca                __pack_f
 .text          0x00001a74       0xf0 d:/me/ee/courses/tools/imt_sdk_win_64/winavr/bin/../lib/gcc/avr/4.3.3/avr5\libgcc.a(_unpack_sf.o)
                0x00001a74                __unpack_f
 .text          0x00001b64       0xb2 d:/me/ee/courses/tools/imt_sdk_win_64/winavr/bin/../lib/gcc/avr/4.3.3/avr5\libgcc.a(_fpcmp_parts_sf.o)
                0x00001b64                __fpcmp_parts_f
                0x00001c16                . = ALIGN (0x2)
 *(.text.*)
 .text.UART_voidSendStringSynchBlocking
                0x00001c16       0x52 ./Include/SERVICES/UART/UART_services.o
                0x00001c16                UART_voidSendStringSynchBlocking
 .text.UART_voidSendStingAsynch
                0x00001c68       0x3a ./Include/SERVICES/UART/UART_services.o
                0x00001c68                UART_voidSendStingAsynch
 .text.FUNC_TX  0x00001ca2       0x58 ./Include/SERVICES/UART/UART_services.o
                0x00001ca2                FUNC_TX
 .text.UART_voidReceiveString
                0x00001cfa       0x86 ./Include/SERVICES/UART/UART_services.o
                0x00001cfa                UART_voidReceiveString
 .text.UART_voidReceiveStringAsynch
                0x00001d80       0x30 ./Include/SERVICES/UART/UART_services.o
                0x00001d80                UART_voidReceiveStringAsynch
 .text.FUNC_RX  0x00001db0       0x3e ./Include/SERVICES/UART/UART_services.o
                0x00001db0                FUNC_RX
 .text.UART_voidSendStringMyProtocol
                0x00001dee       0xa8 ./Include/SERVICES/UART/UART_services.o
                0x00001dee                UART_voidSendStringMyProtocol
 .text.UART_voidReceiveStringMyProtocol
                0x00001e96       0xc8 ./Include/SERVICES/UART/UART_services.o
                0x00001e96                UART_voidReceiveStringMyProtocol
 .text.UART_u8Frame
                0x00001f5e      0x1e2 ./Include/SERVICES/UART/UART_services.o
                0x00001f5e                UART_u8Frame
 .text.RTOS_voidInit
                0x00002140       0x20 ./Include/SERVICES/RTOS/RTOS_Program.o
                0x00002140                RTOS_voidInit
 .text.RTOS_voidInitArrayFunctions
                0x00002160       0x40 ./Include/SERVICES/RTOS/RTOS_Program.o
                0x00002160                RTOS_voidInitArrayFunctions
 .text.RTOS_voidCreateTask
                0x000021a0       0xaa ./Include/SERVICES/RTOS/RTOS_Program.o
                0x000021a0                RTOS_voidCreateTask
 .text.RTOS_voidScheduler
                0x0000224a      0x10e ./Include/SERVICES/RTOS/RTOS_Program.o
                0x0000224a                RTOS_voidScheduler
 .text.WDT_voidEnableWDT
                0x00002358       0x46 ./Include/MCAL/WDT/WDT_Program.o
                0x00002358                WDT_voidEnableWDT
 .text.WDT_voidDisableWDT
                0x0000239e       0x2a ./Include/MCAL/WDT/WDT_Program.o
                0x0000239e                WDT_voidDisableWDT
 .text.UART_voidInit
                0x000023c8       0xa2 ./Include/MCAL/UART/UART_Program.o
                0x000023c8                UART_voidInit
 .text.UART_voidSendByteSynchNonBlocking
                0x0000246a       0x8c ./Include/MCAL/UART/UART_Program.o
                0x0000246a                UART_voidSendByteSynchNonBlocking
 .text.UART_voidSendByteSynchBlocking
                0x000024f6       0x3a ./Include/MCAL/UART/UART_Program.o
                0x000024f6                UART_voidSendByteSynchBlocking
 .text.UART_voidSendByteAsynch
                0x00002530       0x1c ./Include/MCAL/UART/UART_Program.o
                0x00002530                UART_voidSendByteAsynch
 .text.UART_u8ReadByteSynchBlocking
                0x0000254c       0x32 ./Include/MCAL/UART/UART_Program.o
                0x0000254c                UART_u8ReadByteSynchBlocking
 .text.UART_u8ReadByteSynchNonBlocking
                0x0000257e       0x48 ./Include/MCAL/UART/UART_Program.o
                0x0000257e                UART_u8ReadByteSynchNonBlocking
 .text.UART_u8ReadByteAsynch
                0x000025c6       0x14 ./Include/MCAL/UART/UART_Program.o
                0x000025c6                UART_u8ReadByteAsynch
 .text.UART_voidRXCompleteInterruptEnable
                0x000025da       0x1c ./Include/MCAL/UART/UART_Program.o
                0x000025da                UART_voidRXCompleteInterruptEnable
 .text.UART_voidRXCompleteInterruptDisable
                0x000025f6       0x1c ./Include/MCAL/UART/UART_Program.o
                0x000025f6                UART_voidRXCompleteInterruptDisable
 .text.UART_voidTXCompleteInterruptEnable
                0x00002612       0x1c ./Include/MCAL/UART/UART_Program.o
                0x00002612                UART_voidTXCompleteInterruptEnable
 .text.UART_voidTXCompleteInterruptDisable
                0x0000262e       0x1c ./Include/MCAL/UART/UART_Program.o
                0x0000262e                UART_voidTXCompleteInterruptDisable
 .text.UART_voidUDRInterruptEnable
                0x0000264a       0x1c ./Include/MCAL/UART/UART_Program.o
                0x0000264a                UART_voidUDRInterruptEnable
 .text.UART_voidUDRInterruptDisable
                0x00002666       0x1c ./Include/MCAL/UART/UART_Program.o
                0x00002666                UART_voidUDRInterruptDisable
 .text.UART_voidSetCallRXC
                0x00002682       0x24 ./Include/MCAL/UART/UART_Program.o
                0x00002682                UART_voidSetCallRXC
 .text.UART_voidSetCallUDRE
                0x000026a6       0x24 ./Include/MCAL/UART/UART_Program.o
                0x000026a6                UART_voidSetCallUDRE
 .text.UART_voidSetCallTXC
                0x000026ca       0x24 ./Include/MCAL/UART/UART_Program.o
                0x000026ca                UART_voidSetCallTXC
 .text.__vector_13
                0x000026ee       0x66 ./Include/MCAL/UART/UART_Program.o
                0x000026ee                __vector_13
 .text.__vector_14
                0x00002754       0x66 ./Include/MCAL/UART/UART_Program.o
                0x00002754                __vector_14
 .text.__vector_15
                0x000027ba       0x66 ./Include/MCAL/UART/UART_Program.o
                0x000027ba                __vector_15
 .text.TWI_voidInit
                0x00002820       0x48 ./Include/MCAL/TWI/TWI_Program.o
                0x00002820                TWI_voidInit
 .text.TWI_u8Start
                0x00002868       0x56 ./Include/MCAL/TWI/TWI_Program.o
                0x00002868                TWI_u8Start
 .text.TWI_u8SendSlaveAddWrite
                0x000028be       0x64 ./Include/MCAL/TWI/TWI_Program.o
                0x000028be                TWI_u8SendSlaveAddWrite
 .text.TWI_u8SendData
                0x00002922       0x62 ./Include/MCAL/TWI/TWI_Program.o
                0x00002922                TWI_u8SendData
 .text.TWI_u8SendReStart
                0x00002984       0x56 ./Include/MCAL/TWI/TWI_Program.o
                0x00002984                TWI_u8SendReStart
 .text.TWI_u8SendSlaveAddRead
                0x000029da       0x6c ./Include/MCAL/TWI/TWI_Program.o
                0x000029da                TWI_u8SendSlaveAddRead
 .text.TWI_u8ReadData
                0x00002a46       0x68 ./Include/MCAL/TWI/TWI_Program.o
                0x00002a46                TWI_u8ReadData
 .text.TWI_voidStop
                0x00002aae       0x16 ./Include/MCAL/TWI/TWI_Program.o
                0x00002aae                TWI_voidStop
 .text.TWI_voidSetCallBack
                0x00002ac4       0x24 ./Include/MCAL/TWI/TWI_Program.o
                0x00002ac4                TWI_voidSetCallBack
 .text.TWI_voidSetInterruptEnable
                0x00002ae8       0x1c ./Include/MCAL/TWI/TWI_Program.o
                0x00002ae8                TWI_voidSetInterruptEnable
 .text.TWI_voidSetIntDisable
                0x00002b04       0x1c ./Include/MCAL/TWI/TWI_Program.o
                0x00002b04                TWI_voidSetIntDisable
 .text.__vector_19
                0x00002b20       0x66 ./Include/MCAL/TWI/TWI_Program.o
                0x00002b20                __vector_19
 .text.TIMER2_voidInit
                0x00002b86      0x10e ./Include/MCAL/TIMER2/TIMER2_Program.o
                0x00002b86                TIMER2_voidInit
 .text.TIMER2_voidSetTCNT2
                0x00002c94       0x1c ./Include/MCAL/TIMER2/TIMER2_Program.o
                0x00002c94                TIMER2_voidSetTCNT2
 .text.TIMER2_voidSetOCR2
                0x00002cb0       0x1c ./Include/MCAL/TIMER2/TIMER2_Program.o
                0x00002cb0                TIMER2_voidSetOCR2
 .text.TIMER2_voidOverFlowInterruptEnable
                0x00002ccc       0x1c ./Include/MCAL/TIMER2/TIMER2_Program.o
                0x00002ccc                TIMER2_voidOverFlowInterruptEnable
 .text.TIMER2_voidOverFlowInterruptDisable
                0x00002ce8       0x1c ./Include/MCAL/TIMER2/TIMER2_Program.o
                0x00002ce8                TIMER2_voidOverFlowInterruptDisable
 .text.TIMER2_voidCompareInterruptEnable
                0x00002d04       0x1c ./Include/MCAL/TIMER2/TIMER2_Program.o
                0x00002d04                TIMER2_voidCompareInterruptEnable
 .text.TIMER2_voidCompareInterruptDisable
                0x00002d20       0x1c ./Include/MCAL/TIMER2/TIMER2_Program.o
                0x00002d20                TIMER2_voidCompareInterruptDisable
 .text.TIMER2_voidSetCallBackOVF
                0x00002d3c       0x24 ./Include/MCAL/TIMER2/TIMER2_Program.o
                0x00002d3c                TIMER2_voidSetCallBackOVF
 .text.TIMER2_voidSetCallBackCTC
                0x00002d60       0x24 ./Include/MCAL/TIMER2/TIMER2_Program.o
                0x00002d60                TIMER2_voidSetCallBackCTC
 .text.__vector_5
                0x00002d84       0x66 ./Include/MCAL/TIMER2/TIMER2_Program.o
                0x00002d84                __vector_5
 .text.__vector_4
                0x00002dea       0x66 ./Include/MCAL/TIMER2/TIMER2_Program.o
                0x00002dea                __vector_4
 .text.TIMER1_voidInit
                0x00002e50      0x4ae ./Include/MCAL/TIMER1/TIMER1_Program.o
                0x00002e50                TIMER1_voidInit
 .text.TIMER1_voidInputCaptureEdge
                0x000032fe       0x3e ./Include/MCAL/TIMER1/TIMER1_Program.o
                0x000032fe                TIMER1_voidInputCaptureEdge
 .text.TIMER1_voidMeasurePWM
                0x0000333c       0xde ./Include/MCAL/TIMER1/TIMER1_Program.o
                0x0000333c                TIMER1_voidMeasurePWM
 .text.TIMER1_voidGetICR1
                0x0000341a       0x16 ./Include/MCAL/TIMER1/TIMER1_Program.o
                0x0000341a                TIMER1_voidGetICR1
 .text.TIMER1_voidCaptureInterruptEnable
                0x00003430       0x1c ./Include/MCAL/TIMER1/TIMER1_Program.o
                0x00003430                TIMER1_voidCaptureInterruptEnable
 .text.TIMER1_voidCaptureInterruptDisable
                0x0000344c       0x1c ./Include/MCAL/TIMER1/TIMER1_Program.o
                0x0000344c                TIMER1_voidCaptureInterruptDisable
 .text.TIMER1_voidCompareAInterruptEnable
                0x00003468       0x1c ./Include/MCAL/TIMER1/TIMER1_Program.o
                0x00003468                TIMER1_voidCompareAInterruptEnable
 .text.TIMER1_voidCompareAInterruptDisable
                0x00003484       0x1c ./Include/MCAL/TIMER1/TIMER1_Program.o
                0x00003484                TIMER1_voidCompareAInterruptDisable
 .text.TIMER1_voidCompareBInterruptEnable
                0x000034a0       0x1c ./Include/MCAL/TIMER1/TIMER1_Program.o
                0x000034a0                TIMER1_voidCompareBInterruptEnable
 .text.TIMER1_voidCompareBInterruptDisable
                0x000034bc       0x1c ./Include/MCAL/TIMER1/TIMER1_Program.o
                0x000034bc                TIMER1_voidCompareBInterruptDisable
 .text.TIMER1_voidOverFlowInterruptEnable
                0x000034d8       0x1c ./Include/MCAL/TIMER1/TIMER1_Program.o
                0x000034d8                TIMER1_voidOverFlowInterruptEnable
 .text.TIMER1_voidOverFlowInterruptDisable
                0x000034f4       0x1c ./Include/MCAL/TIMER1/TIMER1_Program.o
                0x000034f4                TIMER1_voidOverFlowInterruptDisable
 .text.TIMER1_voidSetICR1Value
                0x00003510       0x24 ./Include/MCAL/TIMER1/TIMER1_Program.o
                0x00003510                TIMER1_voidSetICR1Value
 .text.TIMER1_voidSetOCR1AValue
                0x00003534       0x24 ./Include/MCAL/TIMER1/TIMER1_Program.o
                0x00003534                TIMER1_voidSetOCR1AValue
 .text.TIMER1_voidSetOCR1BValue
                0x00003558       0x24 ./Include/MCAL/TIMER1/TIMER1_Program.o
                0x00003558                TIMER1_voidSetOCR1BValue
 .text.TIMER1_voidSetTCNT1Value
                0x0000357c       0x24 ./Include/MCAL/TIMER1/TIMER1_Program.o
                0x0000357c                TIMER1_voidSetTCNT1Value
 .text.TIMER1_voidSetCallBackCapture
                0x000035a0       0x24 ./Include/MCAL/TIMER1/TIMER1_Program.o
                0x000035a0                TIMER1_voidSetCallBackCapture
 .text.TIMER1_voidSetCallBackCOMA
                0x000035c4       0x24 ./Include/MCAL/TIMER1/TIMER1_Program.o
                0x000035c4                TIMER1_voidSetCallBackCOMA
 .text.TIMER1_voidSetCallBackCOMB
                0x000035e8       0x24 ./Include/MCAL/TIMER1/TIMER1_Program.o
                0x000035e8                TIMER1_voidSetCallBackCOMB
 .text.TIMER1_voidSetCallBackOVF
                0x0000360c       0x24 ./Include/MCAL/TIMER1/TIMER1_Program.o
                0x0000360c                TIMER1_voidSetCallBackOVF
 .text.__vector_6
                0x00003630       0x66 ./Include/MCAL/TIMER1/TIMER1_Program.o
                0x00003630                __vector_6
 .text.__vector_7
                0x00003696       0x66 ./Include/MCAL/TIMER1/TIMER1_Program.o
                0x00003696                __vector_7
 .text.__vector_8
                0x000036fc       0x66 ./Include/MCAL/TIMER1/TIMER1_Program.o
                0x000036fc                __vector_8
 .text.__vector_9
                0x00003762       0x66 ./Include/MCAL/TIMER1/TIMER1_Program.o
                0x00003762                __vector_9
 .text.func_ICU
                0x000037c8       0x70 ./Include/MCAL/TIMER1/TIMER1_Program.o
 .text.TIMER0_voidInit
                0x00003838      0x148 ./Include/MCAL/TIMER0/TIMER0_Program.o
                0x00003838                TIMER0_voidInit
 .text.TIMER0_voidOverFlowInterruptEnable
                0x00003980       0x1c ./Include/MCAL/TIMER0/TIMER0_Program.o
                0x00003980                TIMER0_voidOverFlowInterruptEnable
 .text.TIMER0_voidOverFlowInterruptDisable
                0x0000399c       0x1c ./Include/MCAL/TIMER0/TIMER0_Program.o
                0x0000399c                TIMER0_voidOverFlowInterruptDisable
 .text.TIMER0_voidCompareInterruptEnable
                0x000039b8       0x1c ./Include/MCAL/TIMER0/TIMER0_Program.o
                0x000039b8                TIMER0_voidCompareInterruptEnable
 .text.TIMER0_voidCompareInterruptDisable
                0x000039d4       0x1c ./Include/MCAL/TIMER0/TIMER0_Program.o
                0x000039d4                TIMER0_voidCompareInterruptDisable
 .text.TIMER0_voidSetPreLoad
                0x000039f0       0x1c ./Include/MCAL/TIMER0/TIMER0_Program.o
                0x000039f0                TIMER0_voidSetPreLoad
 .text.TIMER0_voidSetOCR0
                0x00003a0c       0x1c ./Include/MCAL/TIMER0/TIMER0_Program.o
                0x00003a0c                TIMER0_voidSetOCR0
 .text.TIMER0_voidOVFSetCallBack
                0x00003a28       0x24 ./Include/MCAL/TIMER0/TIMER0_Program.o
                0x00003a28                TIMER0_voidOVFSetCallBack
 .text.TIMER0_voidCTCSetCallBack
                0x00003a4c       0x24 ./Include/MCAL/TIMER0/TIMER0_Program.o
                0x00003a4c                TIMER0_voidCTCSetCallBack
 .text.__vector_11
                0x00003a70       0x66 ./Include/MCAL/TIMER0/TIMER0_Program.o
                0x00003a70                __vector_11
 .text.__vector_10
                0x00003ad6       0x66 ./Include/MCAL/TIMER0/TIMER0_Program.o
                0x00003ad6                __vector_10
 .text.SPI_voidInit
                0x00003b3c       0x7e ./Include/MCAL/SPI/SPI_Program.o
                0x00003b3c                SPI_voidInit
 .text.SPI_u8SendRecieveData
                0x00003bba       0x40 ./Include/MCAL/SPI/SPI_Program.o
                0x00003bba                SPI_u8SendRecieveData
 .text.SPI_voidInterruptEnable
                0x00003bfa       0x1c ./Include/MCAL/SPI/SPI_Program.o
                0x00003bfa                SPI_voidInterruptEnable
 .text.SPI_voidInterruptDisable
                0x00003c16       0x1c ./Include/MCAL/SPI/SPI_Program.o
                0x00003c16                SPI_voidInterruptDisable
 .text.SPI_voidSetCallBack
                0x00003c32       0x24 ./Include/MCAL/SPI/SPI_Program.o
                0x00003c32                SPI_voidSetCallBack
 .text.__vector_12
                0x00003c56       0x66 ./Include/MCAL/SPI/SPI_Program.o
                0x00003c56                __vector_12
 .text.EXTI_voidConfig
                0x00003cbc       0xe0 ./Include/MCAL/EXTI/EXTI_Program.o
                0x00003cbc                EXTI_voidConfig
 .text.EXTI_voidEnable
                0x00003d9c       0x6e ./Include/MCAL/EXTI/EXTI_Program.o
                0x00003d9c                EXTI_voidEnable
 .text.EXTI_voidDisable
                0x00003e0a       0x6e ./Include/MCAL/EXTI/EXTI_Program.o
                0x00003e0a                EXTI_voidDisable
 .text.EXTI_voidClearFlag
                0x00003e78       0x6e ./Include/MCAL/EXTI/EXTI_Program.o
                0x00003e78                EXTI_voidClearFlag
 .text.EXTI_voidSetCallBack
                0x00003ee6       0x7a ./Include/MCAL/EXTI/EXTI_Program.o
                0x00003ee6                EXTI_voidSetCallBack
 .text.__vector_1
                0x00003f60       0x66 ./Include/MCAL/EXTI/EXTI_Program.o
                0x00003f60                __vector_1
 .text.__vector_2
                0x00003fc6       0x66 ./Include/MCAL/EXTI/EXTI_Program.o
                0x00003fc6                __vector_2
 .text.__vector_3
                0x0000402c       0x66 ./Include/MCAL/EXTI/EXTI_Program.o
                0x0000402c                __vector_3
 .text.DIO_voidInit
                0x00004092       0x46 ./Include/MCAL/DIO/DIO_Program.o
                0x00004092                DIO_voidInit
 .text.DIO_u8GetPinValue
                0x000040d8      0x168 ./Include/MCAL/DIO/DIO_Program.o
                0x000040d8                DIO_u8GetPinValue
 .text.DIO_voidSetPinValue
                0x00004240      0x22c ./Include/MCAL/DIO/DIO_Program.o
                0x00004240                DIO_voidSetPinValue
 .text.DIO_voidSetPinDirection
                0x0000446c      0x22c ./Include/MCAL/DIO/DIO_Program.o
                0x0000446c                DIO_voidSetPinDirection
 .text.DIO_voidSetPortValue
                0x00004698       0x82 ./Include/MCAL/DIO/DIO_Program.o
                0x00004698                DIO_voidSetPortValue
 .text.DIO_voidSetPortDirection
                0x0000471a       0x82 ./Include/MCAL/DIO/DIO_Program.o
                0x0000471a                DIO_voidSetPortDirection
 .text.ADC_voidInit
                0x0000479c       0x96 ./Include/MCAL/ADC/ADC_Program.o
                0x0000479c                ADC_voidInit
 .text.ADC_u16GetDigitalValueBlocking
                0x00004832       0x8c ./Include/MCAL/ADC/ADC_Program.o
                0x00004832                ADC_u16GetDigitalValueBlocking
 .text.ADC_voidStartConversionAsync
                0x000048be       0x40 ./Include/MCAL/ADC/ADC_Program.o
                0x000048be                ADC_voidStartConversionAsync
 .text.ADC_u16GetValueNonBlocking
                0x000048fe       0x5e ./Include/MCAL/ADC/ADC_Program.o
                0x000048fe                ADC_u16GetValueNonBlocking
 .text.ADC_voidInterruptEnable
                0x0000495c       0x1c ./Include/MCAL/ADC/ADC_Program.o
                0x0000495c                ADC_voidInterruptEnable
 .text.ADC_voidInterruptDisable
                0x00004978       0x1c ./Include/MCAL/ADC/ADC_Program.o
                0x00004978                ADC_voidInterruptDisable
 .text.ADC_voidCallBack
                0x00004994       0x24 ./Include/MCAL/ADC/ADC_Program.o
                0x00004994                ADC_voidCallBack
 .text.__vector_16
                0x000049b8       0x66 ./Include/MCAL/ADC/ADC_Program.o
                0x000049b8                __vector_16
 .text.ULTRASONIC_voidInit
                0x00004a1e       0x2a ./Include/HAL/ULTRASONIC/ULTRASONIC_Program.o
                0x00004a1e                ULTRASONIC_voidInit
 .text.ULTRASONIC_u16GetDistance
                0x00004a48      0x23a ./Include/HAL/ULTRASONIC/ULTRASONIC_Program.o
                0x00004a48                ULTRASONIC_u16GetDistance
 .text.ULTRASONIC_voidStart
                0x00004c82      0x1ce ./Include/HAL/ULTRASONIC/ULTRASONIC_Program.o
                0x00004c82                ULTRASONIC_voidStart
 .text.ULTRASONIC_u8GetDistanceNoBlock
                0x00004e50       0xb2 ./Include/HAL/ULTRASONIC/ULTRASONIC_Program.o
                0x00004e50                ULTRASONIC_u8GetDistanceNoBlock
 .text.Func_ICU
                0x00004f02       0x5c ./Include/HAL/ULTRASONIC/ULTRASONIC_Program.o
 .text.Func_OVF
                0x00004f5e       0x18 ./Include/HAL/ULTRASONIC/ULTRASONIC_Program.o
 .text.STEP_voidFullStep
                0x00004f76      0x456 ./Include/HAL/STEPPER/STEPPER_Program.o
                0x00004f76                STEP_voidFullStep
 .text.STEP_voidMotorAngle
                0x000053cc      0x4b4 ./Include/HAL/STEPPER/STEPPER_Program.o
                0x000053cc                STEP_voidMotorAngle
 .text.SSD_voidDisplay
                0x00005880      0x118 ./Include/HAL/SSD/SSD_Program.o
                0x00005880                SSD_voidDisplay
 .text.SSD_voidDisplayAscending
                0x00005998      0x188 ./Include/HAL/SSD/SSD_Program.o
                0x00005998                SSD_voidDisplayAscending
 .text.SSD_voidDisplayDescending
                0x00005b20      0x170 ./Include/HAL/SSD/SSD_Program.o
                0x00005b20                SSD_voidDisplayDescending
 .text.SERVO_voidInit
                0x00005c90       0x22 ./Include/HAL/SERVOMOTOR/SERVO_Program.o
                0x00005c90                SERVO_voidInit
 .text.SERVO_voidSetServoAngle
                0x00005cb2      0x5b0 ./Include/HAL/SERVOMOTOR/SERVO_Program.o
                0x00005cb2                SERVO_voidSetServoAngle
 .text.LCD_voidSendCommand
                0x00006262      0x13c ./Include/HAL/LCD/LCD_Program.o
                0x00006262                LCD_voidSendCommand
 .text.LCD_voidSendData
                0x0000639e      0x13c ./Include/HAL/LCD/LCD_Program.o
                0x0000639e                LCD_voidSendData
 .text.LCD_voidInit
                0x000064da      0x3ce ./Include/HAL/LCD/LCD_Program.o
                0x000064da                LCD_voidInit
 .text.LCD_voidClearDisplay
                0x000068a8      0x110 ./Include/HAL/LCD/LCD_Program.o
                0x000068a8                LCD_voidClearDisplay
 .text.LCD_voidSendString
                0x000069b8       0x52 ./Include/HAL/LCD/LCD_Program.o
                0x000069b8                LCD_voidSendString
 .text.LCD_voidGoToPos
                0x00006a0a      0x154 ./Include/HAL/LCD/LCD_Program.o
                0x00006a0a                LCD_voidGoToPos
 .text.LCD_voidDisplayNumber
                0x00006b5e       0xb6 ./Include/HAL/LCD/LCD_Program.o
                0x00006b5e                LCD_voidDisplayNumber
 .text.LCD_voidStoreCustomChar
                0x00006c14      0x2e8 ./Include/HAL/LCD/LCD_Program.o
                0x00006c14                LCD_voidStoreCustomChar
 .text.LCD_voidDisplayCustomChar
                0x00006efc       0x2c ./Include/HAL/LCD/LCD_Program.o
                0x00006efc                LCD_voidDisplayCustomChar
 .text.KEYPAD_u8GetPressedKey
                0x00006f28      0x1cc ./Include/HAL/KEYPAD/KEYPAD_Program.o
                0x00006f28                KEYPAD_u8GetPressedKey
 .text.EEPROM_voidWriteInit
                0x000070f4       0x7a ./Include/HAL/EEPROM/EEPROM_Program.o
                0x000070f4                EEPROM_voidWriteInit
 .text.EEPROM_voidSendData
                0x0000716e       0x1a ./Include/HAL/EEPROM/EEPROM_Program.o
                0x0000716e                EEPROM_voidSendData
 .text.EEPROM_voidReadInit
                0x00007188       0xa0 ./Include/HAL/EEPROM/EEPROM_Program.o
                0x00007188                EEPROM_voidReadInit
 .text.EEPROM_u8ReadData
                0x00007228       0x2a ./Include/HAL/EEPROM/EEPROM_Program.o
                0x00007228                EEPROM_u8ReadData
 .text.EEPROM_voidSendStop
                0x00007252      0x10e ./Include/HAL/EEPROM/EEPROM_Program.o
                0x00007252                EEPROM_voidSendStop
 .text.DCMOTOR_voidHBridge
                0x00007360      0x216 ./Include/HAL/DCMOTOR/DCMOTOR_Program.o
                0x00007360                DCMOTOR_voidHBridge
 .text.main     0x00007576       0x16 ./main.o
                0x00007576                main
 .text.libgcc   0x0000758c       0x3e d:/me/ee/courses/tools/imt_sdk_win_64/winavr/bin/../lib/gcc/avr/4.3.3/avr5\libgcc.a(_mulsi3.o)
                0x0000758c                __mulsi3
 .text.libgcc   0x000075ca       0x28 d:/me/ee/courses/tools/imt_sdk_win_64/winavr/bin/../lib/gcc/avr/4.3.3/avr5\libgcc.a(_udivmodhi4.o)
                0x000075ca                __udivmodhi4
 .text.libgcc   0x000075f2        0x0 d:/me/ee/courses/tools/imt_sdk_win_64/winavr/bin/../lib/gcc/avr/4.3.3/avr5\libgcc.a(_exit.o)
 .text.libgcc   0x000075f2        0x0 d:/me/ee/courses/tools/imt_sdk_win_64/winavr/bin/../lib/gcc/avr/4.3.3/avr5\libgcc.a(_copy_data.o)
 .text.libgcc   0x000075f2        0x0 d:/me/ee/courses/tools/imt_sdk_win_64/winavr/bin/../lib/gcc/avr/4.3.3/avr5\libgcc.a(_clear_bss.o)
 .text.libgcc   0x000075f2       0x44 d:/me/ee/courses/tools/imt_sdk_win_64/winavr/bin/../lib/gcc/avr/4.3.3/avr5\libgcc.a(_udivmodsi4.o)
                0x000075f2                __udivmodsi4
 .text.libgcc   0x00007636       0x38 d:/me/ee/courses/tools/imt_sdk_win_64/winavr/bin/../lib/gcc/avr/4.3.3/avr5\libgcc.a(_prologue.o)
                0x00007636                __prologue_saves__
 .text.libgcc   0x0000766e       0x36 d:/me/ee/courses/tools/imt_sdk_win_64/winavr/bin/../lib/gcc/avr/4.3.3/avr5\libgcc.a(_epilogue.o)
                0x0000766e                __epilogue_restores__
                0x000076a4                . = ALIGN (0x2)
 *(.fini9)
 .fini9         0x000076a4        0x0 d:/me/ee/courses/tools/imt_sdk_win_64/winavr/bin/../lib/gcc/avr/4.3.3/avr5\libgcc.a(_exit.o)
                0x000076a4                exit
                0x000076a4                _exit
 *(.fini9)
 *(.fini8)
 *(.fini8)
 *(.fini7)
 *(.fini7)
 *(.fini6)
 *(.fini6)
 *(.fini5)
 *(.fini5)
 *(.fini4)
 *(.fini4)
 *(.fini3)
 *(.fini3)
 *(.fini2)
 *(.fini2)
 *(.fini1)
 *(.fini1)
 *(.fini0)
 .fini0         0x000076a4        0x4 d:/me/ee/courses/tools/imt_sdk_win_64/winavr/bin/../lib/gcc/avr/4.3.3/avr5\libgcc.a(_exit.o)
 *(.fini0)
                0x000076a8                _etext = .

.data           0x00800060      0x138 load address 0x000076a8
                0x00800060                PROVIDE (__data_start, .)
 *(.data)
 .data          0x00800060        0x0 d:/me/ee/courses/tools/imt_sdk_win_64/winavr/bin/../lib/gcc/avr/4.3.3/../../../../avr/lib/avr5/crtm32.o
 .data          0x00800060        0x0 ./Include/SERVICES/UART/UART_services.o
 .data          0x00800060        0x0 ./Include/SERVICES/RTOS/RTOS_Program.o
 .data          0x00800060        0x0 ./Include/MCAL/WDT/WDT_Program.o
 .data          0x00800060        0x0 ./Include/MCAL/UART/UART_Program.o
 .data          0x00800060        0x0 ./Include/MCAL/TWI/TWI_Program.o
 .data          0x00800060        0x0 ./Include/MCAL/TIMER2/TIMER2_Program.o
 .data          0x00800060        0x0 ./Include/MCAL/TIMER1/TIMER1_Program.o
 .data          0x00800060        0x0 ./Include/MCAL/TIMER0/TIMER0_Program.o
 .data          0x00800060        0x0 ./Include/MCAL/SPI/SPI_Program.o
 .data          0x00800060        0x0 ./Include/MCAL/EXTI/EXTI_Program.o
 .data          0x00800060        0x0 ./Include/MCAL/DIO/DIO_Program.o
 .data          0x00800060        0x0 ./Include/MCAL/ADC/ADC_Program.o
 .data          0x00800060        0x0 ./Include/HAL/ULTRASONIC/ULTRASONIC_Program.o
 .data          0x00800060        0x0 ./Include/HAL/STEPPER/STEPPER_Program.o
 .data          0x00800060        0x0 ./Include/HAL/SSD/SSD_Program.o
 .data          0x00800060        0x0 ./Include/HAL/SERVOMOTOR/SERVO_Program.o
 .data          0x00800060        0x0 ./Include/HAL/LCD/LCD_Program.o
 .data          0x00800060        0x0 ./Include/HAL/KEYPAD/KEYPAD_Program.o
 .data          0x00800060        0x0 ./Include/HAL/EEPROM/EEPROM_Program.o
 .data          0x00800060        0x0 ./Include/HAL/DCMOTOR/DCMOTOR_Program.o
 .data          0x00800060        0x0 ./main.o
 .data          0x00800060        0x0 d:/me/ee/courses/tools/imt_sdk_win_64/winavr/bin/../lib/gcc/avr/4.3.3/avr5\libgcc.a(_mulsi3.o)
 .data          0x00800060        0x0 d:/me/ee/courses/tools/imt_sdk_win_64/winavr/bin/../lib/gcc/avr/4.3.3/avr5\libgcc.a(_udivmodhi4.o)
 .data          0x00800060        0x0 d:/me/ee/courses/tools/imt_sdk_win_64/winavr/bin/../lib/gcc/avr/4.3.3/avr5\libgcc.a(_exit.o)
 .data          0x00800060        0x0 d:/me/ee/courses/tools/imt_sdk_win_64/winavr/bin/../lib/gcc/avr/4.3.3/avr5\libgcc.a(_copy_data.o)
 .data          0x00800060        0x0 d:/me/ee/courses/tools/imt_sdk_win_64/winavr/bin/../lib/gcc/avr/4.3.3/avr5\libgcc.a(_clear_bss.o)
 .data          0x00800060        0x0 d:/me/ee/courses/tools/imt_sdk_win_64/winavr/bin/../lib/gcc/avr/4.3.3/avr5\libgcc.a(_ashldi3.o)
 .data          0x00800060        0x0 d:/me/ee/courses/tools/imt_sdk_win_64/winavr/bin/../lib/gcc/avr/4.3.3/avr5\libgcc.a(_fixunssfsi.o)
 .data          0x00800060        0x0 d:/me/ee/courses/tools/imt_sdk_win_64/winavr/bin/../lib/gcc/avr/4.3.3/avr5\libgcc.a(_udivdi3.o)
 .data          0x00800060        0x0 d:/me/ee/courses/tools/imt_sdk_win_64/winavr/bin/../lib/gcc/avr/4.3.3/avr5\libgcc.a(_addsub_sf.o)
 .data          0x00800060        0x0 d:/me/ee/courses/tools/imt_sdk_win_64/winavr/bin/../lib/gcc/avr/4.3.3/avr5\libgcc.a(_mul_sf.o)
 .data          0x00800060        0x0 d:/me/ee/courses/tools/imt_sdk_win_64/winavr/bin/../lib/gcc/avr/4.3.3/avr5\libgcc.a(_div_sf.o)
 .data          0x00800060        0x0 d:/me/ee/courses/tools/imt_sdk_win_64/winavr/bin/../lib/gcc/avr/4.3.3/avr5\libgcc.a(_gt_sf.o)
 .data          0x00800060        0x0 d:/me/ee/courses/tools/imt_sdk_win_64/winavr/bin/../lib/gcc/avr/4.3.3/avr5\libgcc.a(_ge_sf.o)
 .data          0x00800060        0x0 d:/me/ee/courses/tools/imt_sdk_win_64/winavr/bin/../lib/gcc/avr/4.3.3/avr5\libgcc.a(_lt_sf.o)
 .data          0x00800060        0x0 d:/me/ee/courses/tools/imt_sdk_win_64/winavr/bin/../lib/gcc/avr/4.3.3/avr5\libgcc.a(_sf_to_si.o)
 .data          0x00800060        0x8 d:/me/ee/courses/tools/imt_sdk_win_64/winavr/bin/../lib/gcc/avr/4.3.3/avr5\libgcc.a(_thenan_sf.o)
                0x00800060                __thenan_sf
 .data          0x00800068        0x0 d:/me/ee/courses/tools/imt_sdk_win_64/winavr/bin/../lib/gcc/avr/4.3.3/avr5\libgcc.a(_usi_to_sf.o)
 .data          0x00800068        0x0 d:/me/ee/courses/tools/imt_sdk_win_64/winavr/bin/../lib/gcc/avr/4.3.3/avr5\libgcc.a(_udivmodsi4.o)
 .data          0x00800068        0x0 d:/me/ee/courses/tools/imt_sdk_win_64/winavr/bin/../lib/gcc/avr/4.3.3/avr5\libgcc.a(_prologue.o)
 .data          0x00800068        0x0 d:/me/ee/courses/tools/imt_sdk_win_64/winavr/bin/../lib/gcc/avr/4.3.3/avr5\libgcc.a(_epilogue.o)
 .data          0x00800068      0x100 d:/me/ee/courses/tools/imt_sdk_win_64/winavr/bin/../lib/gcc/avr/4.3.3/avr5\libgcc.a(_clz.o)
                0x00800068                __clz_tab
 .data          0x00800168        0x0 d:/me/ee/courses/tools/imt_sdk_win_64/winavr/bin/../lib/gcc/avr/4.3.3/avr5\libgcc.a(_clzsi2.o)
 .data          0x00800168        0x0 d:/me/ee/courses/tools/imt_sdk_win_64/winavr/bin/../lib/gcc/avr/4.3.3/avr5\libgcc.a(_pack_sf.o)
 .data          0x00800168        0x0 d:/me/ee/courses/tools/imt_sdk_win_64/winavr/bin/../lib/gcc/avr/4.3.3/avr5\libgcc.a(_unpack_sf.o)
 .data          0x00800168        0x0 d:/me/ee/courses/tools/imt_sdk_win_64/winavr/bin/../lib/gcc/avr/4.3.3/avr5\libgcc.a(_fpcmp_parts_sf.o)
 *(.data*)
 .data.i.1263   0x00800168        0x1 ./Include/SERVICES/UART/UART_services.o
 .data.KeypadArr
                0x00800169       0x10 ./Include/HAL/KEYPAD/KEYPAD_Program.o
                0x00800169                KeypadArr
 .data.keypadRow
                0x00800179        0x4 ./Include/HAL/KEYPAD/KEYPAD_Program.o
                0x00800179                keypadRow
 .data.keypadCol
                0x0080017d        0x4 ./Include/HAL/KEYPAD/KEYPAD_Program.o
                0x0080017d                keypadCol
 .data.ton      0x00800181        0x2 ./main.o
                0x00800181                ton
 *(.rodata)
 *(.rodata*)
 .rodata.C.0.1311
                0x00800183        0xa ./Include/HAL/SSD/SSD_Program.o
 .rodata.C.1.1336
                0x0080018d        0xa ./Include/HAL/SSD/SSD_Program.o
 *(.gnu.linkonce.d*)
                0x00800198                . = ALIGN (0x2)
 *fill*         0x00800197        0x1 00
                0x00800198                _edata = .
                0x00800198                PROVIDE (__data_end, .)

.bss            0x00800198       0x43
                0x00800198                PROVIDE (__bss_start, .)
 *(.bss)
 .bss           0x00800198        0x0 d:/me/ee/courses/tools/imt_sdk_win_64/winavr/bin/../lib/gcc/avr/4.3.3/../../../../avr/lib/avr5/crtm32.o
 .bss           0x00800198        0x0 ./Include/SERVICES/UART/UART_services.o
 .bss           0x00800198        0x0 ./Include/SERVICES/RTOS/RTOS_Program.o
 .bss           0x00800198        0x0 ./Include/MCAL/WDT/WDT_Program.o
 .bss           0x00800198        0x0 ./Include/MCAL/UART/UART_Program.o
 .bss           0x00800198        0x0 ./Include/MCAL/TWI/TWI_Program.o
 .bss           0x00800198        0x0 ./Include/MCAL/TIMER2/TIMER2_Program.o
 .bss           0x00800198        0x0 ./Include/MCAL/TIMER1/TIMER1_Program.o
 .bss           0x00800198        0x0 ./Include/MCAL/TIMER0/TIMER0_Program.o
 .bss           0x00800198        0x0 ./Include/MCAL/SPI/SPI_Program.o
 .bss           0x00800198        0x0 ./Include/MCAL/EXTI/EXTI_Program.o
 .bss           0x00800198        0x0 ./Include/MCAL/DIO/DIO_Program.o
 .bss           0x00800198        0x0 ./Include/MCAL/ADC/ADC_Program.o
 .bss           0x00800198        0x0 ./Include/HAL/ULTRASONIC/ULTRASONIC_Program.o
 .bss           0x00800198        0x0 ./Include/HAL/STEPPER/STEPPER_Program.o
 .bss           0x00800198        0x0 ./Include/HAL/SSD/SSD_Program.o
 .bss           0x00800198        0x0 ./Include/HAL/SERVOMOTOR/SERVO_Program.o
 .bss           0x00800198        0x0 ./Include/HAL/LCD/LCD_Program.o
 .bss           0x00800198        0x0 ./Include/HAL/KEYPAD/KEYPAD_Program.o
 .bss           0x00800198        0x0 ./Include/HAL/EEPROM/EEPROM_Program.o
 .bss           0x00800198        0x0 ./Include/HAL/DCMOTOR/DCMOTOR_Program.o
 .bss           0x00800198        0x0 ./main.o
 .bss           0x00800198        0x0 d:/me/ee/courses/tools/imt_sdk_win_64/winavr/bin/../lib/gcc/avr/4.3.3/avr5\libgcc.a(_mulsi3.o)
 .bss           0x00800198        0x0 d:/me/ee/courses/tools/imt_sdk_win_64/winavr/bin/../lib/gcc/avr/4.3.3/avr5\libgcc.a(_udivmodhi4.o)
 .bss           0x00800198        0x0 d:/me/ee/courses/tools/imt_sdk_win_64/winavr/bin/../lib/gcc/avr/4.3.3/avr5\libgcc.a(_exit.o)
 .bss           0x00800198        0x0 d:/me/ee/courses/tools/imt_sdk_win_64/winavr/bin/../lib/gcc/avr/4.3.3/avr5\libgcc.a(_copy_data.o)
 .bss           0x00800198        0x0 d:/me/ee/courses/tools/imt_sdk_win_64/winavr/bin/../lib/gcc/avr/4.3.3/avr5\libgcc.a(_clear_bss.o)
 .bss           0x00800198        0x0 d:/me/ee/courses/tools/imt_sdk_win_64/winavr/bin/../lib/gcc/avr/4.3.3/avr5\libgcc.a(_ashldi3.o)
 .bss           0x00800198        0x0 d:/me/ee/courses/tools/imt_sdk_win_64/winavr/bin/../lib/gcc/avr/4.3.3/avr5\libgcc.a(_fixunssfsi.o)
 .bss           0x00800198        0x0 d:/me/ee/courses/tools/imt_sdk_win_64/winavr/bin/../lib/gcc/avr/4.3.3/avr5\libgcc.a(_udivdi3.o)
 .bss           0x00800198        0x0 d:/me/ee/courses/tools/imt_sdk_win_64/winavr/bin/../lib/gcc/avr/4.3.3/avr5\libgcc.a(_addsub_sf.o)
 .bss           0x00800198        0x0 d:/me/ee/courses/tools/imt_sdk_win_64/winavr/bin/../lib/gcc/avr/4.3.3/avr5\libgcc.a(_mul_sf.o)
 .bss           0x00800198        0x0 d:/me/ee/courses/tools/imt_sdk_win_64/winavr/bin/../lib/gcc/avr/4.3.3/avr5\libgcc.a(_div_sf.o)
 .bss           0x00800198        0x0 d:/me/ee/courses/tools/imt_sdk_win_64/winavr/bin/../lib/gcc/avr/4.3.3/avr5\libgcc.a(_gt_sf.o)
 .bss           0x00800198        0x0 d:/me/ee/courses/tools/imt_sdk_win_64/winavr/bin/../lib/gcc/avr/4.3.3/avr5\libgcc.a(_ge_sf.o)
 .bss           0x00800198        0x0 d:/me/ee/courses/tools/imt_sdk_win_64/winavr/bin/../lib/gcc/avr/4.3.3/avr5\libgcc.a(_lt_sf.o)
 .bss           0x00800198        0x0 d:/me/ee/courses/tools/imt_sdk_win_64/winavr/bin/../lib/gcc/avr/4.3.3/avr5\libgcc.a(_sf_to_si.o)
 .bss           0x00800198        0x0 d:/me/ee/courses/tools/imt_sdk_win_64/winavr/bin/../lib/gcc/avr/4.3.3/avr5\libgcc.a(_thenan_sf.o)
 .bss           0x00800198        0x0 d:/me/ee/courses/tools/imt_sdk_win_64/winavr/bin/../lib/gcc/avr/4.3.3/avr5\libgcc.a(_usi_to_sf.o)
 .bss           0x00800198        0x0 d:/me/ee/courses/tools/imt_sdk_win_64/winavr/bin/../lib/gcc/avr/4.3.3/avr5\libgcc.a(_udivmodsi4.o)
 .bss           0x00800198        0x0 d:/me/ee/courses/tools/imt_sdk_win_64/winavr/bin/../lib/gcc/avr/4.3.3/avr5\libgcc.a(_prologue.o)
 .bss           0x00800198        0x0 d:/me/ee/courses/tools/imt_sdk_win_64/winavr/bin/../lib/gcc/avr/4.3.3/avr5\libgcc.a(_epilogue.o)
 .bss           0x00800198        0x0 d:/me/ee/courses/tools/imt_sdk_win_64/winavr/bin/../lib/gcc/avr/4.3.3/avr5\libgcc.a(_clz.o)
 .bss           0x00800198        0x0 d:/me/ee/courses/tools/imt_sdk_win_64/winavr/bin/../lib/gcc/avr/4.3.3/avr5\libgcc.a(_clzsi2.o)
 .bss           0x00800198        0x0 d:/me/ee/courses/tools/imt_sdk_win_64/winavr/bin/../lib/gcc/avr/4.3.3/avr5\libgcc.a(_pack_sf.o)
 .bss           0x00800198        0x0 d:/me/ee/courses/tools/imt_sdk_win_64/winavr/bin/../lib/gcc/avr/4.3.3/avr5\libgcc.a(_unpack_sf.o)
 .bss           0x00800198        0x0 d:/me/ee/courses/tools/imt_sdk_win_64/winavr/bin/../lib/gcc/avr/4.3.3/avr5\libgcc.a(_fpcmp_parts_sf.o)
 *(.bss*)
 .bss.Asynch_Sent_Str
                0x00800198        0x2 ./Include/SERVICES/UART/UART_services.o
 .bss.Asynch_receive_Str
                0x0080019a        0x2 ./Include/SERVICES/UART/UART_services.o
 .bss.i.1303    0x0080019c        0x1 ./Include/SERVICES/UART/UART_services.o
 .bss.USART_RXC_CALL
                0x0080019d        0x2 ./Include/MCAL/UART/UART_Program.o
 .bss.USART_UDRE_CALL
                0x0080019f        0x2 ./Include/MCAL/UART/UART_Program.o
 .bss.USART_TXC_CALL
                0x008001a1        0x2 ./Include/MCAL/UART/UART_Program.o
 .bss.TWI_INT_FUNC
                0x008001a3        0x2 ./Include/MCAL/TWI/TWI_Program.o
 .bss.TIMER2_OVF_CALL
                0x008001a5        0x2 ./Include/MCAL/TIMER2/TIMER2_Program.o
 .bss.TIMER2_CTC_CALL
                0x008001a7        0x2 ./Include/MCAL/TIMER2/TIMER2_Program.o
 .bss.TIMER1_CAPTURE
                0x008001a9        0x2 ./Include/MCAL/TIMER1/TIMER1_Program.o
 .bss.TIMER1_COMA
                0x008001ab        0x2 ./Include/MCAL/TIMER1/TIMER1_Program.o
 .bss.TIMER1_COMB
                0x008001ad        0x2 ./Include/MCAL/TIMER1/TIMER1_Program.o
 .bss.TIMER1_OVF
                0x008001af        0x2 ./Include/MCAL/TIMER1/TIMER1_Program.o
 .bss.global_u8Flag
                0x008001b1        0x1 ./Include/MCAL/TIMER1/TIMER1_Program.o
 .bss.t1        0x008001b2        0x1 ./Include/MCAL/TIMER1/TIMER1_Program.o
 .bss.t2        0x008001b3        0x1 ./Include/MCAL/TIMER1/TIMER1_Program.o
 .bss.t3        0x008001b4        0x1 ./Include/MCAL/TIMER1/TIMER1_Program.o
 .bss.TIMER0_OVF_CallBack
                0x008001b5        0x2 ./Include/MCAL/TIMER0/TIMER0_Program.o
 .bss.TIMER0_CTC_CallBack
                0x008001b7        0x2 ./Include/MCAL/TIMER0/TIMER0_Program.o
 .bss.SPI_INT   0x008001b9        0x2 ./Include/MCAL/SPI/SPI_Program.o
 .bss.EXTI0_CallBack
                0x008001bb        0x2 ./Include/MCAL/EXTI/EXTI_Program.o
 .bss.EXTI1_CallBack
                0x008001bd        0x2 ./Include/MCAL/EXTI/EXTI_Program.o
 .bss.EXTI2_CallBack
                0x008001bf        0x2 ./Include/MCAL/EXTI/EXTI_Program.o
 .bss.ADC_CallBack
                0x008001c1        0x2 ./Include/MCAL/ADC/ADC_Program.o
 .bss.global_u8Flag
                0x008001c3        0x1 ./Include/HAL/ULTRASONIC/ULTRASONIC_Program.o
                0x008001c3                global_u8Flag
 .bss.noOVF     0x008001c4        0x1 ./Include/HAL/ULTRASONIC/ULTRASONIC_Program.o
                0x008001c4                noOVF
 *(COMMON)
 COMMON         0x008001c5       0x12 ./Include/SERVICES/RTOS/RTOS_Program.o
                0x008001c5                RTOS_AOfTasks
 COMMON         0x008001d7        0x4 ./Include/HAL/ULTRASONIC/ULTRASONIC_Program.o
                0x008001d7                t2
                0x008001d9                t1
                0x008001db                PROVIDE (__bss_end, .)
                0x000076a8                __data_load_start = LOADADDR (.data)
                0x000077e0                __data_load_end = (__data_load_start + SIZEOF (.data))

.noinit         0x008001db        0x0
                0x008001db                PROVIDE (__noinit_start, .)
 *(.noinit*)
                0x008001db                PROVIDE (__noinit_end, .)
                0x008001db                _end = .
                0x008001db                PROVIDE (__heap_start, .)

.eeprom         0x00810000        0x0
 *(.eeprom*)
                0x00810000                __eeprom_end = .

.fuse
 *(.fuse)
 *(.lfuse)
 *(.hfuse)
 *(.efuse)

.lock
 *(.lock*)

.signature
 *(.signature*)

.stab           0x00000000     0x79d4
 *(.stab)
 .stab          0x00000000      0x7ec ./Include/SERVICES/UART/UART_services.o
 .stab          0x000007ec      0x3c0 ./Include/SERVICES/RTOS/RTOS_Program.o
                                0x3cc (size before relaxing)
 .stab          0x00000bac      0x1f8 ./Include/MCAL/WDT/WDT_Program.o
                                0x204 (size before relaxing)
 .stab          0x00000da4      0x744 ./Include/MCAL/UART/UART_Program.o
                                0x750 (size before relaxing)
 .stab          0x000014e8      0x5a0 ./Include/MCAL/TWI/TWI_Program.o
                                0x5ac (size before relaxing)
 .stab          0x00001a88      0x4d4 ./Include/MCAL/TIMER2/TIMER2_Program.o
                                0x4e0 (size before relaxing)
 .stab          0x00001f5c      0xc30 ./Include/MCAL/TIMER1/TIMER1_Program.o
                                0xc3c (size before relaxing)
 .stab          0x00002b8c      0x504 ./Include/MCAL/TIMER0/TIMER0_Program.o
                                0x510 (size before relaxing)
 .stab          0x00003090      0x324 ./Include/MCAL/SPI/SPI_Program.o
                                0x330 (size before relaxing)
 .stab          0x000033b4      0x480 ./Include/MCAL/EXTI/EXTI_Program.o
                                0x48c (size before relaxing)
 .stab          0x00003834      0x54c ./Include/MCAL/DIO/DIO_Program.o
                                0x558 (size before relaxing)
 .stab          0x00003d80      0x480 ./Include/MCAL/ADC/ADC_Program.o
                                0x48c (size before relaxing)
 .stab          0x00004200      0x948 ./Include/HAL/ULTRASONIC/ULTRASONIC_Program.o
                                0x954 (size before relaxing)
 .stab          0x00004b48      0x984 ./Include/HAL/STEPPER/STEPPER_Program.o
                                0xb1c (size before relaxing)
 .stab          0x000054cc      0x528 ./Include/HAL/SSD/SSD_Program.o
                                0x6c0 (size before relaxing)
 .stab          0x000059f4      0x2a0 ./Include/HAL/SERVOMOTOR/SERVO_Program.o
                                0x2ac (size before relaxing)
 .stab          0x00005c94      0xdf8 ./Include/HAL/LCD/LCD_Program.o
                                0xf90 (size before relaxing)
 .stab          0x00006a8c      0x36c ./Include/HAL/KEYPAD/KEYPAD_Program.o
                                0x504 (size before relaxing)
 .stab          0x00006df8      0x534 ./Include/HAL/EEPROM/EEPROM_Program.o
                                0x6cc (size before relaxing)
 .stab          0x0000732c      0x348 ./Include/HAL/DCMOTOR/DCMOTOR_Program.o
                                0x4e0 (size before relaxing)
 .stab          0x00007674      0x360 ./main.o
                                0x4f8 (size before relaxing)

.stabstr        0x00000000     0x3fcf
 *(.stabstr)
 .stabstr       0x00000000     0x3fcf ./Include/SERVICES/UART/UART_services.o

.stab.excl
 *(.stab.excl)

.stab.exclstr
 *(.stab.exclstr)

.stab.index
 *(.stab.index)

.stab.indexstr
 *(.stab.indexstr)

.comment
 *(.comment)

.debug
 *(.debug)

.line
 *(.line)

.debug_srcinfo
 *(.debug_srcinfo)

.debug_sfnames
 *(.debug_sfnames)

.debug_aranges  0x00000000      0x1e0
 *(.debug_aranges)
 .debug_aranges
                0x00000000       0x20 d:/me/ee/courses/tools/imt_sdk_win_64/winavr/bin/../lib/gcc/avr/4.3.3/avr5\libgcc.a(_ashldi3.o)
 .debug_aranges
                0x00000020       0x20 d:/me/ee/courses/tools/imt_sdk_win_64/winavr/bin/../lib/gcc/avr/4.3.3/avr5\libgcc.a(_fixunssfsi.o)
 .debug_aranges
                0x00000040       0x20 d:/me/ee/courses/tools/imt_sdk_win_64/winavr/bin/../lib/gcc/avr/4.3.3/avr5\libgcc.a(_udivdi3.o)
 .debug_aranges
                0x00000060       0x20 d:/me/ee/courses/tools/imt_sdk_win_64/winavr/bin/../lib/gcc/avr/4.3.3/avr5\libgcc.a(_addsub_sf.o)
 .debug_aranges
                0x00000080       0x20 d:/me/ee/courses/tools/imt_sdk_win_64/winavr/bin/../lib/gcc/avr/4.3.3/avr5\libgcc.a(_mul_sf.o)
 .debug_aranges
                0x000000a0       0x20 d:/me/ee/courses/tools/imt_sdk_win_64/winavr/bin/../lib/gcc/avr/4.3.3/avr5\libgcc.a(_div_sf.o)
 .debug_aranges
                0x000000c0       0x20 d:/me/ee/courses/tools/imt_sdk_win_64/winavr/bin/../lib/gcc/avr/4.3.3/avr5\libgcc.a(_gt_sf.o)
 .debug_aranges
                0x000000e0       0x20 d:/me/ee/courses/tools/imt_sdk_win_64/winavr/bin/../lib/gcc/avr/4.3.3/avr5\libgcc.a(_ge_sf.o)
 .debug_aranges
                0x00000100       0x20 d:/me/ee/courses/tools/imt_sdk_win_64/winavr/bin/../lib/gcc/avr/4.3.3/avr5\libgcc.a(_lt_sf.o)
 .debug_aranges
                0x00000120       0x20 d:/me/ee/courses/tools/imt_sdk_win_64/winavr/bin/../lib/gcc/avr/4.3.3/avr5\libgcc.a(_sf_to_si.o)
 .debug_aranges
                0x00000140       0x20 d:/me/ee/courses/tools/imt_sdk_win_64/winavr/bin/../lib/gcc/avr/4.3.3/avr5\libgcc.a(_usi_to_sf.o)
 .debug_aranges
                0x00000160       0x20 d:/me/ee/courses/tools/imt_sdk_win_64/winavr/bin/../lib/gcc/avr/4.3.3/avr5\libgcc.a(_clzsi2.o)
 .debug_aranges
                0x00000180       0x20 d:/me/ee/courses/tools/imt_sdk_win_64/winavr/bin/../lib/gcc/avr/4.3.3/avr5\libgcc.a(_pack_sf.o)
 .debug_aranges
                0x000001a0       0x20 d:/me/ee/courses/tools/imt_sdk_win_64/winavr/bin/../lib/gcc/avr/4.3.3/avr5\libgcc.a(_unpack_sf.o)
 .debug_aranges
                0x000001c0       0x20 d:/me/ee/courses/tools/imt_sdk_win_64/winavr/bin/../lib/gcc/avr/4.3.3/avr5\libgcc.a(_fpcmp_parts_sf.o)

.debug_pubnames
                0x00000000      0x232
 *(.debug_pubnames)
 .debug_pubnames
                0x00000000       0x20 d:/me/ee/courses/tools/imt_sdk_win_64/winavr/bin/../lib/gcc/avr/4.3.3/avr5\libgcc.a(_ashldi3.o)
 .debug_pubnames
                0x00000020       0x23 d:/me/ee/courses/tools/imt_sdk_win_64/winavr/bin/../lib/gcc/avr/4.3.3/avr5\libgcc.a(_fixunssfsi.o)
 .debug_pubnames
                0x00000043       0x20 d:/me/ee/courses/tools/imt_sdk_win_64/winavr/bin/../lib/gcc/avr/4.3.3/avr5\libgcc.a(_udivdi3.o)
 .debug_pubnames
                0x00000063       0x2c d:/me/ee/courses/tools/imt_sdk_win_64/winavr/bin/../lib/gcc/avr/4.3.3/avr5\libgcc.a(_addsub_sf.o)
 .debug_pubnames
                0x0000008f       0x1f d:/me/ee/courses/tools/imt_sdk_win_64/winavr/bin/../lib/gcc/avr/4.3.3/avr5\libgcc.a(_mul_sf.o)
 .debug_pubnames
                0x000000ae       0x1f d:/me/ee/courses/tools/imt_sdk_win_64/winavr/bin/../lib/gcc/avr/4.3.3/avr5\libgcc.a(_div_sf.o)
 .debug_pubnames
                0x000000cd       0x1e d:/me/ee/courses/tools/imt_sdk_win_64/winavr/bin/../lib/gcc/avr/4.3.3/avr5\libgcc.a(_gt_sf.o)
 .debug_pubnames
                0x000000eb       0x1e d:/me/ee/courses/tools/imt_sdk_win_64/winavr/bin/../lib/gcc/avr/4.3.3/avr5\libgcc.a(_ge_sf.o)
 .debug_pubnames
                0x00000109       0x1e d:/me/ee/courses/tools/imt_sdk_win_64/winavr/bin/../lib/gcc/avr/4.3.3/avr5\libgcc.a(_lt_sf.o)
 .debug_pubnames
                0x00000127       0x20 d:/me/ee/courses/tools/imt_sdk_win_64/winavr/bin/../lib/gcc/avr/4.3.3/avr5\libgcc.a(_sf_to_si.o)
 .debug_pubnames
                0x00000147       0x22 d:/me/ee/courses/tools/imt_sdk_win_64/winavr/bin/../lib/gcc/avr/4.3.3/avr5\libgcc.a(_thenan_sf.o)
 .debug_pubnames
                0x00000169       0x24 d:/me/ee/courses/tools/imt_sdk_win_64/winavr/bin/../lib/gcc/avr/4.3.3/avr5\libgcc.a(_usi_to_sf.o)
 .debug_pubnames
                0x0000018d       0x20 d:/me/ee/courses/tools/imt_sdk_win_64/winavr/bin/../lib/gcc/avr/4.3.3/avr5\libgcc.a(_clz.o)
 .debug_pubnames
                0x000001ad       0x1f d:/me/ee/courses/tools/imt_sdk_win_64/winavr/bin/../lib/gcc/avr/4.3.3/avr5\libgcc.a(_clzsi2.o)
 .debug_pubnames
                0x000001cc       0x1f d:/me/ee/courses/tools/imt_sdk_win_64/winavr/bin/../lib/gcc/avr/4.3.3/avr5\libgcc.a(_pack_sf.o)
 .debug_pubnames
                0x000001eb       0x21 d:/me/ee/courses/tools/imt_sdk_win_64/winavr/bin/../lib/gcc/avr/4.3.3/avr5\libgcc.a(_unpack_sf.o)
 .debug_pubnames
                0x0000020c       0x26 d:/me/ee/courses/tools/imt_sdk_win_64/winavr/bin/../lib/gcc/avr/4.3.3/avr5\libgcc.a(_fpcmp_parts_sf.o)

.debug_info     0x00000000     0x2ca8
 *(.debug_info)
 .debug_info    0x00000000      0x17f d:/me/ee/courses/tools/imt_sdk_win_64/winavr/bin/../lib/gcc/avr/4.3.3/avr5\libgcc.a(_ashldi3.o)
 .debug_info    0x0000017f       0xb1 d:/me/ee/courses/tools/imt_sdk_win_64/winavr/bin/../lib/gcc/avr/4.3.3/avr5\libgcc.a(_fixunssfsi.o)
 .debug_info    0x00000230      0x71e d:/me/ee/courses/tools/imt_sdk_win_64/winavr/bin/../lib/gcc/avr/4.3.3/avr5\libgcc.a(_udivdi3.o)
 .debug_info    0x0000094e      0x47a d:/me/ee/courses/tools/imt_sdk_win_64/winavr/bin/../lib/gcc/avr/4.3.3/avr5\libgcc.a(_addsub_sf.o)
 .debug_info    0x00000dc8      0x485 d:/me/ee/courses/tools/imt_sdk_win_64/winavr/bin/../lib/gcc/avr/4.3.3/avr5\libgcc.a(_mul_sf.o)
 .debug_info    0x0000124d      0x3fc d:/me/ee/courses/tools/imt_sdk_win_64/winavr/bin/../lib/gcc/avr/4.3.3/avr5\libgcc.a(_div_sf.o)
 .debug_info    0x00001649      0x27f d:/me/ee/courses/tools/imt_sdk_win_64/winavr/bin/../lib/gcc/avr/4.3.3/avr5\libgcc.a(_gt_sf.o)
 .debug_info    0x000018c8      0x27f d:/me/ee/courses/tools/imt_sdk_win_64/winavr/bin/../lib/gcc/avr/4.3.3/avr5\libgcc.a(_ge_sf.o)
 .debug_info    0x00001b47      0x27f d:/me/ee/courses/tools/imt_sdk_win_64/winavr/bin/../lib/gcc/avr/4.3.3/avr5\libgcc.a(_lt_sf.o)
 .debug_info    0x00001dc6      0x2b0 d:/me/ee/courses/tools/imt_sdk_win_64/winavr/bin/../lib/gcc/avr/4.3.3/avr5\libgcc.a(_sf_to_si.o)
 .debug_info    0x00002076      0x12c d:/me/ee/courses/tools/imt_sdk_win_64/winavr/bin/../lib/gcc/avr/4.3.3/avr5\libgcc.a(_thenan_sf.o)
 .debug_info    0x000021a2      0x206 d:/me/ee/courses/tools/imt_sdk_win_64/winavr/bin/../lib/gcc/avr/4.3.3/avr5\libgcc.a(_usi_to_sf.o)
 .debug_info    0x000023a8       0xa9 d:/me/ee/courses/tools/imt_sdk_win_64/winavr/bin/../lib/gcc/avr/4.3.3/avr5\libgcc.a(_clz.o)
 .debug_info    0x00002451      0x117 d:/me/ee/courses/tools/imt_sdk_win_64/winavr/bin/../lib/gcc/avr/4.3.3/avr5\libgcc.a(_clzsi2.o)
 .debug_info    0x00002568      0x2df d:/me/ee/courses/tools/imt_sdk_win_64/winavr/bin/../lib/gcc/avr/4.3.3/avr5\libgcc.a(_pack_sf.o)
 .debug_info    0x00002847      0x251 d:/me/ee/courses/tools/imt_sdk_win_64/winavr/bin/../lib/gcc/avr/4.3.3/avr5\libgcc.a(_unpack_sf.o)
 .debug_info    0x00002a98      0x210 d:/me/ee/courses/tools/imt_sdk_win_64/winavr/bin/../lib/gcc/avr/4.3.3/avr5\libgcc.a(_fpcmp_parts_sf.o)
 *(.gnu.linkonce.wi.*)

.debug_abbrev   0x00000000     0x15f5
 *(.debug_abbrev)
 .debug_abbrev  0x00000000       0xee d:/me/ee/courses/tools/imt_sdk_win_64/winavr/bin/../lib/gcc/avr/4.3.3/avr5\libgcc.a(_ashldi3.o)
 .debug_abbrev  0x000000ee       0x5d d:/me/ee/courses/tools/imt_sdk_win_64/winavr/bin/../lib/gcc/avr/4.3.3/avr5\libgcc.a(_fixunssfsi.o)
 .debug_abbrev  0x0000014b      0x181 d:/me/ee/courses/tools/imt_sdk_win_64/winavr/bin/../lib/gcc/avr/4.3.3/avr5\libgcc.a(_udivdi3.o)
 .debug_abbrev  0x000002cc      0x1ea d:/me/ee/courses/tools/imt_sdk_win_64/winavr/bin/../lib/gcc/avr/4.3.3/avr5\libgcc.a(_addsub_sf.o)
 .debug_abbrev  0x000004b6      0x21b d:/me/ee/courses/tools/imt_sdk_win_64/winavr/bin/../lib/gcc/avr/4.3.3/avr5\libgcc.a(_mul_sf.o)
 .debug_abbrev  0x000006d1      0x216 d:/me/ee/courses/tools/imt_sdk_win_64/winavr/bin/../lib/gcc/avr/4.3.3/avr5\libgcc.a(_div_sf.o)
 .debug_abbrev  0x000008e7      0x15a d:/me/ee/courses/tools/imt_sdk_win_64/winavr/bin/../lib/gcc/avr/4.3.3/avr5\libgcc.a(_gt_sf.o)
 .debug_abbrev  0x00000a41      0x15a d:/me/ee/courses/tools/imt_sdk_win_64/winavr/bin/../lib/gcc/avr/4.3.3/avr5\libgcc.a(_ge_sf.o)
 .debug_abbrev  0x00000b9b      0x15a d:/me/ee/courses/tools/imt_sdk_win_64/winavr/bin/../lib/gcc/avr/4.3.3/avr5\libgcc.a(_lt_sf.o)
 .debug_abbrev  0x00000cf5      0x17f d:/me/ee/courses/tools/imt_sdk_win_64/winavr/bin/../lib/gcc/avr/4.3.3/avr5\libgcc.a(_sf_to_si.o)
 .debug_abbrev  0x00000e74       0xad d:/me/ee/courses/tools/imt_sdk_win_64/winavr/bin/../lib/gcc/avr/4.3.3/avr5\libgcc.a(_thenan_sf.o)
 .debug_abbrev  0x00000f21      0x157 d:/me/ee/courses/tools/imt_sdk_win_64/winavr/bin/../lib/gcc/avr/4.3.3/avr5\libgcc.a(_usi_to_sf.o)
 .debug_abbrev  0x00001078       0x6a d:/me/ee/courses/tools/imt_sdk_win_64/winavr/bin/../lib/gcc/avr/4.3.3/avr5\libgcc.a(_clz.o)
 .debug_abbrev  0x000010e2       0xc4 d:/me/ee/courses/tools/imt_sdk_win_64/winavr/bin/../lib/gcc/avr/4.3.3/avr5\libgcc.a(_clzsi2.o)
 .debug_abbrev  0x000011a6      0x1c0 d:/me/ee/courses/tools/imt_sdk_win_64/winavr/bin/../lib/gcc/avr/4.3.3/avr5\libgcc.a(_pack_sf.o)
 .debug_abbrev  0x00001366      0x154 d:/me/ee/courses/tools/imt_sdk_win_64/winavr/bin/../lib/gcc/avr/4.3.3/avr5\libgcc.a(_unpack_sf.o)
 .debug_abbrev  0x000014ba      0x13b d:/me/ee/courses/tools/imt_sdk_win_64/winavr/bin/../lib/gcc/avr/4.3.3/avr5\libgcc.a(_fpcmp_parts_sf.o)

.debug_line     0x00000000     0x1485
 *(.debug_line)
 .debug_line    0x00000000       0xd7 d:/me/ee/courses/tools/imt_sdk_win_64/winavr/bin/../lib/gcc/avr/4.3.3/avr5\libgcc.a(_ashldi3.o)
 .debug_line    0x000000d7       0xa7 d:/me/ee/courses/tools/imt_sdk_win_64/winavr/bin/../lib/gcc/avr/4.3.3/avr5\libgcc.a(_fixunssfsi.o)
 .debug_line    0x0000017e      0x1d8 d:/me/ee/courses/tools/imt_sdk_win_64/winavr/bin/../lib/gcc/avr/4.3.3/avr5\libgcc.a(_udivdi3.o)
 .debug_line    0x00000356      0x2af d:/me/ee/courses/tools/imt_sdk_win_64/winavr/bin/../lib/gcc/avr/4.3.3/avr5\libgcc.a(_addsub_sf.o)
 .debug_line    0x00000605      0x239 d:/me/ee/courses/tools/imt_sdk_win_64/winavr/bin/../lib/gcc/avr/4.3.3/avr5\libgcc.a(_mul_sf.o)
 .debug_line    0x0000083e      0x1d5 d:/me/ee/courses/tools/imt_sdk_win_64/winavr/bin/../lib/gcc/avr/4.3.3/avr5\libgcc.a(_div_sf.o)
 .debug_line    0x00000a13       0xd3 d:/me/ee/courses/tools/imt_sdk_win_64/winavr/bin/../lib/gcc/avr/4.3.3/avr5\libgcc.a(_gt_sf.o)
 .debug_line    0x00000ae6       0xd3 d:/me/ee/courses/tools/imt_sdk_win_64/winavr/bin/../lib/gcc/avr/4.3.3/avr5\libgcc.a(_ge_sf.o)
 .debug_line    0x00000bb9       0xd3 d:/me/ee/courses/tools/imt_sdk_win_64/winavr/bin/../lib/gcc/avr/4.3.3/avr5\libgcc.a(_lt_sf.o)
 .debug_line    0x00000c8c      0x109 d:/me/ee/courses/tools/imt_sdk_win_64/winavr/bin/../lib/gcc/avr/4.3.3/avr5\libgcc.a(_sf_to_si.o)
 .debug_line    0x00000d95       0x90 d:/me/ee/courses/tools/imt_sdk_win_64/winavr/bin/../lib/gcc/avr/4.3.3/avr5\libgcc.a(_thenan_sf.o)
 .debug_line    0x00000e25      0x133 d:/me/ee/courses/tools/imt_sdk_win_64/winavr/bin/../lib/gcc/avr/4.3.3/avr5\libgcc.a(_usi_to_sf.o)
 .debug_line    0x00000f58       0x7c d:/me/ee/courses/tools/imt_sdk_win_64/winavr/bin/../lib/gcc/avr/4.3.3/avr5\libgcc.a(_clz.o)
 .debug_line    0x00000fd4       0xa5 d:/me/ee/courses/tools/imt_sdk_win_64/winavr/bin/../lib/gcc/avr/4.3.3/avr5\libgcc.a(_clzsi2.o)
 .debug_line    0x00001079      0x18a d:/me/ee/courses/tools/imt_sdk_win_64/winavr/bin/../lib/gcc/avr/4.3.3/avr5\libgcc.a(_pack_sf.o)
 .debug_line    0x00001203      0x14b d:/me/ee/courses/tools/imt_sdk_win_64/winavr/bin/../lib/gcc/avr/4.3.3/avr5\libgcc.a(_unpack_sf.o)
 .debug_line    0x0000134e      0x137 d:/me/ee/courses/tools/imt_sdk_win_64/winavr/bin/../lib/gcc/avr/4.3.3/avr5\libgcc.a(_fpcmp_parts_sf.o)

.debug_frame    0x00000000      0x200
 *(.debug_frame)
 .debug_frame   0x00000000       0x20 d:/me/ee/courses/tools/imt_sdk_win_64/winavr/bin/../lib/gcc/avr/4.3.3/avr5\libgcc.a(_ashldi3.o)
 .debug_frame   0x00000020       0x20 d:/me/ee/courses/tools/imt_sdk_win_64/winavr/bin/../lib/gcc/avr/4.3.3/avr5\libgcc.a(_fixunssfsi.o)
 .debug_frame   0x00000040       0x20 d:/me/ee/courses/tools/imt_sdk_win_64/winavr/bin/../lib/gcc/avr/4.3.3/avr5\libgcc.a(_udivdi3.o)
 .debug_frame   0x00000060       0x40 d:/me/ee/courses/tools/imt_sdk_win_64/winavr/bin/../lib/gcc/avr/4.3.3/avr5\libgcc.a(_addsub_sf.o)
 .debug_frame   0x000000a0       0x20 d:/me/ee/courses/tools/imt_sdk_win_64/winavr/bin/../lib/gcc/avr/4.3.3/avr5\libgcc.a(_mul_sf.o)
 .debug_frame   0x000000c0       0x20 d:/me/ee/courses/tools/imt_sdk_win_64/winavr/bin/../lib/gcc/avr/4.3.3/avr5\libgcc.a(_div_sf.o)
 .debug_frame   0x000000e0       0x20 d:/me/ee/courses/tools/imt_sdk_win_64/winavr/bin/../lib/gcc/avr/4.3.3/avr5\libgcc.a(_gt_sf.o)
 .debug_frame   0x00000100       0x20 d:/me/ee/courses/tools/imt_sdk_win_64/winavr/bin/../lib/gcc/avr/4.3.3/avr5\libgcc.a(_ge_sf.o)
 .debug_frame   0x00000120       0x20 d:/me/ee/courses/tools/imt_sdk_win_64/winavr/bin/../lib/gcc/avr/4.3.3/avr5\libgcc.a(_lt_sf.o)
 .debug_frame   0x00000140       0x20 d:/me/ee/courses/tools/imt_sdk_win_64/winavr/bin/../lib/gcc/avr/4.3.3/avr5\libgcc.a(_sf_to_si.o)
 .debug_frame   0x00000160       0x20 d:/me/ee/courses/tools/imt_sdk_win_64/winavr/bin/../lib/gcc/avr/4.3.3/avr5\libgcc.a(_usi_to_sf.o)
 .debug_frame   0x00000180       0x20 d:/me/ee/courses/tools/imt_sdk_win_64/winavr/bin/../lib/gcc/avr/4.3.3/avr5\libgcc.a(_clzsi2.o)
 .debug_frame   0x000001a0       0x20 d:/me/ee/courses/tools/imt_sdk_win_64/winavr/bin/../lib/gcc/avr/4.3.3/avr5\libgcc.a(_pack_sf.o)
 .debug_frame   0x000001c0       0x20 d:/me/ee/courses/tools/imt_sdk_win_64/winavr/bin/../lib/gcc/avr/4.3.3/avr5\libgcc.a(_unpack_sf.o)
 .debug_frame   0x000001e0       0x20 d:/me/ee/courses/tools/imt_sdk_win_64/winavr/bin/../lib/gcc/avr/4.3.3/avr5\libgcc.a(_fpcmp_parts_sf.o)

.debug_str      0x00000000      0x38f
 *(.debug_str)
 .debug_str     0x00000000       0xdf d:/me/ee/courses/tools/imt_sdk_win_64/winavr/bin/../lib/gcc/avr/4.3.3/avr5\libgcc.a(_ashldi3.o)
                                0x131 (size before relaxing)
 .debug_str     0x000000df       0x14 d:/me/ee/courses/tools/imt_sdk_win_64/winavr/bin/../lib/gcc/avr/4.3.3/avr5\libgcc.a(_fixunssfsi.o)
                                 0xfe (size before relaxing)
 .debug_str     0x000000f3       0x7c d:/me/ee/courses/tools/imt_sdk_win_64/winavr/bin/../lib/gcc/avr/4.3.3/avr5\libgcc.a(_udivdi3.o)
                                0x18a (size before relaxing)
 .debug_str     0x0000016f      0x14d d:/me/ee/courses/tools/imt_sdk_win_64/winavr/bin/../lib/gcc/avr/4.3.3/avr5\libgcc.a(_addsub_sf.o)
                                0x206 (size before relaxing)
 .debug_str     0x000002bc       0x27 d:/me/ee/courses/tools/imt_sdk_win_64/winavr/bin/../lib/gcc/avr/4.3.3/avr5\libgcc.a(_mul_sf.o)
                                0x1bf (size before relaxing)
 .debug_str     0x000002e3       0x35 d:/me/ee/courses/tools/imt_sdk_win_64/winavr/bin/../lib/gcc/avr/4.3.3/avr5\libgcc.a(_div_sf.o)
                                0x1c8 (size before relaxing)
 .debug_str     0x00000318        0x8 d:/me/ee/courses/tools/imt_sdk_win_64/winavr/bin/../lib/gcc/avr/4.3.3/avr5\libgcc.a(_gt_sf.o)
                                0x195 (size before relaxing)
 .debug_str     0x00000320        0x8 d:/me/ee/courses/tools/imt_sdk_win_64/winavr/bin/../lib/gcc/avr/4.3.3/avr5\libgcc.a(_ge_sf.o)
                                0x195 (size before relaxing)
 .debug_str     0x00000328        0x8 d:/me/ee/courses/tools/imt_sdk_win_64/winavr/bin/../lib/gcc/avr/4.3.3/avr5\libgcc.a(_lt_sf.o)
                                0x195 (size before relaxing)
 .debug_str     0x00000330        0xa d:/me/ee/courses/tools/imt_sdk_win_64/winavr/bin/../lib/gcc/avr/4.3.3/avr5\libgcc.a(_sf_to_si.o)
                                0x19e (size before relaxing)
 .debug_str     0x00000000      0x103 d:/me/ee/courses/tools/imt_sdk_win_64/winavr/bin/../lib/gcc/avr/4.3.3/avr5\libgcc.a(_thenan_sf.o)
 .debug_str     0x0000033a       0x21 d:/me/ee/courses/tools/imt_sdk_win_64/winavr/bin/../lib/gcc/avr/4.3.3/avr5\libgcc.a(_usi_to_sf.o)
                                0x177 (size before relaxing)
 .debug_str     0x00000000       0xf4 d:/me/ee/courses/tools/imt_sdk_win_64/winavr/bin/../lib/gcc/avr/4.3.3/avr5\libgcc.a(_clz.o)
 .debug_str     0x0000035b        0x9 d:/me/ee/courses/tools/imt_sdk_win_64/winavr/bin/../lib/gcc/avr/4.3.3/avr5\libgcc.a(_clzsi2.o)
                                0x111 (size before relaxing)
 .debug_str     0x00000364       0x10 d:/me/ee/courses/tools/imt_sdk_win_64/winavr/bin/../lib/gcc/avr/4.3.3/avr5\libgcc.a(_pack_sf.o)
                                0x19d (size before relaxing)
 .debug_str     0x00000374        0xb d:/me/ee/courses/tools/imt_sdk_win_64/winavr/bin/../lib/gcc/avr/4.3.3/avr5\libgcc.a(_unpack_sf.o)
                                0x17f (size before relaxing)
 .debug_str     0x0000037f       0x10 d:/me/ee/courses/tools/imt_sdk_win_64/winavr/bin/../lib/gcc/avr/4.3.3/avr5\libgcc.a(_fpcmp_parts_sf.o)
                                0x163 (size before relaxing)

.debug_loc      0x00000000     0x18da
 *(.debug_loc)
 .debug_loc     0x00000000       0xf8 d:/me/ee/courses/tools/imt_sdk_win_64/winavr/bin/../lib/gcc/avr/4.3.3/avr5\libgcc.a(_ashldi3.o)
 .debug_loc     0x000000f8       0x34 d:/me/ee/courses/tools/imt_sdk_win_64/winavr/bin/../lib/gcc/avr/4.3.3/avr5\libgcc.a(_fixunssfsi.o)
 .debug_loc     0x0000012c      0xe74 d:/me/ee/courses/tools/imt_sdk_win_64/winavr/bin/../lib/gcc/avr/4.3.3/avr5\libgcc.a(_udivdi3.o)
 .debug_loc     0x00000fa0      0x32a d:/me/ee/courses/tools/imt_sdk_win_64/winavr/bin/../lib/gcc/avr/4.3.3/avr5\libgcc.a(_addsub_sf.o)
 .debug_loc     0x000012ca      0x104 d:/me/ee/courses/tools/imt_sdk_win_64/winavr/bin/../lib/gcc/avr/4.3.3/avr5\libgcc.a(_mul_sf.o)
 .debug_loc     0x000013ce       0xc0 d:/me/ee/courses/tools/imt_sdk_win_64/winavr/bin/../lib/gcc/avr/4.3.3/avr5\libgcc.a(_div_sf.o)
 .debug_loc     0x0000148e       0x3c d:/me/ee/courses/tools/imt_sdk_win_64/winavr/bin/../lib/gcc/avr/4.3.3/avr5\libgcc.a(_gt_sf.o)
 .debug_loc     0x000014ca       0x3c d:/me/ee/courses/tools/imt_sdk_win_64/winavr/bin/../lib/gcc/avr/4.3.3/avr5\libgcc.a(_ge_sf.o)
 .debug_loc     0x00001506       0x3c d:/me/ee/courses/tools/imt_sdk_win_64/winavr/bin/../lib/gcc/avr/4.3.3/avr5\libgcc.a(_lt_sf.o)
 .debug_loc     0x00001542       0x7e d:/me/ee/courses/tools/imt_sdk_win_64/winavr/bin/../lib/gcc/avr/4.3.3/avr5\libgcc.a(_sf_to_si.o)
 .debug_loc     0x000015c0       0x4c d:/me/ee/courses/tools/imt_sdk_win_64/winavr/bin/../lib/gcc/avr/4.3.3/avr5\libgcc.a(_usi_to_sf.o)
 .debug_loc     0x0000160c       0x94 d:/me/ee/courses/tools/imt_sdk_win_64/winavr/bin/../lib/gcc/avr/4.3.3/avr5\libgcc.a(_clzsi2.o)
 .debug_loc     0x000016a0      0x13e d:/me/ee/courses/tools/imt_sdk_win_64/winavr/bin/../lib/gcc/avr/4.3.3/avr5\libgcc.a(_pack_sf.o)
 .debug_loc     0x000017de       0xac d:/me/ee/courses/tools/imt_sdk_win_64/winavr/bin/../lib/gcc/avr/4.3.3/avr5\libgcc.a(_unpack_sf.o)
 .debug_loc     0x0000188a       0x50 d:/me/ee/courses/tools/imt_sdk_win_64/winavr/bin/../lib/gcc/avr/4.3.3/avr5\libgcc.a(_fpcmp_parts_sf.o)

.debug_macinfo
 *(.debug_macinfo)
OUTPUT(ATmega32_Drivers.elf elf32-avr)
LOAD linker stubs

.debug_ranges   0x00000000       0x68
 .debug_ranges  0x00000000       0x18 d:/me/ee/courses/tools/imt_sdk_win_64/winavr/bin/../lib/gcc/avr/4.3.3/avr5\libgcc.a(_udivdi3.o)
 .debug_ranges  0x00000018       0x50 d:/me/ee/courses/tools/imt_sdk_win_64/winavr/bin/../lib/gcc/avr/4.3.3/avr5\libgcc.a(_mul_sf.o)
