Archive member included because of file (symbol)

d:/me/ee/courses/tools/imt_sdk_win_64/winavr/bin/../lib/gcc/avr/4.3.3/avr5\libgcc.a(_udivmodhi4.o)
                              ./Src/LCD4_Program.o (__udivmodhi4)
d:/me/ee/courses/tools/imt_sdk_win_64/winavr/bin/../lib/gcc/avr/4.3.3/avr5\libgcc.a(_exit.o)
                              d:/me/ee/courses/tools/imt_sdk_win_64/winavr/bin/../lib/gcc/avr/4.3.3/../../../../avr/lib/avr5/crtm32.o (exit)
d:/me/ee/courses/tools/imt_sdk_win_64/winavr/bin/../lib/gcc/avr/4.3.3/avr5\libgcc.a(_copy_data.o)
                              ./Src/KEYPAD_Program.o (__do_copy_data)
d:/me/ee/courses/tools/imt_sdk_win_64/winavr/bin/../lib/gcc/avr/4.3.3/avr5\libgcc.a(_clear_bss.o)
                              ./Src/LCD4_Program.o (__do_clear_bss)
d:/me/ee/courses/tools/imt_sdk_win_64/winavr/bin/../lib/gcc/avr/4.3.3/avr5\libgcc.a(_fixunssfsi.o)
                              ./Src/DCMOTOR_Program.o (__fixunssfsi)
d:/me/ee/courses/tools/imt_sdk_win_64/winavr/bin/../lib/gcc/avr/4.3.3/avr5\libgcc.a(_addsub_sf.o)
                              d:/me/ee/courses/tools/imt_sdk_win_64/winavr/bin/../lib/gcc/avr/4.3.3/avr5\libgcc.a(_fixunssfsi.o) (__subsf3)
d:/me/ee/courses/tools/imt_sdk_win_64/winavr/bin/../lib/gcc/avr/4.3.3/avr5\libgcc.a(_mul_sf.o)
                              ./Src/DCMOTOR_Program.o (__mulsf3)
d:/me/ee/courses/tools/imt_sdk_win_64/winavr/bin/../lib/gcc/avr/4.3.3/avr5\libgcc.a(_div_sf.o)
                              ./Src/LCD4_Program.o (__divsf3)
d:/me/ee/courses/tools/imt_sdk_win_64/winavr/bin/../lib/gcc/avr/4.3.3/avr5\libgcc.a(_gt_sf.o)
                              ./Src/DCMOTOR_Program.o (__gtsf2)
d:/me/ee/courses/tools/imt_sdk_win_64/winavr/bin/../lib/gcc/avr/4.3.3/avr5\libgcc.a(_ge_sf.o)
                              d:/me/ee/courses/tools/imt_sdk_win_64/winavr/bin/../lib/gcc/avr/4.3.3/avr5\libgcc.a(_fixunssfsi.o) (__gesf2)
d:/me/ee/courses/tools/imt_sdk_win_64/winavr/bin/../lib/gcc/avr/4.3.3/avr5\libgcc.a(_lt_sf.o)
                              ./Src/DCMOTOR_Program.o (__ltsf2)
d:/me/ee/courses/tools/imt_sdk_win_64/winavr/bin/../lib/gcc/avr/4.3.3/avr5\libgcc.a(_sf_to_si.o)
                              d:/me/ee/courses/tools/imt_sdk_win_64/winavr/bin/../lib/gcc/avr/4.3.3/avr5\libgcc.a(_fixunssfsi.o) (__fixsfsi)
d:/me/ee/courses/tools/imt_sdk_win_64/winavr/bin/../lib/gcc/avr/4.3.3/avr5\libgcc.a(_thenan_sf.o)
                              d:/me/ee/courses/tools/imt_sdk_win_64/winavr/bin/../lib/gcc/avr/4.3.3/avr5\libgcc.a(_addsub_sf.o) (__thenan_sf)
d:/me/ee/courses/tools/imt_sdk_win_64/winavr/bin/../lib/gcc/avr/4.3.3/avr5\libgcc.a(_prologue.o)
                              d:/me/ee/courses/tools/imt_sdk_win_64/winavr/bin/../lib/gcc/avr/4.3.3/avr5\libgcc.a(_addsub_sf.o) (__prologue_saves__)
d:/me/ee/courses/tools/imt_sdk_win_64/winavr/bin/../lib/gcc/avr/4.3.3/avr5\libgcc.a(_epilogue.o)
                              d:/me/ee/courses/tools/imt_sdk_win_64/winavr/bin/../lib/gcc/avr/4.3.3/avr5\libgcc.a(_addsub_sf.o) (__epilogue_restores__)
d:/me/ee/courses/tools/imt_sdk_win_64/winavr/bin/../lib/gcc/avr/4.3.3/avr5\libgcc.a(_pack_sf.o)
                              d:/me/ee/courses/tools/imt_sdk_win_64/winavr/bin/../lib/gcc/avr/4.3.3/avr5\libgcc.a(_addsub_sf.o) (__pack_f)
d:/me/ee/courses/tools/imt_sdk_win_64/winavr/bin/../lib/gcc/avr/4.3.3/avr5\libgcc.a(_unpack_sf.o)
                              d:/me/ee/courses/tools/imt_sdk_win_64/winavr/bin/../lib/gcc/avr/4.3.3/avr5\libgcc.a(_addsub_sf.o) (__unpack_f)
d:/me/ee/courses/tools/imt_sdk_win_64/winavr/bin/../lib/gcc/avr/4.3.3/avr5\libgcc.a(_fpcmp_parts_sf.o)
                              d:/me/ee/courses/tools/imt_sdk_win_64/winavr/bin/../lib/gcc/avr/4.3.3/avr5\libgcc.a(_gt_sf.o) (__fpcmp_parts_f)

Memory Configuration

Name             Origin             Length             Attributes
text             0x00000000         0x00020000         xr
data             0x00800060         0x0000ffa0         rw !x
eeprom           0x00810000         0x00010000         rw !x
fuse             0x00820000         0x00000400         rw !x
lock             0x00830000         0x00000400         rw !x
signature        0x00840000         0x00000400         rw !x
*default*        0x00000000         0xffffffff

Linker script and memory map

LOAD d:/me/ee/courses/tools/imt_sdk_win_64/winavr/bin/../lib/gcc/avr/4.3.3/../../../../avr/lib/avr5/crtm32.o
LOAD ./Src/DCMOTOR_Program.o
LOAD ./Src/DIO_Program.o
LOAD ./Src/KEYPAD_Program.o
LOAD ./Src/LCD4_Program.o
LOAD ./Src/LCD8_Program.o
LOAD ./Src/SSD_Program.o
LOAD ./Src/STEPPER_Program.o
LOAD ./Src/main.o
LOAD d:/me/ee/courses/tools/imt_sdk_win_64/winavr/bin/../lib/gcc/avr/4.3.3/avr5\libgcc.a
LOAD d:/me/ee/courses/tools/imt_sdk_win_64/winavr/bin/../lib/gcc/avr/4.3.3/../../../../avr/lib/avr5\libc.a
LOAD d:/me/ee/courses/tools/imt_sdk_win_64/winavr/bin/../lib/gcc/avr/4.3.3/avr5\libgcc.a

.hash
 *(.hash)

.dynsym
 *(.dynsym)

.dynstr
 *(.dynstr)

.gnu.version
 *(.gnu.version)

.gnu.version_d
 *(.gnu.version_d)

.gnu.version_r
 *(.gnu.version_r)

.rel.init
 *(.rel.init)

.rela.init
 *(.rela.init)

.rel.text
 *(.rel.text)
 *(.rel.text.*)
 *(.rel.gnu.linkonce.t*)

.rela.text
 *(.rela.text)
 *(.rela.text.*)
 *(.rela.gnu.linkonce.t*)

.rel.fini
 *(.rel.fini)

.rela.fini
 *(.rela.fini)

.rel.rodata
 *(.rel.rodata)
 *(.rel.rodata.*)
 *(.rel.gnu.linkonce.r*)

.rela.rodata
 *(.rela.rodata)
 *(.rela.rodata.*)
 *(.rela.gnu.linkonce.r*)

.rel.data
 *(.rel.data)
 *(.rel.data.*)
 *(.rel.gnu.linkonce.d*)

.rela.data
 *(.rela.data)
 *(.rela.data.*)
 *(.rela.gnu.linkonce.d*)

.rel.ctors
 *(.rel.ctors)

.rela.ctors
 *(.rela.ctors)

.rel.dtors
 *(.rel.dtors)

.rela.dtors
 *(.rela.dtors)

.rel.got
 *(.rel.got)

.rela.got
 *(.rela.got)

.rel.bss
 *(.rel.bss)

.rela.bss
 *(.rela.bss)

.rel.plt
 *(.rel.plt)

.rela.plt
 *(.rela.plt)

.text           0x00000000     0x400c
 *(.vectors)
 .vectors       0x00000000       0x54 d:/me/ee/courses/tools/imt_sdk_win_64/winavr/bin/../lib/gcc/avr/4.3.3/../../../../avr/lib/avr5/crtm32.o
                0x00000000                __vectors
                0x00000000                __vector_default
 *(.vectors)
 *(.progmem.gcc*)
 *(.progmem*)
                0x00000054                . = ALIGN (0x2)
                0x00000054                __trampolines_start = .
 *(.trampolines)
 .trampolines   0x00000054        0x0 linker stubs
 *(.trampolines*)
                0x00000054                __trampolines_end = .
 *(.jumptables)
 *(.jumptables*)
 *(.lowtext)
 *(.lowtext*)
                0x00000054                __ctors_start = .
 *(.ctors)
                0x00000054                __ctors_end = .
                0x00000054                __dtors_start = .
 *(.dtors)
                0x00000054                __dtors_end = .
 SORT(*)(.ctors)
 SORT(*)(.dtors)
 *(.init0)
 .init0         0x00000054        0x0 d:/me/ee/courses/tools/imt_sdk_win_64/winavr/bin/../lib/gcc/avr/4.3.3/../../../../avr/lib/avr5/crtm32.o
                0x00000054                __init
 *(.init0)
 *(.init1)
 *(.init1)
 *(.init2)
 .init2         0x00000054        0xc d:/me/ee/courses/tools/imt_sdk_win_64/winavr/bin/../lib/gcc/avr/4.3.3/../../../../avr/lib/avr5/crtm32.o
 *(.init2)
 *(.init3)
 *(.init3)
 *(.init4)
 .init4         0x00000060       0x16 d:/me/ee/courses/tools/imt_sdk_win_64/winavr/bin/../lib/gcc/avr/4.3.3/avr5\libgcc.a(_copy_data.o)
                0x00000060                __do_copy_data
 .init4         0x00000076       0x10 d:/me/ee/courses/tools/imt_sdk_win_64/winavr/bin/../lib/gcc/avr/4.3.3/avr5\libgcc.a(_clear_bss.o)
                0x00000076                __do_clear_bss
 *(.init4)
 *(.init5)
 *(.init5)
 *(.init6)
 *(.init6)
 *(.init7)
 *(.init7)
 *(.init8)
 *(.init8)
 *(.init9)
 .init9         0x00000086        0x8 d:/me/ee/courses/tools/imt_sdk_win_64/winavr/bin/../lib/gcc/avr/4.3.3/../../../../avr/lib/avr5/crtm32.o
 *(.init9)
 *(.text)
 .text          0x0000008e        0x4 d:/me/ee/courses/tools/imt_sdk_win_64/winavr/bin/../lib/gcc/avr/4.3.3/../../../../avr/lib/avr5/crtm32.o
                0x0000008e                __vector_1
                0x0000008e                __vector_12
                0x0000008e                __bad_interrupt
                0x0000008e                __vector_6
                0x0000008e                __vector_3
                0x0000008e                __vector_11
                0x0000008e                __vector_13
                0x0000008e                __vector_17
                0x0000008e                __vector_19
                0x0000008e                __vector_7
                0x0000008e                __vector_5
                0x0000008e                __vector_4
                0x0000008e                __vector_9
                0x0000008e                __vector_2
                0x0000008e                __vector_15
                0x0000008e                __vector_8
                0x0000008e                __vector_14
                0x0000008e                __vector_10
                0x0000008e                __vector_16
                0x0000008e                __vector_18
                0x0000008e                __vector_20
 .text          0x00000092        0x0 ./Src/DCMOTOR_Program.o
 .text          0x00000092        0x0 ./Src/DIO_Program.o
 .text          0x00000092        0x0 ./Src/KEYPAD_Program.o
 .text          0x00000092        0x0 ./Src/LCD4_Program.o
 .text          0x00000092        0x0 ./Src/LCD8_Program.o
 .text          0x00000092        0x0 ./Src/SSD_Program.o
 .text          0x00000092        0x0 ./Src/STEPPER_Program.o
 .text          0x00000092        0x0 ./Src/main.o
 .text          0x00000092        0x0 d:/me/ee/courses/tools/imt_sdk_win_64/winavr/bin/../lib/gcc/avr/4.3.3/avr5\libgcc.a(_udivmodhi4.o)
 .text          0x00000092        0x0 d:/me/ee/courses/tools/imt_sdk_win_64/winavr/bin/../lib/gcc/avr/4.3.3/avr5\libgcc.a(_exit.o)
 .text          0x00000092        0x0 d:/me/ee/courses/tools/imt_sdk_win_64/winavr/bin/../lib/gcc/avr/4.3.3/avr5\libgcc.a(_copy_data.o)
 .text          0x00000092        0x0 d:/me/ee/courses/tools/imt_sdk_win_64/winavr/bin/../lib/gcc/avr/4.3.3/avr5\libgcc.a(_clear_bss.o)
 .text          0x00000092       0x58 d:/me/ee/courses/tools/imt_sdk_win_64/winavr/bin/../lib/gcc/avr/4.3.3/avr5\libgcc.a(_fixunssfsi.o)
                0x00000092                __fixunssfsi
 .text          0x000000ea      0x354 d:/me/ee/courses/tools/imt_sdk_win_64/winavr/bin/../lib/gcc/avr/4.3.3/avr5\libgcc.a(_addsub_sf.o)
                0x00000382                __subsf3
                0x000003e4                __addsf3
 .text          0x0000043e      0x1f4 d:/me/ee/courses/tools/imt_sdk_win_64/winavr/bin/../lib/gcc/avr/4.3.3/avr5\libgcc.a(_mul_sf.o)
                0x0000043e                __mulsf3
 .text          0x00000632      0x158 d:/me/ee/courses/tools/imt_sdk_win_64/winavr/bin/../lib/gcc/avr/4.3.3/avr5\libgcc.a(_div_sf.o)
                0x00000632                __divsf3
 .text          0x0000078a       0x60 d:/me/ee/courses/tools/imt_sdk_win_64/winavr/bin/../lib/gcc/avr/4.3.3/avr5\libgcc.a(_gt_sf.o)
                0x0000078a                __gtsf2
 .text          0x000007ea       0x60 d:/me/ee/courses/tools/imt_sdk_win_64/winavr/bin/../lib/gcc/avr/4.3.3/avr5\libgcc.a(_ge_sf.o)
                0x000007ea                __gesf2
 .text          0x0000084a       0x60 d:/me/ee/courses/tools/imt_sdk_win_64/winavr/bin/../lib/gcc/avr/4.3.3/avr5\libgcc.a(_lt_sf.o)
                0x0000084a                __ltsf2
 .text          0x000008aa       0xa8 d:/me/ee/courses/tools/imt_sdk_win_64/winavr/bin/../lib/gcc/avr/4.3.3/avr5\libgcc.a(_sf_to_si.o)
                0x000008aa                __fixsfsi
 .text          0x00000952        0x0 d:/me/ee/courses/tools/imt_sdk_win_64/winavr/bin/../lib/gcc/avr/4.3.3/avr5\libgcc.a(_thenan_sf.o)
 .text          0x00000952        0x0 d:/me/ee/courses/tools/imt_sdk_win_64/winavr/bin/../lib/gcc/avr/4.3.3/avr5\libgcc.a(_prologue.o)
 .text          0x00000952        0x0 d:/me/ee/courses/tools/imt_sdk_win_64/winavr/bin/../lib/gcc/avr/4.3.3/avr5\libgcc.a(_epilogue.o)
 .text          0x00000952      0x1aa d:/me/ee/courses/tools/imt_sdk_win_64/winavr/bin/../lib/gcc/avr/4.3.3/avr5\libgcc.a(_pack_sf.o)
                0x00000952                __pack_f
 .text          0x00000afc       0xf0 d:/me/ee/courses/tools/imt_sdk_win_64/winavr/bin/../lib/gcc/avr/4.3.3/avr5\libgcc.a(_unpack_sf.o)
                0x00000afc                __unpack_f
 .text          0x00000bec       0xb2 d:/me/ee/courses/tools/imt_sdk_win_64/winavr/bin/../lib/gcc/avr/4.3.3/avr5\libgcc.a(_fpcmp_parts_sf.o)
                0x00000bec                __fpcmp_parts_f
                0x00000c9e                . = ALIGN (0x2)
 *(.text.*)
 .text.HDCMOTOR_voidHBridge
                0x00000c9e      0x216 ./Src/DCMOTOR_Program.o
                0x00000c9e                HDCMOTOR_voidHBridge
 .text.MDIO_voidInit
                0x00000eb4       0x46 ./Src/DIO_Program.o
                0x00000eb4                MDIO_voidInit
 .text.MDIO_u8GetPinValue
                0x00000efa      0x168 ./Src/DIO_Program.o
                0x00000efa                MDIO_u8GetPinValue
 .text.MDIO_voidSetPinValue
                0x00001062      0x22c ./Src/DIO_Program.o
                0x00001062                MDIO_voidSetPinValue
 .text.MDIO_voidSetPinDirection
                0x0000128e      0x22c ./Src/DIO_Program.o
                0x0000128e                MDIO_voidSetPinDirection
 .text.MDIO_voidSetPortValue
                0x000014ba       0x82 ./Src/DIO_Program.o
                0x000014ba                MDIO_voidSetPortValue
 .text.MDIO_voidSetPortDirection
                0x0000153c       0x82 ./Src/DIO_Program.o
                0x0000153c                MDIO_voidSetPortDirection
 .text.HKEYPAD_u8GetPressedKey
                0x000015be      0x1cc ./Src/KEYPAD_Program.o
                0x000015be                HKEYPAD_u8GetPressedKey
 .text.HLCD4_voidSendCommand
                0x0000178a      0x332 ./Src/LCD4_Program.o
                0x0000178a                HLCD4_voidSendCommand
 .text.HLCD4_voidSendData
                0x00001abc      0x328 ./Src/LCD4_Program.o
                0x00001abc                HLCD4_voidSendData
 .text.HLCD4_voidInit
                0x00001de4      0x5aa ./Src/LCD4_Program.o
                0x00001de4                HLCD4_voidInit
 .text.HLCD4_voidClearDisplay
                0x0000238e      0x116 ./Src/LCD4_Program.o
                0x0000238e                HLCD4_voidClearDisplay
 .text.HLCD4_voidSendString
                0x000024a4       0x52 ./Src/LCD4_Program.o
                0x000024a4                HLCD4_voidSendString
 .text.HLCD4_voidGoToPos
                0x000024f6      0x154 ./Src/LCD4_Program.o
                0x000024f6                HLCD4_voidGoToPos
 .text.HLCD4_voidDisplayNumber
                0x0000264a       0xb6 ./Src/LCD4_Program.o
                0x0000264a                HLCD4_voidDisplayNumber
 .text.HLCD4_voidStoreCustomChar
                0x00002700      0x2e8 ./Src/LCD4_Program.o
                0x00002700                HLCD4_voidStoreCustomChar
 .text.HLCD4_voidDisplayCustomChar
                0x000029e8       0x2c ./Src/LCD4_Program.o
                0x000029e8                HLCD4_voidDisplayCustomChar
 .text.HLCD8_voidSendCommand
                0x00002a14      0x13c ./Src/LCD8_Program.o
                0x00002a14                HLCD8_voidSendCommand
 .text.HLCD8_voidSendData
                0x00002b50      0x13c ./Src/LCD8_Program.o
                0x00002b50                HLCD8_voidSendData
 .text.HLCD8_voidInit
                0x00002c8c      0x3ce ./Src/LCD8_Program.o
                0x00002c8c                HLCD8_voidInit
 .text.HLCD8_voidClearDisplay
                0x0000305a      0x110 ./Src/LCD8_Program.o
                0x0000305a                HLCD8_voidClearDisplay
 .text.HLCD8_voidSendString
                0x0000316a       0x52 ./Src/LCD8_Program.o
                0x0000316a                HLCD8_voidSendString
 .text.HLCD8_voidGoToPos
                0x000031bc      0x154 ./Src/LCD8_Program.o
                0x000031bc                HLCD8_voidGoToPos
 .text.HLCD8_voidDisplayNumber
                0x00003310       0xb6 ./Src/LCD8_Program.o
                0x00003310                HLCD8_voidDisplayNumber
 .text.HLCD8_voidStoreCustomChar
                0x000033c6      0x2e8 ./Src/LCD8_Program.o
                0x000033c6                HLCD8_voidStoreCustomChar
 .text.HLCD8_voidDisplayCustomChar
                0x000036ae       0x2c ./Src/LCD8_Program.o
                0x000036ae                HLCD8_voidDisplayCustomChar
 .text.HSSD_voidDisplay
                0x000036da      0x11a ./Src/SSD_Program.o
                0x000036da                HSSD_voidDisplay
 .text.HSSD_voidDisplayAscending
                0x000037f4      0x176 ./Src/SSD_Program.o
                0x000037f4                HSSD_voidDisplayAscending
 .text.HSSD_voidDisplayDescending
                0x0000396a      0x15e ./Src/SSD_Program.o
                0x0000396a                HSSD_voidDisplayDescending
 .text.HSTEP_voidFullStep
                0x00003ac8      0x456 ./Src/STEPPER_Program.o
                0x00003ac8                HSTEP_voidFullStep
 .text.main     0x00003f1e       0x54 ./Src/main.o
                0x00003f1e                main
 .text.libgcc   0x00003f72       0x28 d:/me/ee/courses/tools/imt_sdk_win_64/winavr/bin/../lib/gcc/avr/4.3.3/avr5\libgcc.a(_udivmodhi4.o)
                0x00003f72                __udivmodhi4
 .text.libgcc   0x00003f9a        0x0 d:/me/ee/courses/tools/imt_sdk_win_64/winavr/bin/../lib/gcc/avr/4.3.3/avr5\libgcc.a(_exit.o)
 .text.libgcc   0x00003f9a        0x0 d:/me/ee/courses/tools/imt_sdk_win_64/winavr/bin/../lib/gcc/avr/4.3.3/avr5\libgcc.a(_copy_data.o)
 .text.libgcc   0x00003f9a        0x0 d:/me/ee/courses/tools/imt_sdk_win_64/winavr/bin/../lib/gcc/avr/4.3.3/avr5\libgcc.a(_clear_bss.o)
 .text.libgcc   0x00003f9a       0x38 d:/me/ee/courses/tools/imt_sdk_win_64/winavr/bin/../lib/gcc/avr/4.3.3/avr5\libgcc.a(_prologue.o)
                0x00003f9a                __prologue_saves__
 .text.libgcc   0x00003fd2       0x36 d:/me/ee/courses/tools/imt_sdk_win_64/winavr/bin/../lib/gcc/avr/4.3.3/avr5\libgcc.a(_epilogue.o)
                0x00003fd2                __epilogue_restores__
                0x00004008                . = ALIGN (0x2)
 *(.fini9)
 .fini9         0x00004008        0x0 d:/me/ee/courses/tools/imt_sdk_win_64/winavr/bin/../lib/gcc/avr/4.3.3/avr5\libgcc.a(_exit.o)
                0x00004008                exit
                0x00004008                _exit
 *(.fini9)
 *(.fini8)
 *(.fini8)
 *(.fini7)
 *(.fini7)
 *(.fini6)
 *(.fini6)
 *(.fini5)
 *(.fini5)
 *(.fini4)
 *(.fini4)
 *(.fini3)
 *(.fini3)
 *(.fini2)
 *(.fini2)
 *(.fini1)
 *(.fini1)
 *(.fini0)
 .fini0         0x00004008        0x4 d:/me/ee/courses/tools/imt_sdk_win_64/winavr/bin/../lib/gcc/avr/4.3.3/avr5\libgcc.a(_exit.o)
 *(.fini0)
                0x0000400c                _etext = .

.data           0x00800060       0x34 load address 0x0000400c
                0x00800060                PROVIDE (__data_start, .)
 *(.data)
 .data          0x00800060        0x0 d:/me/ee/courses/tools/imt_sdk_win_64/winavr/bin/../lib/gcc/avr/4.3.3/../../../../avr/lib/avr5/crtm32.o
 .data          0x00800060        0x0 ./Src/DCMOTOR_Program.o
 .data          0x00800060        0x0 ./Src/DIO_Program.o
 .data          0x00800060        0x0 ./Src/KEYPAD_Program.o
 .data          0x00800060        0x0 ./Src/LCD4_Program.o
 .data          0x00800060        0x0 ./Src/LCD8_Program.o
 .data          0x00800060        0x0 ./Src/SSD_Program.o
 .data          0x00800060        0x0 ./Src/STEPPER_Program.o
 .data          0x00800060        0x0 ./Src/main.o
 .data          0x00800060        0x0 d:/me/ee/courses/tools/imt_sdk_win_64/winavr/bin/../lib/gcc/avr/4.3.3/avr5\libgcc.a(_udivmodhi4.o)
 .data          0x00800060        0x0 d:/me/ee/courses/tools/imt_sdk_win_64/winavr/bin/../lib/gcc/avr/4.3.3/avr5\libgcc.a(_exit.o)
 .data          0x00800060        0x0 d:/me/ee/courses/tools/imt_sdk_win_64/winavr/bin/../lib/gcc/avr/4.3.3/avr5\libgcc.a(_copy_data.o)
 .data          0x00800060        0x0 d:/me/ee/courses/tools/imt_sdk_win_64/winavr/bin/../lib/gcc/avr/4.3.3/avr5\libgcc.a(_clear_bss.o)
 .data          0x00800060        0x0 d:/me/ee/courses/tools/imt_sdk_win_64/winavr/bin/../lib/gcc/avr/4.3.3/avr5\libgcc.a(_fixunssfsi.o)
 .data          0x00800060        0x0 d:/me/ee/courses/tools/imt_sdk_win_64/winavr/bin/../lib/gcc/avr/4.3.3/avr5\libgcc.a(_addsub_sf.o)
 .data          0x00800060        0x0 d:/me/ee/courses/tools/imt_sdk_win_64/winavr/bin/../lib/gcc/avr/4.3.3/avr5\libgcc.a(_mul_sf.o)
 .data          0x00800060        0x0 d:/me/ee/courses/tools/imt_sdk_win_64/winavr/bin/../lib/gcc/avr/4.3.3/avr5\libgcc.a(_div_sf.o)
 .data          0x00800060        0x0 d:/me/ee/courses/tools/imt_sdk_win_64/winavr/bin/../lib/gcc/avr/4.3.3/avr5\libgcc.a(_gt_sf.o)
 .data          0x00800060        0x0 d:/me/ee/courses/tools/imt_sdk_win_64/winavr/bin/../lib/gcc/avr/4.3.3/avr5\libgcc.a(_ge_sf.o)
 .data          0x00800060        0x0 d:/me/ee/courses/tools/imt_sdk_win_64/winavr/bin/../lib/gcc/avr/4.3.3/avr5\libgcc.a(_lt_sf.o)
 .data          0x00800060        0x0 d:/me/ee/courses/tools/imt_sdk_win_64/winavr/bin/../lib/gcc/avr/4.3.3/avr5\libgcc.a(_sf_to_si.o)
 .data          0x00800060        0x8 d:/me/ee/courses/tools/imt_sdk_win_64/winavr/bin/../lib/gcc/avr/4.3.3/avr5\libgcc.a(_thenan_sf.o)
                0x00800060                __thenan_sf
 .data          0x00800068        0x0 d:/me/ee/courses/tools/imt_sdk_win_64/winavr/bin/../lib/gcc/avr/4.3.3/avr5\libgcc.a(_prologue.o)
 .data          0x00800068        0x0 d:/me/ee/courses/tools/imt_sdk_win_64/winavr/bin/../lib/gcc/avr/4.3.3/avr5\libgcc.a(_epilogue.o)
 .data          0x00800068        0x0 d:/me/ee/courses/tools/imt_sdk_win_64/winavr/bin/../lib/gcc/avr/4.3.3/avr5\libgcc.a(_pack_sf.o)
 .data          0x00800068        0x0 d:/me/ee/courses/tools/imt_sdk_win_64/winavr/bin/../lib/gcc/avr/4.3.3/avr5\libgcc.a(_unpack_sf.o)
 .data          0x00800068        0x0 d:/me/ee/courses/tools/imt_sdk_win_64/winavr/bin/../lib/gcc/avr/4.3.3/avr5\libgcc.a(_fpcmp_parts_sf.o)
 *(.data*)
 .data.KeypadArr
                0x00800068       0x10 ./Src/KEYPAD_Program.o
                0x00800068                KeypadArr
 .data.keypadRow
                0x00800078        0x4 ./Src/KEYPAD_Program.o
                0x00800078                keypadRow
 .data.keypadCol
                0x0080007c        0x4 ./Src/KEYPAD_Program.o
                0x0080007c                keypadCol
 *(.rodata)
 *(.rodata*)
 .rodata.C.0.1308
                0x00800080        0xa ./Src/SSD_Program.o
 .rodata.C.1.1330
                0x0080008a        0xa ./Src/SSD_Program.o
 *(.gnu.linkonce.d*)
                0x00800094                . = ALIGN (0x2)
                0x00800094                _edata = .
                0x00800094                PROVIDE (__data_end, .)

.bss            0x00800094        0x1
                0x00800094                PROVIDE (__bss_start, .)
 *(.bss)
 .bss           0x00800094        0x0 d:/me/ee/courses/tools/imt_sdk_win_64/winavr/bin/../lib/gcc/avr/4.3.3/../../../../avr/lib/avr5/crtm32.o
 .bss           0x00800094        0x0 ./Src/DCMOTOR_Program.o
 .bss           0x00800094        0x0 ./Src/DIO_Program.o
 .bss           0x00800094        0x0 ./Src/KEYPAD_Program.o
 .bss           0x00800094        0x0 ./Src/LCD4_Program.o
 .bss           0x00800094        0x0 ./Src/LCD8_Program.o
 .bss           0x00800094        0x0 ./Src/SSD_Program.o
 .bss           0x00800094        0x0 ./Src/STEPPER_Program.o
 .bss           0x00800094        0x0 ./Src/main.o
 .bss           0x00800094        0x0 d:/me/ee/courses/tools/imt_sdk_win_64/winavr/bin/../lib/gcc/avr/4.3.3/avr5\libgcc.a(_udivmodhi4.o)
 .bss           0x00800094        0x0 d:/me/ee/courses/tools/imt_sdk_win_64/winavr/bin/../lib/gcc/avr/4.3.3/avr5\libgcc.a(_exit.o)
 .bss           0x00800094        0x0 d:/me/ee/courses/tools/imt_sdk_win_64/winavr/bin/../lib/gcc/avr/4.3.3/avr5\libgcc.a(_copy_data.o)
 .bss           0x00800094        0x0 d:/me/ee/courses/tools/imt_sdk_win_64/winavr/bin/../lib/gcc/avr/4.3.3/avr5\libgcc.a(_clear_bss.o)
 .bss           0x00800094        0x0 d:/me/ee/courses/tools/imt_sdk_win_64/winavr/bin/../lib/gcc/avr/4.3.3/avr5\libgcc.a(_fixunssfsi.o)
 .bss           0x00800094        0x0 d:/me/ee/courses/tools/imt_sdk_win_64/winavr/bin/../lib/gcc/avr/4.3.3/avr5\libgcc.a(_addsub_sf.o)
 .bss           0x00800094        0x0 d:/me/ee/courses/tools/imt_sdk_win_64/winavr/bin/../lib/gcc/avr/4.3.3/avr5\libgcc.a(_mul_sf.o)
 .bss           0x00800094        0x0 d:/me/ee/courses/tools/imt_sdk_win_64/winavr/bin/../lib/gcc/avr/4.3.3/avr5\libgcc.a(_div_sf.o)
 .bss           0x00800094        0x0 d:/me/ee/courses/tools/imt_sdk_win_64/winavr/bin/../lib/gcc/avr/4.3.3/avr5\libgcc.a(_gt_sf.o)
 .bss           0x00800094        0x0 d:/me/ee/courses/tools/imt_sdk_win_64/winavr/bin/../lib/gcc/avr/4.3.3/avr5\libgcc.a(_ge_sf.o)
 .bss           0x00800094        0x0 d:/me/ee/courses/tools/imt_sdk_win_64/winavr/bin/../lib/gcc/avr/4.3.3/avr5\libgcc.a(_lt_sf.o)
 .bss           0x00800094        0x0 d:/me/ee/courses/tools/imt_sdk_win_64/winavr/bin/../lib/gcc/avr/4.3.3/avr5\libgcc.a(_sf_to_si.o)
 .bss           0x00800094        0x0 d:/me/ee/courses/tools/imt_sdk_win_64/winavr/bin/../lib/gcc/avr/4.3.3/avr5\libgcc.a(_thenan_sf.o)
 .bss           0x00800094        0x0 d:/me/ee/courses/tools/imt_sdk_win_64/winavr/bin/../lib/gcc/avr/4.3.3/avr5\libgcc.a(_prologue.o)
 .bss           0x00800094        0x0 d:/me/ee/courses/tools/imt_sdk_win_64/winavr/bin/../lib/gcc/avr/4.3.3/avr5\libgcc.a(_epilogue.o)
 .bss           0x00800094        0x0 d:/me/ee/courses/tools/imt_sdk_win_64/winavr/bin/../lib/gcc/avr/4.3.3/avr5\libgcc.a(_pack_sf.o)
 .bss           0x00800094        0x0 d:/me/ee/courses/tools/imt_sdk_win_64/winavr/bin/../lib/gcc/avr/4.3.3/avr5\libgcc.a(_unpack_sf.o)
 .bss           0x00800094        0x0 d:/me/ee/courses/tools/imt_sdk_win_64/winavr/bin/../lib/gcc/avr/4.3.3/avr5\libgcc.a(_fpcmp_parts_sf.o)
 *(.bss*)
 .bss.global_u8Init
                0x00800094        0x1 ./Src/LCD4_Program.o
 *(COMMON)
                0x00800095                PROVIDE (__bss_end, .)
                0x0000400c                __data_load_start = LOADADDR (.data)
                0x00004040                __data_load_end = (__data_load_start + SIZEOF (.data))

.noinit         0x00800095        0x0
                0x00800095                PROVIDE (__noinit_start, .)
 *(.noinit*)
                0x00800095                PROVIDE (__noinit_end, .)
                0x00800095                _end = .
                0x00800095                PROVIDE (__heap_start, .)

.eeprom         0x00810000        0x0
 *(.eeprom*)
                0x00810000                __eeprom_end = .

.fuse
 *(.fuse)
 *(.lfuse)
 *(.hfuse)
 *(.efuse)

.lock
 *(.lock*)

.signature
 *(.signature*)

.stab           0x00000000     0x3648
 *(.stab)
 .stab          0x00000000      0x4e0 ./Src/DCMOTOR_Program.o
 .stab          0x000004e0      0x4c8 ./Src/DIO_Program.o
                                0x558 (size before relaxing)
 .stab          0x000009a8      0x2e8 ./Src/KEYPAD_Program.o
                                0x504 (size before relaxing)
 .stab          0x00000c90     0x1188 ./Src/LCD4_Program.o
                               0x13a4 (size before relaxing)
 .stab          0x00001e18      0xd98 ./Src/LCD8_Program.o
                                0xfb4 (size before relaxing)
 .stab          0x00002bb0      0x474 ./Src/SSD_Program.o
                                0x690 (size before relaxing)
 .stab          0x00003024      0x4bc ./Src/STEPPER_Program.o
                                0x6d8 (size before relaxing)
 .stab          0x000034e0      0x168 ./Src/main.o
                                0x1f8 (size before relaxing)

.stabstr        0x00000000      0xf68
 *(.stabstr)
 .stabstr       0x00000000      0xf68 ./Src/DCMOTOR_Program.o

.stab.excl
 *(.stab.excl)

.stab.exclstr
 *(.stab.exclstr)

.stab.index
 *(.stab.index)

.stab.indexstr
 *(.stab.indexstr)

.comment
 *(.comment)

.debug
 *(.debug)

.line
 *(.line)

.debug_srcinfo
 *(.debug_srcinfo)

.debug_sfnames
 *(.debug_sfnames)

.debug_aranges  0x00000000      0x160
 *(.debug_aranges)
 .debug_aranges
                0x00000000       0x20 d:/me/ee/courses/tools/imt_sdk_win_64/winavr/bin/../lib/gcc/avr/4.3.3/avr5\libgcc.a(_fixunssfsi.o)
 .debug_aranges
                0x00000020       0x20 d:/me/ee/courses/tools/imt_sdk_win_64/winavr/bin/../lib/gcc/avr/4.3.3/avr5\libgcc.a(_addsub_sf.o)
 .debug_aranges
                0x00000040       0x20 d:/me/ee/courses/tools/imt_sdk_win_64/winavr/bin/../lib/gcc/avr/4.3.3/avr5\libgcc.a(_mul_sf.o)
 .debug_aranges
                0x00000060       0x20 d:/me/ee/courses/tools/imt_sdk_win_64/winavr/bin/../lib/gcc/avr/4.3.3/avr5\libgcc.a(_div_sf.o)
 .debug_aranges
                0x00000080       0x20 d:/me/ee/courses/tools/imt_sdk_win_64/winavr/bin/../lib/gcc/avr/4.3.3/avr5\libgcc.a(_gt_sf.o)
 .debug_aranges
                0x000000a0       0x20 d:/me/ee/courses/tools/imt_sdk_win_64/winavr/bin/../lib/gcc/avr/4.3.3/avr5\libgcc.a(_ge_sf.o)
 .debug_aranges
                0x000000c0       0x20 d:/me/ee/courses/tools/imt_sdk_win_64/winavr/bin/../lib/gcc/avr/4.3.3/avr5\libgcc.a(_lt_sf.o)
 .debug_aranges
                0x000000e0       0x20 d:/me/ee/courses/tools/imt_sdk_win_64/winavr/bin/../lib/gcc/avr/4.3.3/avr5\libgcc.a(_sf_to_si.o)
 .debug_aranges
                0x00000100       0x20 d:/me/ee/courses/tools/imt_sdk_win_64/winavr/bin/../lib/gcc/avr/4.3.3/avr5\libgcc.a(_pack_sf.o)
 .debug_aranges
                0x00000120       0x20 d:/me/ee/courses/tools/imt_sdk_win_64/winavr/bin/../lib/gcc/avr/4.3.3/avr5\libgcc.a(_unpack_sf.o)
 .debug_aranges
                0x00000140       0x20 d:/me/ee/courses/tools/imt_sdk_win_64/winavr/bin/../lib/gcc/avr/4.3.3/avr5\libgcc.a(_fpcmp_parts_sf.o)

.debug_pubnames
                0x00000000      0x18f
 *(.debug_pubnames)
 .debug_pubnames
                0x00000000       0x23 d:/me/ee/courses/tools/imt_sdk_win_64/winavr/bin/../lib/gcc/avr/4.3.3/avr5\libgcc.a(_fixunssfsi.o)
 .debug_pubnames
                0x00000023       0x2c d:/me/ee/courses/tools/imt_sdk_win_64/winavr/bin/../lib/gcc/avr/4.3.3/avr5\libgcc.a(_addsub_sf.o)
 .debug_pubnames
                0x0000004f       0x1f d:/me/ee/courses/tools/imt_sdk_win_64/winavr/bin/../lib/gcc/avr/4.3.3/avr5\libgcc.a(_mul_sf.o)
 .debug_pubnames
                0x0000006e       0x1f d:/me/ee/courses/tools/imt_sdk_win_64/winavr/bin/../lib/gcc/avr/4.3.3/avr5\libgcc.a(_div_sf.o)
 .debug_pubnames
                0x0000008d       0x1e d:/me/ee/courses/tools/imt_sdk_win_64/winavr/bin/../lib/gcc/avr/4.3.3/avr5\libgcc.a(_gt_sf.o)
 .debug_pubnames
                0x000000ab       0x1e d:/me/ee/courses/tools/imt_sdk_win_64/winavr/bin/../lib/gcc/avr/4.3.3/avr5\libgcc.a(_ge_sf.o)
 .debug_pubnames
                0x000000c9       0x1e d:/me/ee/courses/tools/imt_sdk_win_64/winavr/bin/../lib/gcc/avr/4.3.3/avr5\libgcc.a(_lt_sf.o)
 .debug_pubnames
                0x000000e7       0x20 d:/me/ee/courses/tools/imt_sdk_win_64/winavr/bin/../lib/gcc/avr/4.3.3/avr5\libgcc.a(_sf_to_si.o)
 .debug_pubnames
                0x00000107       0x22 d:/me/ee/courses/tools/imt_sdk_win_64/winavr/bin/../lib/gcc/avr/4.3.3/avr5\libgcc.a(_thenan_sf.o)
 .debug_pubnames
                0x00000129       0x1f d:/me/ee/courses/tools/imt_sdk_win_64/winavr/bin/../lib/gcc/avr/4.3.3/avr5\libgcc.a(_pack_sf.o)
 .debug_pubnames
                0x00000148       0x21 d:/me/ee/courses/tools/imt_sdk_win_64/winavr/bin/../lib/gcc/avr/4.3.3/avr5\libgcc.a(_unpack_sf.o)
 .debug_pubnames
                0x00000169       0x26 d:/me/ee/courses/tools/imt_sdk_win_64/winavr/bin/../lib/gcc/avr/4.3.3/avr5\libgcc.a(_fpcmp_parts_sf.o)

.debug_info     0x00000000     0x2045
 *(.debug_info)
 .debug_info    0x00000000       0xb1 d:/me/ee/courses/tools/imt_sdk_win_64/winavr/bin/../lib/gcc/avr/4.3.3/avr5\libgcc.a(_fixunssfsi.o)
 .debug_info    0x000000b1      0x47a d:/me/ee/courses/tools/imt_sdk_win_64/winavr/bin/../lib/gcc/avr/4.3.3/avr5\libgcc.a(_addsub_sf.o)
 .debug_info    0x0000052b      0x485 d:/me/ee/courses/tools/imt_sdk_win_64/winavr/bin/../lib/gcc/avr/4.3.3/avr5\libgcc.a(_mul_sf.o)
 .debug_info    0x000009b0      0x3fc d:/me/ee/courses/tools/imt_sdk_win_64/winavr/bin/../lib/gcc/avr/4.3.3/avr5\libgcc.a(_div_sf.o)
 .debug_info    0x00000dac      0x27f d:/me/ee/courses/tools/imt_sdk_win_64/winavr/bin/../lib/gcc/avr/4.3.3/avr5\libgcc.a(_gt_sf.o)
 .debug_info    0x0000102b      0x27f d:/me/ee/courses/tools/imt_sdk_win_64/winavr/bin/../lib/gcc/avr/4.3.3/avr5\libgcc.a(_ge_sf.o)
 .debug_info    0x000012aa      0x27f d:/me/ee/courses/tools/imt_sdk_win_64/winavr/bin/../lib/gcc/avr/4.3.3/avr5\libgcc.a(_lt_sf.o)
 .debug_info    0x00001529      0x2b0 d:/me/ee/courses/tools/imt_sdk_win_64/winavr/bin/../lib/gcc/avr/4.3.3/avr5\libgcc.a(_sf_to_si.o)
 .debug_info    0x000017d9      0x12c d:/me/ee/courses/tools/imt_sdk_win_64/winavr/bin/../lib/gcc/avr/4.3.3/avr5\libgcc.a(_thenan_sf.o)
 .debug_info    0x00001905      0x2df d:/me/ee/courses/tools/imt_sdk_win_64/winavr/bin/../lib/gcc/avr/4.3.3/avr5\libgcc.a(_pack_sf.o)
 .debug_info    0x00001be4      0x251 d:/me/ee/courses/tools/imt_sdk_win_64/winavr/bin/../lib/gcc/avr/4.3.3/avr5\libgcc.a(_unpack_sf.o)
 .debug_info    0x00001e35      0x210 d:/me/ee/courses/tools/imt_sdk_win_64/winavr/bin/../lib/gcc/avr/4.3.3/avr5\libgcc.a(_fpcmp_parts_sf.o)
 *(.gnu.linkonce.wi.*)

.debug_abbrev   0x00000000     0x1101
 *(.debug_abbrev)
 .debug_abbrev  0x00000000       0x5d d:/me/ee/courses/tools/imt_sdk_win_64/winavr/bin/../lib/gcc/avr/4.3.3/avr5\libgcc.a(_fixunssfsi.o)
 .debug_abbrev  0x0000005d      0x1ea d:/me/ee/courses/tools/imt_sdk_win_64/winavr/bin/../lib/gcc/avr/4.3.3/avr5\libgcc.a(_addsub_sf.o)
 .debug_abbrev  0x00000247      0x21b d:/me/ee/courses/tools/imt_sdk_win_64/winavr/bin/../lib/gcc/avr/4.3.3/avr5\libgcc.a(_mul_sf.o)
 .debug_abbrev  0x00000462      0x216 d:/me/ee/courses/tools/imt_sdk_win_64/winavr/bin/../lib/gcc/avr/4.3.3/avr5\libgcc.a(_div_sf.o)
 .debug_abbrev  0x00000678      0x15a d:/me/ee/courses/tools/imt_sdk_win_64/winavr/bin/../lib/gcc/avr/4.3.3/avr5\libgcc.a(_gt_sf.o)
 .debug_abbrev  0x000007d2      0x15a d:/me/ee/courses/tools/imt_sdk_win_64/winavr/bin/../lib/gcc/avr/4.3.3/avr5\libgcc.a(_ge_sf.o)
 .debug_abbrev  0x0000092c      0x15a d:/me/ee/courses/tools/imt_sdk_win_64/winavr/bin/../lib/gcc/avr/4.3.3/avr5\libgcc.a(_lt_sf.o)
 .debug_abbrev  0x00000a86      0x17f d:/me/ee/courses/tools/imt_sdk_win_64/winavr/bin/../lib/gcc/avr/4.3.3/avr5\libgcc.a(_sf_to_si.o)
 .debug_abbrev  0x00000c05       0xad d:/me/ee/courses/tools/imt_sdk_win_64/winavr/bin/../lib/gcc/avr/4.3.3/avr5\libgcc.a(_thenan_sf.o)
 .debug_abbrev  0x00000cb2      0x1c0 d:/me/ee/courses/tools/imt_sdk_win_64/winavr/bin/../lib/gcc/avr/4.3.3/avr5\libgcc.a(_pack_sf.o)
 .debug_abbrev  0x00000e72      0x154 d:/me/ee/courses/tools/imt_sdk_win_64/winavr/bin/../lib/gcc/avr/4.3.3/avr5\libgcc.a(_unpack_sf.o)
 .debug_abbrev  0x00000fc6      0x13b d:/me/ee/courses/tools/imt_sdk_win_64/winavr/bin/../lib/gcc/avr/4.3.3/avr5\libgcc.a(_fpcmp_parts_sf.o)

.debug_line     0x00000000      0xf82
 *(.debug_line)
 .debug_line    0x00000000       0xa7 d:/me/ee/courses/tools/imt_sdk_win_64/winavr/bin/../lib/gcc/avr/4.3.3/avr5\libgcc.a(_fixunssfsi.o)
 .debug_line    0x000000a7      0x2af d:/me/ee/courses/tools/imt_sdk_win_64/winavr/bin/../lib/gcc/avr/4.3.3/avr5\libgcc.a(_addsub_sf.o)
 .debug_line    0x00000356      0x239 d:/me/ee/courses/tools/imt_sdk_win_64/winavr/bin/../lib/gcc/avr/4.3.3/avr5\libgcc.a(_mul_sf.o)
 .debug_line    0x0000058f      0x1d5 d:/me/ee/courses/tools/imt_sdk_win_64/winavr/bin/../lib/gcc/avr/4.3.3/avr5\libgcc.a(_div_sf.o)
 .debug_line    0x00000764       0xd3 d:/me/ee/courses/tools/imt_sdk_win_64/winavr/bin/../lib/gcc/avr/4.3.3/avr5\libgcc.a(_gt_sf.o)
 .debug_line    0x00000837       0xd3 d:/me/ee/courses/tools/imt_sdk_win_64/winavr/bin/../lib/gcc/avr/4.3.3/avr5\libgcc.a(_ge_sf.o)
 .debug_line    0x0000090a       0xd3 d:/me/ee/courses/tools/imt_sdk_win_64/winavr/bin/../lib/gcc/avr/4.3.3/avr5\libgcc.a(_lt_sf.o)
 .debug_line    0x000009dd      0x109 d:/me/ee/courses/tools/imt_sdk_win_64/winavr/bin/../lib/gcc/avr/4.3.3/avr5\libgcc.a(_sf_to_si.o)
 .debug_line    0x00000ae6       0x90 d:/me/ee/courses/tools/imt_sdk_win_64/winavr/bin/../lib/gcc/avr/4.3.3/avr5\libgcc.a(_thenan_sf.o)
 .debug_line    0x00000b76      0x18a d:/me/ee/courses/tools/imt_sdk_win_64/winavr/bin/../lib/gcc/avr/4.3.3/avr5\libgcc.a(_pack_sf.o)
 .debug_line    0x00000d00      0x14b d:/me/ee/courses/tools/imt_sdk_win_64/winavr/bin/../lib/gcc/avr/4.3.3/avr5\libgcc.a(_unpack_sf.o)
 .debug_line    0x00000e4b      0x137 d:/me/ee/courses/tools/imt_sdk_win_64/winavr/bin/../lib/gcc/avr/4.3.3/avr5\libgcc.a(_fpcmp_parts_sf.o)

.debug_frame    0x00000000      0x180
 *(.debug_frame)
 .debug_frame   0x00000000       0x20 d:/me/ee/courses/tools/imt_sdk_win_64/winavr/bin/../lib/gcc/avr/4.3.3/avr5\libgcc.a(_fixunssfsi.o)
 .debug_frame   0x00000020       0x40 d:/me/ee/courses/tools/imt_sdk_win_64/winavr/bin/../lib/gcc/avr/4.3.3/avr5\libgcc.a(_addsub_sf.o)
 .debug_frame   0x00000060       0x20 d:/me/ee/courses/tools/imt_sdk_win_64/winavr/bin/../lib/gcc/avr/4.3.3/avr5\libgcc.a(_mul_sf.o)
 .debug_frame   0x00000080       0x20 d:/me/ee/courses/tools/imt_sdk_win_64/winavr/bin/../lib/gcc/avr/4.3.3/avr5\libgcc.a(_div_sf.o)
 .debug_frame   0x000000a0       0x20 d:/me/ee/courses/tools/imt_sdk_win_64/winavr/bin/../lib/gcc/avr/4.3.3/avr5\libgcc.a(_gt_sf.o)
 .debug_frame   0x000000c0       0x20 d:/me/ee/courses/tools/imt_sdk_win_64/winavr/bin/../lib/gcc/avr/4.3.3/avr5\libgcc.a(_ge_sf.o)
 .debug_frame   0x000000e0       0x20 d:/me/ee/courses/tools/imt_sdk_win_64/winavr/bin/../lib/gcc/avr/4.3.3/avr5\libgcc.a(_lt_sf.o)
 .debug_frame   0x00000100       0x20 d:/me/ee/courses/tools/imt_sdk_win_64/winavr/bin/../lib/gcc/avr/4.3.3/avr5\libgcc.a(_sf_to_si.o)
 .debug_frame   0x00000120       0x20 d:/me/ee/courses/tools/imt_sdk_win_64/winavr/bin/../lib/gcc/avr/4.3.3/avr5\libgcc.a(_pack_sf.o)
 .debug_frame   0x00000140       0x20 d:/me/ee/courses/tools/imt_sdk_win_64/winavr/bin/../lib/gcc/avr/4.3.3/avr5\libgcc.a(_unpack_sf.o)
 .debug_frame   0x00000160       0x20 d:/me/ee/courses/tools/imt_sdk_win_64/winavr/bin/../lib/gcc/avr/4.3.3/avr5\libgcc.a(_fpcmp_parts_sf.o)

.debug_str      0x00000000      0x2c2
 *(.debug_str)
 .debug_str     0x00000000       0xbf d:/me/ee/courses/tools/imt_sdk_win_64/winavr/bin/../lib/gcc/avr/4.3.3/avr5\libgcc.a(_fixunssfsi.o)
                                 0xfe (size before relaxing)
 .debug_str     0x000000bf      0x14d d:/me/ee/courses/tools/imt_sdk_win_64/winavr/bin/../lib/gcc/avr/4.3.3/avr5\libgcc.a(_addsub_sf.o)
                                0x206 (size before relaxing)
 .debug_str     0x0000020c       0x27 d:/me/ee/courses/tools/imt_sdk_win_64/winavr/bin/../lib/gcc/avr/4.3.3/avr5\libgcc.a(_mul_sf.o)
                                0x1bf (size before relaxing)
 .debug_str     0x00000233       0x35 d:/me/ee/courses/tools/imt_sdk_win_64/winavr/bin/../lib/gcc/avr/4.3.3/avr5\libgcc.a(_div_sf.o)
                                0x1c8 (size before relaxing)
 .debug_str     0x00000268        0xf d:/me/ee/courses/tools/imt_sdk_win_64/winavr/bin/../lib/gcc/avr/4.3.3/avr5\libgcc.a(_gt_sf.o)
                                0x195 (size before relaxing)
 .debug_str     0x00000277        0x8 d:/me/ee/courses/tools/imt_sdk_win_64/winavr/bin/../lib/gcc/avr/4.3.3/avr5\libgcc.a(_ge_sf.o)
                                0x195 (size before relaxing)
 .debug_str     0x0000027f        0x8 d:/me/ee/courses/tools/imt_sdk_win_64/winavr/bin/../lib/gcc/avr/4.3.3/avr5\libgcc.a(_lt_sf.o)
                                0x195 (size before relaxing)
 .debug_str     0x00000287        0xa d:/me/ee/courses/tools/imt_sdk_win_64/winavr/bin/../lib/gcc/avr/4.3.3/avr5\libgcc.a(_sf_to_si.o)
                                0x19e (size before relaxing)
 .debug_str     0x00000000      0x103 d:/me/ee/courses/tools/imt_sdk_win_64/winavr/bin/../lib/gcc/avr/4.3.3/avr5\libgcc.a(_thenan_sf.o)
 .debug_str     0x00000291       0x16 d:/me/ee/courses/tools/imt_sdk_win_64/winavr/bin/../lib/gcc/avr/4.3.3/avr5\libgcc.a(_pack_sf.o)
                                0x19d (size before relaxing)
 .debug_str     0x000002a7        0xb d:/me/ee/courses/tools/imt_sdk_win_64/winavr/bin/../lib/gcc/avr/4.3.3/avr5\libgcc.a(_unpack_sf.o)
                                0x17f (size before relaxing)
 .debug_str     0x000002b2       0x10 d:/me/ee/courses/tools/imt_sdk_win_64/winavr/bin/../lib/gcc/avr/4.3.3/avr5\libgcc.a(_fpcmp_parts_sf.o)
                                0x163 (size before relaxing)

.debug_loc      0x00000000      0x88e
 *(.debug_loc)
 .debug_loc     0x00000000       0x34 d:/me/ee/courses/tools/imt_sdk_win_64/winavr/bin/../lib/gcc/avr/4.3.3/avr5\libgcc.a(_fixunssfsi.o)
 .debug_loc     0x00000034      0x32a d:/me/ee/courses/tools/imt_sdk_win_64/winavr/bin/../lib/gcc/avr/4.3.3/avr5\libgcc.a(_addsub_sf.o)
 .debug_loc     0x0000035e      0x104 d:/me/ee/courses/tools/imt_sdk_win_64/winavr/bin/../lib/gcc/avr/4.3.3/avr5\libgcc.a(_mul_sf.o)
 .debug_loc     0x00000462       0xc0 d:/me/ee/courses/tools/imt_sdk_win_64/winavr/bin/../lib/gcc/avr/4.3.3/avr5\libgcc.a(_div_sf.o)
 .debug_loc     0x00000522       0x3c d:/me/ee/courses/tools/imt_sdk_win_64/winavr/bin/../lib/gcc/avr/4.3.3/avr5\libgcc.a(_gt_sf.o)
 .debug_loc     0x0000055e       0x3c d:/me/ee/courses/tools/imt_sdk_win_64/winavr/bin/../lib/gcc/avr/4.3.3/avr5\libgcc.a(_ge_sf.o)
 .debug_loc     0x0000059a       0x3c d:/me/ee/courses/tools/imt_sdk_win_64/winavr/bin/../lib/gcc/avr/4.3.3/avr5\libgcc.a(_lt_sf.o)
 .debug_loc     0x000005d6       0x7e d:/me/ee/courses/tools/imt_sdk_win_64/winavr/bin/../lib/gcc/avr/4.3.3/avr5\libgcc.a(_sf_to_si.o)
 .debug_loc     0x00000654      0x13e d:/me/ee/courses/tools/imt_sdk_win_64/winavr/bin/../lib/gcc/avr/4.3.3/avr5\libgcc.a(_pack_sf.o)
 .debug_loc     0x00000792       0xac d:/me/ee/courses/tools/imt_sdk_win_64/winavr/bin/../lib/gcc/avr/4.3.3/avr5\libgcc.a(_unpack_sf.o)
 .debug_loc     0x0000083e       0x50 d:/me/ee/courses/tools/imt_sdk_win_64/winavr/bin/../lib/gcc/avr/4.3.3/avr5\libgcc.a(_fpcmp_parts_sf.o)

.debug_macinfo
 *(.debug_macinfo)
OUTPUT(ATmega32_Drivers.elf elf32-avr)
LOAD linker stubs

.debug_ranges   0x00000000       0x50
 .debug_ranges  0x00000000       0x50 d:/me/ee/courses/tools/imt_sdk_win_64/winavr/bin/../lib/gcc/avr/4.3.3/avr5\libgcc.a(_mul_sf.o)
